<html>
<body>
<pre>
<h1>�Vision Build Log</h1>
<h2>Tool Versions:</h2>
IDE-Version: ��Vision V5.24.2.0
Copyright (C) 2017 ARM Ltd and ARM Germany GmbH. All rights reserved.
License Information: q kkkk, q, LIC=ATTQ1-CSGSE-MMH9I-T5FFD-8PH1M-S4Z9A
 
Tool Versions:
Toolchain:       MDK-ARM Plus  Version: 5.24.1
Toolchain Path:  C:\Keil_v5\ARM\ARMCC\Bin
C Compiler:      Armcc.exe V5.06 update 5 (build 528)
Assembler:       Armasm.exe V5.06 update 5 (build 528)
Linker/Locator:  ArmLink.exe V5.06 update 5 (build 528)
Library Manager: ArmAr.exe V5.06 update 5 (build 528)
Hex Converter:   FromElf.exe V5.06 update 5 (build 528)
CPU DLL:         SARMCM3.DLL V5.24.1
Dialog DLL:      DARMCM1.DLL V1.18.0.0
Target DLL:      Segger\JL2CM3.dll V2.99.26.0
Dialog DLL:      TARMCM1.DLL V1.13.0.0
 
<h2>Project:</h2>
C:\Users\kkkk\Desktop\NWD0618_iap\hc32l17x_Bootloader\project\MDK\boot.uvprojx
Project File Date:  08/09/2024

<h2>Output:</h2>
*** Using Compiler 'V5.06 update 5 (build 528)', folder: 'C:\Keil_v5\ARM\ARMCC\Bin'
Rebuild target 'hc32l17x_boot'
assembling startup_hc32l17x.s...
compiling lpuart.c...
compiling system_hc32l17x.c...
compiling ddl.c...
compiling main.c...
..\source\main.c(226): warning:  #68-D: integer conversion resulted in a change of sign
  			before_F=-1;				
..\source\main.c(301): warning:  #188-D: enumerated type mixed with another type
  	  stcMotorPortCfg.enDrv  = 
ALSE;
..\source\main.c(302): warning:  #188-D: enumerated type mixed with another type
  	  stcMotorPortCfg.enPu  = 
RUE;
..\source\main.c(303): warning:  #188-D: enumerated type mixed with another type
  	  stcMotorPortCfg.enPd  = 
ALSE;	
..\source\main.c(304): warning:  #188-D: enumerated type mixed with another type
  	  stcMotorPortCfg.enOD  = 
ALSE;	
..\source\main.c: 5 warnings, 0 errors
compiling lpm.c...
compiling gpio.c...
compiling uart.c...
compiling iap.c...
..\..\app\iap.c(70): warning:  #188-D: enumerated type mixed with another type
          enRet = Modem_Process();                       //APP程序更新处理
..\..\app\iap.c: 1 warning, 0 errors
compiling flash.c...
compiling interrupts_hc32l17x.c...
compiling sysctrl.c...
compiling modem.c...
..\..\app\modem.c(180): warning:  #177-D: variable "Pdata"  was declared but never referenced
  					  _Packet_UPG_TypeDef *Pdata = (_Packet_UPG_TypeDef *)&u8FrameData[0];
..\..\app\modem.c(223): warning:  #188-D: enumerated type mixed with another type
  	  en_result_t ret = 0;
..\..\app\modem.c: 2 warnings, 0 errors
compiling timer3.c...
linking...
Program Size: Code=7140 RO-data=432 RW-data=140 ZI-data=1764  
FromELF: creating hex file...
After Build - User command #1: fromelf  --bin  -o ./output/release/iap.bin ./output/release/iap.axf
".\output\release\iap.axf" - 0 Error(s), 8 Warning(s).

<h2>Software Packages used:</h2>

Package Vendor: ARM
                http://www.keil.com/pack/ARM.CMSIS.5.0.1.pack
                ARM.CMSIS.5.0.1
                CMSIS (Cortex Microcontroller Software Interface Standard)
   * Component: CORE Version: 5.0.1

Package Vendor: HDSC
                https://raw.githubusercontent.com/hdscmcu/pack/master/HDSC.HC32L17X.1.0.0.pack
                HDSC.HC32L17X.1.0.0
                HC32L17X ARM Cortex-M0+ Device Family Pack

<h2>Collection of Component include folders:</h2>
  .\RTE\_hc32l17x_boot
  C:\Keil_v5\ARM\PACK\ARM\CMSIS\5.0.1\CMSIS\Include
  C:\Keil_v5\ARM\PACK\HDSC\HC32L17x\1.0.0\Device\Include

<h2>Collection of Component Files used:</h2>

   * Component: ARM::CMSIS:CORE:5.0.1
Build Time Elapsed:  00:00:01
</pre>
</body>
</html>
