<!doctype html public "-//w3c//dtd html 4.0 transitional//en">
<html><head>
<title>Static Call Graph - [.\output\release\iap.axf]</title></head>
<body><HR>
<H1>Static Call Graph for image .\output\release\iap.axf</H1><HR>
<BR><P>#&#060CALLGRAPH&#062# ARM Linker, 5060528: Last Updated: Fri Sep 27 18:30:14 2024
<BR><P>
<H3>Maximum Stack Usage =        112 bytes + Unknown(Cycles, Untraceable Function Pointers)</H3><H3>
Call chain for Maximum Stack Depth:</H3>
TIM3_IRQHandler &rArr; Tim3_IRQHandler &rArr; IAP_JumpToApp_cmd &rArr; IAP_JumpToApp &rArr; IAP_ResetConfig &rArr; Flash_Init
<P>
<H3>
Mutually Recursive functions
</H3> <LI><a href="#[1]">NMI_Handler</a>&nbsp;&nbsp;&nbsp;&rArr;&nbsp;&nbsp;&nbsp;<a href="#[1]">NMI_Handler</a><BR>
 <LI><a href="#[3]">SVC_Handler</a>&nbsp;&nbsp;&nbsp;&rArr;&nbsp;&nbsp;&nbsp;<a href="#[3]">SVC_Handler</a><BR>
 <LI><a href="#[4]">PendSV_Handler</a>&nbsp;&nbsp;&nbsp;&rArr;&nbsp;&nbsp;&nbsp;<a href="#[4]">PendSV_Handler</a><BR>
</UL>
<P>
<H3>
Function Pointers
</H3><UL>
 <LI><a href="#[1e]">ADC_DAC_IRQHandler</a> from interrupts_hc32l17x.o(i.ADC_DAC_IRQHandler) referenced from startup_hc32l17x.o(RESET)
 <LI><a href="#[25]">CLKTRIM_IRQHandler</a> from interrupts_hc32l17x.o(i.CLKTRIM_IRQHandler) referenced from startup_hc32l17x.o(RESET)
 <LI><a href="#[a]">DMAC_IRQHandler</a> from interrupts_hc32l17x.o(i.DMAC_IRQHandler) referenced from startup_hc32l17x.o(RESET)
 <LI><a href="#[24]">FLASH_RAM_IRQHandler</a> from interrupts_hc32l17x.o(i.FLASH_RAM_IRQHandler) referenced from startup_hc32l17x.o(RESET)
 <LI><a href="#[2]">HardFault_Handler</a> from interrupts_hc32l17x.o(i.HardFault_Handler) referenced from startup_hc32l17x.o(RESET)
 <LI><a href="#[12]">I2C0_IRQHandler</a> from interrupts_hc32l17x.o(i.I2C0_IRQHandler) referenced from startup_hc32l17x.o(RESET)
 <LI><a href="#[13]">I2C1_IRQHandler</a> from interrupts_hc32l17x.o(i.I2C1_IRQHandler) referenced from startup_hc32l17x.o(RESET)
 <LI><a href="#[23]">LCD_IRQHandler</a> from interrupts_hc32l17x.o(i.LCD_IRQHandler) referenced from startup_hc32l17x.o(RESET)
 <LI><a href="#[17]">LPTIM0_1_IRQHandler</a> from interrupts_hc32l17x.o(i.LPTIM0_1_IRQHandler) referenced from startup_hc32l17x.o(RESET)
 <LI><a href="#[e]">LPUART0_IRQHandler</a> from interrupts_hc32l17x.o(i.LPUART0_IRQHandler) referenced from startup_hc32l17x.o(RESET)
 <LI><a href="#[f]">LPUART1_IRQHandler</a> from interrupts_hc32l17x.o(i.LPUART1_IRQHandler) referenced from startup_hc32l17x.o(RESET)
 <LI><a href="#[22]">LVD_IRQHandler</a> from interrupts_hc32l17x.o(i.LVD_IRQHandler) referenced from startup_hc32l17x.o(RESET)
 <LI><a href="#[1]">NMI_Handler</a> from startup_hc32l17x.o(.text) referenced from startup_hc32l17x.o(RESET)
 <LI><a href="#[1b]">PCA_IRQHandler</a> from interrupts_hc32l17x.o(i.PCA_IRQHandler) referenced from startup_hc32l17x.o(RESET)
 <LI><a href="#[1f]">PCNT_IRQHandler</a> from interrupts_hc32l17x.o(i.PCNT_IRQHandler) referenced from startup_hc32l17x.o(RESET)
 <LI><a href="#[6]">PORTA_IRQHandler</a> from interrupts_hc32l17x.o(i.PORTA_IRQHandler) referenced from startup_hc32l17x.o(RESET)
 <LI><a href="#[7]">PORTB_IRQHandler</a> from interrupts_hc32l17x.o(i.PORTB_IRQHandler) referenced from startup_hc32l17x.o(RESET)
 <LI><a href="#[8]">PORTC_E_IRQHandler</a> from interrupts_hc32l17x.o(i.PORTC_E_IRQHandler) referenced from startup_hc32l17x.o(RESET)
 <LI><a href="#[9]">PORTD_F_IRQHandler</a> from interrupts_hc32l17x.o(i.PORTD_F_IRQHandler) referenced from startup_hc32l17x.o(RESET)
 <LI><a href="#[4]">PendSV_Handler</a> from startup_hc32l17x.o(.text) referenced from startup_hc32l17x.o(RESET)
 <LI><a href="#[1d]">RTC_IRQHandler</a> from interrupts_hc32l17x.o(i.RTC_IRQHandler) referenced from startup_hc32l17x.o(RESET)
 <LI><a href="#[0]">Reset_Handler</a> from startup_hc32l17x.o(.text) referenced from startup_hc32l17x.o(RESET)
 <LI><a href="#[10]">SPI0_IRQHandler</a> from interrupts_hc32l17x.o(i.SPI0_IRQHandler) referenced from startup_hc32l17x.o(RESET)
 <LI><a href="#[11]">SPI1_IRQHandler</a> from interrupts_hc32l17x.o(i.SPI1_IRQHandler) referenced from startup_hc32l17x.o(RESET)
 <LI><a href="#[3]">SVC_Handler</a> from startup_hc32l17x.o(.text) referenced from startup_hc32l17x.o(RESET)
 <LI><a href="#[5]">SysTick_Handler</a> from interrupts_hc32l17x.o(i.SysTick_Handler) referenced from startup_hc32l17x.o(RESET)
 <LI><a href="#[27]">SystemInit</a> from system_hc32l17x.o(i.SystemInit) referenced from startup_hc32l17x.o(.text)
 <LI><a href="#[14]">TIM0_IRQHandler</a> from interrupts_hc32l17x.o(i.TIM0_IRQHandler) referenced from startup_hc32l17x.o(RESET)
 <LI><a href="#[15]">TIM1_IRQHandler</a> from interrupts_hc32l17x.o(i.TIM1_IRQHandler) referenced from startup_hc32l17x.o(RESET)
 <LI><a href="#[16]">TIM2_IRQHandler</a> from interrupts_hc32l17x.o(i.TIM2_IRQHandler) referenced from startup_hc32l17x.o(RESET)
 <LI><a href="#[b]">TIM3_IRQHandler</a> from interrupts_hc32l17x.o(i.TIM3_IRQHandler) referenced from startup_hc32l17x.o(RESET)
 <LI><a href="#[18]">TIM4_IRQHandler</a> from interrupts_hc32l17x.o(i.TIM4_IRQHandler) referenced from startup_hc32l17x.o(RESET)
 <LI><a href="#[19]">TIM5_IRQHandler</a> from interrupts_hc32l17x.o(i.TIM5_IRQHandler) referenced from startup_hc32l17x.o(RESET)
 <LI><a href="#[1a]">TIM6_IRQHandler</a> from interrupts_hc32l17x.o(i.TIM6_IRQHandler) referenced from startup_hc32l17x.o(RESET)
 <LI><a href="#[c]">UART0_2_IRQHandler</a> from interrupts_hc32l17x.o(i.UART0_2_IRQHandler) referenced from startup_hc32l17x.o(RESET)
 <LI><a href="#[d]">UART1_3_IRQHandler</a> from interrupts_hc32l17x.o(i.UART1_3_IRQHandler) referenced from startup_hc32l17x.o(RESET)
 <LI><a href="#[20]">VC0_IRQHandler</a> from interrupts_hc32l17x.o(i.VC0_IRQHandler) referenced from startup_hc32l17x.o(RESET)
 <LI><a href="#[21]">VC1_2_IRQHandler</a> from interrupts_hc32l17x.o(i.VC1_2_IRQHandler) referenced from startup_hc32l17x.o(RESET)
 <LI><a href="#[1c]">WDT_IRQHandler</a> from interrupts_hc32l17x.o(i.WDT_IRQHandler) referenced from startup_hc32l17x.o(RESET)
 <LI><a href="#[28]">__main</a> from entry.o(.ARM.Collect$$$$00000000) referenced from startup_hc32l17x.o(.text)
 <LI><a href="#[26]">main</a> from system_hc32l17x.o(i.$Sub$$main) referenced from entry9a.o(.ARM.Collect$$$$0000000B)
</UL>
<P>
<H3>
Global Symbols
</H3>
<P><STRONG><a name="[28]"></a>__main</STRONG> (Thumb, 0 bytes, Stack size unknown bytes, entry.o(.ARM.Collect$$$$00000000))
<BR>[Address Reference Count : 1]<UL><LI> startup_hc32l17x.o(.text)
</UL>
<P><STRONG><a name="[a4]"></a>_main_stk</STRONG> (Thumb, 0 bytes, Stack size unknown bytes, entry2.o(.ARM.Collect$$$$00000001))

<P><STRONG><a name="[2d]"></a>_main_scatterload</STRONG> (Thumb, 0 bytes, Stack size unknown bytes, entry5.o(.ARM.Collect$$$$00000004))
<BR><BR>[Calls]<UL><LI><a href="#[2e]">&gt;&gt;</a>&nbsp;&nbsp;&nbsp;__scatterload
</UL>

<P><STRONG><a name="[3b]"></a>__main_after_scatterload</STRONG> (Thumb, 0 bytes, Stack size unknown bytes, entry5.o(.ARM.Collect$$$$00000004))
<BR><BR>[Called By]<UL><LI><a href="#[2e]">&gt;&gt;</a>&nbsp;&nbsp;&nbsp;__scatterload
</UL>

<P><STRONG><a name="[a5]"></a>_main_clock</STRONG> (Thumb, 0 bytes, Stack size unknown bytes, entry7b.o(.ARM.Collect$$$$00000008))

<P><STRONG><a name="[a6]"></a>_main_cpp_init</STRONG> (Thumb, 0 bytes, Stack size unknown bytes, entry8b.o(.ARM.Collect$$$$0000000A))

<P><STRONG><a name="[a7]"></a>_main_init</STRONG> (Thumb, 0 bytes, Stack size unknown bytes, entry9a.o(.ARM.Collect$$$$0000000B))

<P><STRONG><a name="[a8]"></a>__rt_final_cpp</STRONG> (Thumb, 0 bytes, Stack size unknown bytes, entry10a.o(.ARM.Collect$$$$0000000D))

<P><STRONG><a name="[a9]"></a>__rt_final_exit</STRONG> (Thumb, 0 bytes, Stack size unknown bytes, entry11a.o(.ARM.Collect$$$$0000000F))

<P><STRONG><a name="[0]"></a>Reset_Handler</STRONG> (Thumb, 26 bytes, Stack size 0 bytes, startup_hc32l17x.o(.text))
<BR>[Address Reference Count : 1]<UL><LI> startup_hc32l17x.o(RESET)
</UL>
<P><STRONG><a name="[1]"></a>NMI_Handler</STRONG> (Thumb, 2 bytes, Stack size 0 bytes, startup_hc32l17x.o(.text))
<BR><BR>[Calls]<UL><LI><a href="#[1]">&gt;&gt;</a>&nbsp;&nbsp;&nbsp;NMI_Handler
</UL>
<BR>[Called By]<UL><LI><a href="#[1]">&gt;&gt;</a>&nbsp;&nbsp;&nbsp;NMI_Handler
</UL>
<BR>[Address Reference Count : 1]<UL><LI> startup_hc32l17x.o(RESET)
</UL>
<P><STRONG><a name="[3]"></a>SVC_Handler</STRONG> (Thumb, 2 bytes, Stack size 0 bytes, startup_hc32l17x.o(.text))
<BR><BR>[Calls]<UL><LI><a href="#[3]">&gt;&gt;</a>&nbsp;&nbsp;&nbsp;SVC_Handler
</UL>
<BR>[Called By]<UL><LI><a href="#[3]">&gt;&gt;</a>&nbsp;&nbsp;&nbsp;SVC_Handler
</UL>
<BR>[Address Reference Count : 1]<UL><LI> startup_hc32l17x.o(RESET)
</UL>
<P><STRONG><a name="[4]"></a>PendSV_Handler</STRONG> (Thumb, 2 bytes, Stack size 0 bytes, startup_hc32l17x.o(.text))
<BR><BR>[Calls]<UL><LI><a href="#[4]">&gt;&gt;</a>&nbsp;&nbsp;&nbsp;PendSV_Handler
</UL>
<BR>[Called By]<UL><LI><a href="#[4]">&gt;&gt;</a>&nbsp;&nbsp;&nbsp;PendSV_Handler
</UL>
<BR>[Address Reference Count : 1]<UL><LI> startup_hc32l17x.o(RESET)
</UL>
<P><STRONG><a name="[aa]"></a>__aeabi_uidiv</STRONG> (Thumb, 0 bytes, Stack size 12 bytes, uidiv.o(.text), UNUSED)

<P><STRONG><a name="[30]"></a>__aeabi_uidivmod</STRONG> (Thumb, 44 bytes, Stack size 12 bytes, uidiv.o(.text))
<BR><BR>[Stack]<UL><LI>Max Depth = 12<LI>Call Chain = __aeabi_uidivmod
</UL>
<BR>[Called By]<UL><LI><a href="#[a1]">&gt;&gt;</a>&nbsp;&nbsp;&nbsp;writeLInt
<LI><a href="#[a2]">&gt;&gt;</a>&nbsp;&nbsp;&nbsp;delay1ms
<LI><a href="#[2f]">&gt;&gt;</a>&nbsp;&nbsp;&nbsp;__aeabi_idivmod
</UL>

<P><STRONG><a name="[ab]"></a>__aeabi_idiv</STRONG> (Thumb, 0 bytes, Stack size 16 bytes, idiv.o(.text), UNUSED)

<P><STRONG><a name="[2f]"></a>__aeabi_idivmod</STRONG> (Thumb, 40 bytes, Stack size 16 bytes, idiv.o(.text))
<BR><BR>[Stack]<UL><LI>Max Depth = 28<LI>Call Chain = __aeabi_idivmod &rArr; __aeabi_uidivmod
</UL>
<BR>[Calls]<UL><LI><a href="#[30]">&gt;&gt;</a>&nbsp;&nbsp;&nbsp;__aeabi_uidivmod
</UL>
<BR>[Called By]<UL><LI><a href="#[2a]">&gt;&gt;</a>&nbsp;&nbsp;&nbsp;Tim3_IRQHandler
</UL>

<P><STRONG><a name="[40]"></a>__aeabi_memcpy</STRONG> (Thumb, 36 bytes, Stack size 0 bytes, memcpya.o(.text))
<BR><BR>[Called By]<UL><LI><a href="#[93]">&gt;&gt;</a>&nbsp;&nbsp;&nbsp;mqtt_send
<LI><a href="#[92]">&gt;&gt;</a>&nbsp;&nbsp;&nbsp;mqtt_mode
<LI><a href="#[90]">&gt;&gt;</a>&nbsp;&nbsp;&nbsp;ctrl
<LI><a href="#[41]">&gt;&gt;</a>&nbsp;&nbsp;&nbsp;AT_T
<LI><a href="#[3f]">&gt;&gt;</a>&nbsp;&nbsp;&nbsp;AT_SS
</UL>

<P><STRONG><a name="[85]"></a>__aeabi_memcpy4</STRONG> (Thumb, 0 bytes, Stack size 0 bytes, memcpya.o(.text))
<BR><BR>[Called By]<UL><LI><a href="#[84]">&gt;&gt;</a>&nbsp;&nbsp;&nbsp;Sysctrl_GetHClkFreq
</UL>

<P><STRONG><a name="[ac]"></a>__aeabi_memcpy8</STRONG> (Thumb, 0 bytes, Stack size 0 bytes, memcpya.o(.text), UNUSED)

<P><STRONG><a name="[32]"></a>__aeabi_memset</STRONG> (Thumb, 14 bytes, Stack size 0 bytes, memseta.o(.text))
<BR><BR>[Called By]<UL><LI><a href="#[33]">&gt;&gt;</a>&nbsp;&nbsp;&nbsp;_memset$wrapper
<LI><a href="#[31]">&gt;&gt;</a>&nbsp;&nbsp;&nbsp;__aeabi_memclr
</UL>

<P><STRONG><a name="[ad]"></a>__aeabi_memset4</STRONG> (Thumb, 0 bytes, Stack size 0 bytes, memseta.o(.text), UNUSED)

<P><STRONG><a name="[ae]"></a>__aeabi_memset8</STRONG> (Thumb, 0 bytes, Stack size 0 bytes, memseta.o(.text), UNUSED)

<P><STRONG><a name="[31]"></a>__aeabi_memclr</STRONG> (Thumb, 4 bytes, Stack size 0 bytes, memseta.o(.text))
<BR><BR>[Calls]<UL><LI><a href="#[32]">&gt;&gt;</a>&nbsp;&nbsp;&nbsp;__aeabi_memset
</UL>
<BR>[Called By]<UL><LI><a href="#[2a]">&gt;&gt;</a>&nbsp;&nbsp;&nbsp;Tim3_IRQHandler
</UL>

<P><STRONG><a name="[5f]"></a>__aeabi_memclr4</STRONG> (Thumb, 0 bytes, Stack size 0 bytes, memseta.o(.text))
<BR><BR>[Called By]<UL><LI><a href="#[5e]">&gt;&gt;</a>&nbsp;&nbsp;&nbsp;Flash_Init
</UL>

<P><STRONG><a name="[af]"></a>__aeabi_memclr8</STRONG> (Thumb, 0 bytes, Stack size 0 bytes, memseta.o(.text), UNUSED)

<P><STRONG><a name="[33]"></a>_memset$wrapper</STRONG> (Thumb, 18 bytes, Stack size 8 bytes, memseta.o(.text), UNUSED)
<BR><BR>[Calls]<UL><LI><a href="#[32]">&gt;&gt;</a>&nbsp;&nbsp;&nbsp;__aeabi_memset
</UL>

<P><STRONG><a name="[74]"></a>__aeabi_uread4</STRONG> (Thumb, 20 bytes, Stack size 0 bytes, uread4.o(.text))
<BR><BR>[Called By]<UL><LI><a href="#[6b]">&gt;&gt;</a>&nbsp;&nbsp;&nbsp;Modem_Process
</UL>

<P><STRONG><a name="[b0]"></a>__rt_uread4</STRONG> (Thumb, 0 bytes, Stack size 0 bytes, uread4.o(.text), UNUSED)

<P><STRONG><a name="[b1]"></a>_uread4</STRONG> (Thumb, 0 bytes, Stack size 0 bytes, uread4.o(.text), UNUSED)

<P><STRONG><a name="[34]"></a>__aeabi_fadd</STRONG> (Thumb, 162 bytes, Stack size 24 bytes, fadd.o(.text))
<BR><BR>[Stack]<UL><LI>Max Depth = 36<LI>Call Chain = __aeabi_fadd &rArr; _float_epilogue
</UL>
<BR>[Calls]<UL><LI><a href="#[36]">&gt;&gt;</a>&nbsp;&nbsp;&nbsp;_float_round
<LI><a href="#[35]">&gt;&gt;</a>&nbsp;&nbsp;&nbsp;_float_epilogue
</UL>
<BR>[Called By]<UL><LI><a href="#[52]">&gt;&gt;</a>&nbsp;&nbsp;&nbsp;Uart_Init
<LI><a href="#[38]">&gt;&gt;</a>&nbsp;&nbsp;&nbsp;__aeabi_frsub
<LI><a href="#[37]">&gt;&gt;</a>&nbsp;&nbsp;&nbsp;__aeabi_fsub
</UL>

<P><STRONG><a name="[37]"></a>__aeabi_fsub</STRONG> (Thumb, 8 bytes, Stack size 0 bytes, fadd.o(.text), UNUSED)
<BR><BR>[Calls]<UL><LI><a href="#[34]">&gt;&gt;</a>&nbsp;&nbsp;&nbsp;__aeabi_fadd
</UL>

<P><STRONG><a name="[38]"></a>__aeabi_frsub</STRONG> (Thumb, 8 bytes, Stack size 0 bytes, fadd.o(.text), UNUSED)
<BR><BR>[Calls]<UL><LI><a href="#[34]">&gt;&gt;</a>&nbsp;&nbsp;&nbsp;__aeabi_fadd
</UL>

<P><STRONG><a name="[39]"></a>__aeabi_fdiv</STRONG> (Thumb, 124 bytes, Stack size 16 bytes, fdiv.o(.text))
<BR><BR>[Stack]<UL><LI>Max Depth = 16<LI>Call Chain = __aeabi_fdiv
</UL>
<BR>[Calls]<UL><LI><a href="#[36]">&gt;&gt;</a>&nbsp;&nbsp;&nbsp;_float_round
</UL>
<BR>[Called By]<UL><LI><a href="#[52]">&gt;&gt;</a>&nbsp;&nbsp;&nbsp;Uart_Init
</UL>

<P><STRONG><a name="[3a]"></a>__aeabi_ui2f</STRONG> (Thumb, 14 bytes, Stack size 8 bytes, ffltui.o(.text))
<BR><BR>[Stack]<UL><LI>Max Depth = 20<LI>Call Chain = __aeabi_ui2f &rArr; _float_epilogue
</UL>
<BR>[Calls]<UL><LI><a href="#[35]">&gt;&gt;</a>&nbsp;&nbsp;&nbsp;_float_epilogue
</UL>
<BR>[Called By]<UL><LI><a href="#[52]">&gt;&gt;</a>&nbsp;&nbsp;&nbsp;Uart_Init
</UL>

<P><STRONG><a name="[9c]"></a>__aeabi_f2uiz</STRONG> (Thumb, 40 bytes, Stack size 0 bytes, ffixui.o(.text))
<BR><BR>[Called By]<UL><LI><a href="#[52]">&gt;&gt;</a>&nbsp;&nbsp;&nbsp;Uart_Init
</UL>

<P><STRONG><a name="[b2]"></a>__I$use$fp</STRONG> (Thumb, 0 bytes, Stack size 0 bytes, iusefp.o(.text), UNUSED)

<P><STRONG><a name="[36]"></a>_float_round</STRONG> (Thumb, 16 bytes, Stack size 0 bytes, fepilogue.o(.text))
<BR><BR>[Called By]<UL><LI><a href="#[39]">&gt;&gt;</a>&nbsp;&nbsp;&nbsp;__aeabi_fdiv
<LI><a href="#[34]">&gt;&gt;</a>&nbsp;&nbsp;&nbsp;__aeabi_fadd
</UL>

<P><STRONG><a name="[35]"></a>_float_epilogue</STRONG> (Thumb, 114 bytes, Stack size 12 bytes, fepilogue.o(.text))
<BR><BR>[Stack]<UL><LI>Max Depth = 12<LI>Call Chain = _float_epilogue
</UL>
<BR>[Called By]<UL><LI><a href="#[3a]">&gt;&gt;</a>&nbsp;&nbsp;&nbsp;__aeabi_ui2f
<LI><a href="#[34]">&gt;&gt;</a>&nbsp;&nbsp;&nbsp;__aeabi_fadd
</UL>

<P><STRONG><a name="[2e]"></a>__scatterload</STRONG> (Thumb, 28 bytes, Stack size 0 bytes, init.o(.text))
<BR><BR>[Calls]<UL><LI><a href="#[3b]">&gt;&gt;</a>&nbsp;&nbsp;&nbsp;__main_after_scatterload
</UL>
<BR>[Called By]<UL><LI><a href="#[2d]">&gt;&gt;</a>&nbsp;&nbsp;&nbsp;_main_scatterload
</UL>

<P><STRONG><a name="[b3]"></a>__scatterload_rt2</STRONG> (Thumb, 0 bytes, Stack size 0 bytes, init.o(.text), UNUSED)

<P><STRONG><a name="[26]"></a>main</STRONG> (Thumb, 14 bytes, Stack size 8 bytes, system_hc32l17x.o(i.$Sub$$main))
<BR><BR>[Stack]<UL><LI>Max Depth = 108<LI>Call Chain = main &rArr; $Super$$main &rArr; App_UartCfg &rArr; Uart_Init &rArr; __aeabi_fadd &rArr; _float_epilogue
</UL>
<BR>[Calls]<UL><LI><a href="#[3c]">&gt;&gt;</a>&nbsp;&nbsp;&nbsp;$Super$$main
<LI><a href="#[27]">&gt;&gt;</a>&nbsp;&nbsp;&nbsp;SystemInit
</UL>
<BR>[Address Reference Count : 1]<UL><LI> entry9a.o(.ARM.Collect$$$$0000000B)
</UL>
<P><STRONG><a name="[1e]"></a>ADC_DAC_IRQHandler</STRONG> (Thumb, 12 bytes, Stack size 8 bytes, interrupts_hc32l17x.o(i.ADC_DAC_IRQHandler))
<BR><BR>[Stack]<UL><LI>Max Depth = 8<LI>Call Chain = ADC_DAC_IRQHandler
</UL>
<BR>[Calls]<UL><LI><a href="#[3e]">&gt;&gt;</a>&nbsp;&nbsp;&nbsp;Dac_IRQHandler (Weak Reference)
<LI><a href="#[3d]">&gt;&gt;</a>&nbsp;&nbsp;&nbsp;Adc_IRQHandler (Weak Reference)
</UL>
<BR>[Address Reference Count : 1]<UL><LI> startup_hc32l17x.o(RESET)
</UL>
<P><STRONG><a name="[3f]"></a>AT_SS</STRONG> (Thumb, 28 bytes, Stack size 16 bytes, main.o(i.AT_SS))
<BR><BR>[Stack]<UL><LI>Max Depth = 16<LI>Call Chain = AT_SS
</UL>
<BR>[Calls]<UL><LI><a href="#[40]">&gt;&gt;</a>&nbsp;&nbsp;&nbsp;__aeabi_memcpy
</UL>
<BR>[Called By]<UL><LI><a href="#[2a]">&gt;&gt;</a>&nbsp;&nbsp;&nbsp;Tim3_IRQHandler
</UL>

<P><STRONG><a name="[41]"></a>AT_T</STRONG> (Thumb, 28 bytes, Stack size 16 bytes, main.o(i.AT_T))
<BR><BR>[Stack]<UL><LI>Max Depth = 16<LI>Call Chain = AT_T
</UL>
<BR>[Calls]<UL><LI><a href="#[40]">&gt;&gt;</a>&nbsp;&nbsp;&nbsp;__aeabi_memcpy
</UL>
<BR>[Called By]<UL><LI><a href="#[2a]">&gt;&gt;</a>&nbsp;&nbsp;&nbsp;Tim3_IRQHandler
</UL>

<P><STRONG><a name="[6c]"></a>App_ClkCfg</STRONG> (Thumb, 90 bytes, Stack size 0 bytes, main.o(i.App_ClkCfg))
<BR><BR>[Called By]<UL><LI><a href="#[3c]">&gt;&gt;</a>&nbsp;&nbsp;&nbsp;$Super$$main
<LI><a href="#[68]">&gt;&gt;</a>&nbsp;&nbsp;&nbsp;IAP_ResetConfig
</UL>

<P><STRONG><a name="[42]"></a>App_LEDPortCfg</STRONG> (Thumb, 82 bytes, Stack size 24 bytes, main.o(i.App_LEDPortCfg))
<BR><BR>[Stack]<UL><LI>Max Depth = 48<LI>Call Chain = App_LEDPortCfg &rArr; Sysctrl_SetPeripheralGate &rArr; SetBit
</UL>
<BR>[Calls]<UL><LI><a href="#[43]">&gt;&gt;</a>&nbsp;&nbsp;&nbsp;ddl_memclr
<LI><a href="#[44]">&gt;&gt;</a>&nbsp;&nbsp;&nbsp;Sysctrl_SetPeripheralGate
<LI><a href="#[46]">&gt;&gt;</a>&nbsp;&nbsp;&nbsp;Gpio_WriteOutputIO
<LI><a href="#[45]">&gt;&gt;</a>&nbsp;&nbsp;&nbsp;Gpio_Init
</UL>
<BR>[Called By]<UL><LI><a href="#[3c]">&gt;&gt;</a>&nbsp;&nbsp;&nbsp;$Super$$main
</UL>

<P><STRONG><a name="[47]"></a>App_PortInit</STRONG> (Thumb, 80 bytes, Stack size 24 bytes, main.o(i.App_PortInit))
<BR><BR>[Stack]<UL><LI>Max Depth = 48<LI>Call Chain = App_PortInit &rArr; Sysctrl_SetPeripheralGate &rArr; SetBit
</UL>
<BR>[Calls]<UL><LI><a href="#[43]">&gt;&gt;</a>&nbsp;&nbsp;&nbsp;ddl_memclr
<LI><a href="#[44]">&gt;&gt;</a>&nbsp;&nbsp;&nbsp;Sysctrl_SetPeripheralGate
<LI><a href="#[48]">&gt;&gt;</a>&nbsp;&nbsp;&nbsp;Gpio_SetAfMode
<LI><a href="#[45]">&gt;&gt;</a>&nbsp;&nbsp;&nbsp;Gpio_Init
</UL>
<BR>[Called By]<UL><LI><a href="#[3c]">&gt;&gt;</a>&nbsp;&nbsp;&nbsp;$Super$$main
</UL>

<P><STRONG><a name="[49]"></a>App_Timer3Cfg</STRONG> (Thumb, 90 bytes, Stack size 24 bytes, main.o(i.App_Timer3Cfg))
<BR><BR>[Stack]<UL><LI>Max Depth = 48<LI>Call Chain = App_Timer3Cfg &rArr; Sysctrl_SetPeripheralGate &rArr; SetBit
</UL>
<BR>[Calls]<UL><LI><a href="#[4a]">&gt;&gt;</a>&nbsp;&nbsp;&nbsp;Tim3_Mode0_Init
<LI><a href="#[4e]">&gt;&gt;</a>&nbsp;&nbsp;&nbsp;Tim3_Mode0_EnableIrq
<LI><a href="#[4c]">&gt;&gt;</a>&nbsp;&nbsp;&nbsp;Tim3_M0_Cnt16Set
<LI><a href="#[4b]">&gt;&gt;</a>&nbsp;&nbsp;&nbsp;Tim3_M0_ARRSet
<LI><a href="#[4d]">&gt;&gt;</a>&nbsp;&nbsp;&nbsp;Tim3_ClearIntFlag
<LI><a href="#[44]">&gt;&gt;</a>&nbsp;&nbsp;&nbsp;Sysctrl_SetPeripheralGate
<LI><a href="#[4f]">&gt;&gt;</a>&nbsp;&nbsp;&nbsp;EnableNvic
</UL>
<BR>[Called By]<UL><LI><a href="#[3c]">&gt;&gt;</a>&nbsp;&nbsp;&nbsp;$Super$$main
</UL>

<P><STRONG><a name="[50]"></a>App_UartCfg</STRONG> (Thumb, 106 bytes, Stack size 24 bytes, main.o(i.App_UartCfg))
<BR><BR>[Stack]<UL><LI>Max Depth = 100<LI>Call Chain = App_UartCfg &rArr; Uart_Init &rArr; __aeabi_fadd &rArr; _float_epilogue
</UL>
<BR>[Calls]<UL><LI><a href="#[43]">&gt;&gt;</a>&nbsp;&nbsp;&nbsp;ddl_memclr
<LI><a href="#[52]">&gt;&gt;</a>&nbsp;&nbsp;&nbsp;Uart_Init
<LI><a href="#[54]">&gt;&gt;</a>&nbsp;&nbsp;&nbsp;Uart_EnableIrq
<LI><a href="#[53]">&gt;&gt;</a>&nbsp;&nbsp;&nbsp;Uart_ClrStatus
<LI><a href="#[44]">&gt;&gt;</a>&nbsp;&nbsp;&nbsp;Sysctrl_SetPeripheralGate
<LI><a href="#[51]">&gt;&gt;</a>&nbsp;&nbsp;&nbsp;Sysctrl_GetPClkFreq
<LI><a href="#[4f]">&gt;&gt;</a>&nbsp;&nbsp;&nbsp;EnableNvic
</UL>
<BR>[Called By]<UL><LI><a href="#[3c]">&gt;&gt;</a>&nbsp;&nbsp;&nbsp;$Super$$main
</UL>

<P><STRONG><a name="[25]"></a>CLKTRIM_IRQHandler</STRONG> (Thumb, 8 bytes, Stack size 8 bytes, interrupts_hc32l17x.o(i.CLKTRIM_IRQHandler))
<BR><BR>[Stack]<UL><LI>Max Depth = 8<LI>Call Chain = CLKTRIM_IRQHandler
</UL>
<BR>[Calls]<UL><LI><a href="#[55]">&gt;&gt;</a>&nbsp;&nbsp;&nbsp;ClkTrim_IRQHandler (Weak Reference)
</UL>
<BR>[Address Reference Count : 1]<UL><LI> startup_hc32l17x.o(RESET)
</UL>
<P><STRONG><a name="[a]"></a>DMAC_IRQHandler</STRONG> (Thumb, 8 bytes, Stack size 8 bytes, interrupts_hc32l17x.o(i.DMAC_IRQHandler))
<BR><BR>[Stack]<UL><LI>Max Depth = 8<LI>Call Chain = DMAC_IRQHandler
</UL>
<BR>[Calls]<UL><LI><a href="#[56]">&gt;&gt;</a>&nbsp;&nbsp;&nbsp;Dmac_IRQHandler (Weak Reference)
</UL>
<BR>[Address Reference Count : 1]<UL><LI> startup_hc32l17x.o(RESET)
</UL>
<P><STRONG><a name="[4f]"></a>EnableNvic</STRONG> (Thumb, 120 bytes, Stack size 16 bytes, interrupts_hc32l17x.o(i.EnableNvic))
<BR><BR>[Stack]<UL><LI>Max Depth = 24<LI>Call Chain = EnableNvic &rArr; __NVIC_SetPriority
</UL>
<BR>[Calls]<UL><LI><a href="#[59]">&gt;&gt;</a>&nbsp;&nbsp;&nbsp;__NVIC_SetPriority
</UL>
<BR>[Called By]<UL><LI><a href="#[50]">&gt;&gt;</a>&nbsp;&nbsp;&nbsp;App_UartCfg
<LI><a href="#[49]">&gt;&gt;</a>&nbsp;&nbsp;&nbsp;App_Timer3Cfg
<LI><a href="#[57]">&gt;&gt;</a>&nbsp;&nbsp;&nbsp;DeinitlpUart
</UL>

<P><STRONG><a name="[24]"></a>FLASH_RAM_IRQHandler</STRONG> (Thumb, 12 bytes, Stack size 8 bytes, interrupts_hc32l17x.o(i.FLASH_RAM_IRQHandler))
<BR><BR>[Stack]<UL><LI>Max Depth = 8<LI>Call Chain = FLASH_RAM_IRQHandler
</UL>
<BR>[Calls]<UL><LI><a href="#[5b]">&gt;&gt;</a>&nbsp;&nbsp;&nbsp;Ram_IRQHandler (Weak Reference)
<LI><a href="#[5a]">&gt;&gt;</a>&nbsp;&nbsp;&nbsp;Flash_IRQHandler (Weak Reference)
</UL>
<BR>[Address Reference Count : 1]<UL><LI> startup_hc32l17x.o(RESET)
</UL>
<P><STRONG><a name="[5c]"></a>FLASH_SectorLockSet</STRONG> (Thumb, 96 bytes, Stack size 24 bytes, modem.o(i.FLASH_SectorLockSet))
<BR><BR>[Stack]<UL><LI>Max Depth = 32<LI>Call Chain = FLASH_SectorLockSet &rArr; Flash_LockSet
</UL>
<BR>[Calls]<UL><LI><a href="#[5d]">&gt;&gt;</a>&nbsp;&nbsp;&nbsp;Flash_LockSet
</UL>
<BR>[Called By]<UL><LI><a href="#[6b]">&gt;&gt;</a>&nbsp;&nbsp;&nbsp;Modem_Process
</UL>

<P><STRONG><a name="[5e]"></a>Flash_Init</STRONG> (Thumb, 222 bytes, Stack size 64 bytes, flash.o(i.Flash_Init))
<BR><BR>[Stack]<UL><LI>Max Depth = 64<LI>Call Chain = Flash_Init
</UL>
<BR>[Calls]<UL><LI><a href="#[5f]">&gt;&gt;</a>&nbsp;&nbsp;&nbsp;__aeabi_memclr4
</UL>
<BR>[Called By]<UL><LI><a href="#[3c]">&gt;&gt;</a>&nbsp;&nbsp;&nbsp;$Super$$main
<LI><a href="#[68]">&gt;&gt;</a>&nbsp;&nbsp;&nbsp;IAP_ResetConfig
<LI><a href="#[6b]">&gt;&gt;</a>&nbsp;&nbsp;&nbsp;Modem_Process
</UL>

<P><STRONG><a name="[6d]"></a>Flash_LockAll</STRONG> (Thumb, 56 bytes, Stack size 0 bytes, flash.o(i.Flash_LockAll))
<BR><BR>[Called By]<UL><LI><a href="#[68]">&gt;&gt;</a>&nbsp;&nbsp;&nbsp;IAP_ResetConfig
<LI><a href="#[6b]">&gt;&gt;</a>&nbsp;&nbsp;&nbsp;Modem_Process
</UL>

<P><STRONG><a name="[5d]"></a>Flash_LockSet</STRONG> (Thumb, 46 bytes, Stack size 8 bytes, flash.o(i.Flash_LockSet))
<BR><BR>[Stack]<UL><LI>Max Depth = 8<LI>Call Chain = Flash_LockSet
</UL>
<BR>[Called By]<UL><LI><a href="#[5c]">&gt;&gt;</a>&nbsp;&nbsp;&nbsp;FLASH_SectorLockSet
</UL>

<P><STRONG><a name="[75]"></a>Flash_OpModeConfig</STRONG> (Thumb, 52 bytes, Stack size 0 bytes, flash.o(i.Flash_OpModeConfig))
<BR><BR>[Called By]<UL><LI><a href="#[6b]">&gt;&gt;</a>&nbsp;&nbsp;&nbsp;Modem_Process
</UL>

<P><STRONG><a name="[76]"></a>Flash_SectorErase</STRONG> (Thumb, 108 bytes, Stack size 8 bytes, flash.o(i.Flash_SectorErase))
<BR><BR>[Stack]<UL><LI>Max Depth = 8<LI>Call Chain = Flash_SectorErase
</UL>
<BR>[Called By]<UL><LI><a href="#[6b]">&gt;&gt;</a>&nbsp;&nbsp;&nbsp;Modem_Process
</UL>

<P><STRONG><a name="[77]"></a>Flash_Write8</STRONG> (Thumb, 144 bytes, Stack size 20 bytes, flash.o(i.Flash_Write8))
<BR><BR>[Stack]<UL><LI>Max Depth = 20<LI>Call Chain = Flash_Write8
</UL>
<BR>[Called By]<UL><LI><a href="#[6b]">&gt;&gt;</a>&nbsp;&nbsp;&nbsp;Modem_Process
</UL>

<P><STRONG><a name="[62]"></a>GetBit</STRONG> (Thumb, 12 bytes, Stack size 0 bytes, ddl.o(i.GetBit))
<BR><BR>[Called By]<UL><LI><a href="#[97]">&gt;&gt;</a>&nbsp;&nbsp;&nbsp;Uart_GetStatus
<LI><a href="#[61]">&gt;&gt;</a>&nbsp;&nbsp;&nbsp;Gpio_ReadOutputIO
</UL>

<P><STRONG><a name="[45]"></a>Gpio_Init</STRONG> (Thumb, 144 bytes, Stack size 16 bytes, gpio.o(i.Gpio_Init))
<BR><BR>[Stack]<UL><LI>Max Depth = 24<LI>Call Chain = Gpio_Init &rArr; SetBit
</UL>
<BR>[Calls]<UL><LI><a href="#[60]">&gt;&gt;</a>&nbsp;&nbsp;&nbsp;SetBit
</UL>
<BR>[Called By]<UL><LI><a href="#[47]">&gt;&gt;</a>&nbsp;&nbsp;&nbsp;App_PortInit
<LI><a href="#[42]">&gt;&gt;</a>&nbsp;&nbsp;&nbsp;App_LEDPortCfg
</UL>

<P><STRONG><a name="[61]"></a>Gpio_ReadOutputIO</STRONG> (Thumb, 18 bytes, Stack size 16 bytes, gpio.o(i.Gpio_ReadOutputIO))
<BR><BR>[Stack]<UL><LI>Max Depth = 16<LI>Call Chain = Gpio_ReadOutputIO
</UL>
<BR>[Calls]<UL><LI><a href="#[62]">&gt;&gt;</a>&nbsp;&nbsp;&nbsp;GetBit
</UL>
<BR>[Called By]<UL><LI><a href="#[6a]">&gt;&gt;</a>&nbsp;&nbsp;&nbsp;IAP_Main
</UL>

<P><STRONG><a name="[48]"></a>Gpio_SetAfMode</STRONG> (Thumb, 16 bytes, Stack size 8 bytes, gpio.o(i.Gpio_SetAfMode))
<BR><BR>[Stack]<UL><LI>Max Depth = 8<LI>Call Chain = Gpio_SetAfMode
</UL>
<BR>[Called By]<UL><LI><a href="#[47]">&gt;&gt;</a>&nbsp;&nbsp;&nbsp;App_PortInit
</UL>

<P><STRONG><a name="[46]"></a>Gpio_WriteOutputIO</STRONG> (Thumb, 24 bytes, Stack size 16 bytes, gpio.o(i.Gpio_WriteOutputIO))
<BR><BR>[Stack]<UL><LI>Max Depth = 24<LI>Call Chain = Gpio_WriteOutputIO &rArr; SetBit
</UL>
<BR>[Calls]<UL><LI><a href="#[60]">&gt;&gt;</a>&nbsp;&nbsp;&nbsp;SetBit
</UL>
<BR>[Called By]<UL><LI><a href="#[6a]">&gt;&gt;</a>&nbsp;&nbsp;&nbsp;IAP_Main
<LI><a href="#[42]">&gt;&gt;</a>&nbsp;&nbsp;&nbsp;App_LEDPortCfg
</UL>

<P><STRONG><a name="[2]"></a>HardFault_Handler</STRONG> (Thumb, 16 bytes, Stack size 8 bytes, interrupts_hc32l17x.o(i.HardFault_Handler))
<BR><BR>[Stack]<UL><LI>Max Depth = 8<LI>Call Chain = HardFault_Handler
</UL>
<BR>[Address Reference Count : 1]<UL><LI> startup_hc32l17x.o(RESET)
</UL>
<P><STRONG><a name="[12]"></a>I2C0_IRQHandler</STRONG> (Thumb, 8 bytes, Stack size 8 bytes, interrupts_hc32l17x.o(i.I2C0_IRQHandler))
<BR><BR>[Stack]<UL><LI>Max Depth = 8<LI>Call Chain = I2C0_IRQHandler
</UL>
<BR>[Calls]<UL><LI><a href="#[63]">&gt;&gt;</a>&nbsp;&nbsp;&nbsp;I2c0_IRQHandler (Weak Reference)
</UL>
<BR>[Address Reference Count : 1]<UL><LI> startup_hc32l17x.o(RESET)
</UL>
<P><STRONG><a name="[13]"></a>I2C1_IRQHandler</STRONG> (Thumb, 8 bytes, Stack size 8 bytes, interrupts_hc32l17x.o(i.I2C1_IRQHandler))
<BR><BR>[Stack]<UL><LI>Max Depth = 8<LI>Call Chain = I2C1_IRQHandler
</UL>
<BR>[Calls]<UL><LI><a href="#[64]">&gt;&gt;</a>&nbsp;&nbsp;&nbsp;I2c1_IRQHandler (Weak Reference)
</UL>
<BR>[Address Reference Count : 1]<UL><LI> startup_hc32l17x.o(RESET)
</UL>
<P><STRONG><a name="[65]"></a>IAP_Init</STRONG> (Thumb, 8 bytes, Stack size 8 bytes, iap.o(i.IAP_Init))
<BR><BR>[Stack]<UL><LI>Max Depth = 8<LI>Call Chain = IAP_Init
</UL>
<BR>[Calls]<UL><LI><a href="#[66]">&gt;&gt;</a>&nbsp;&nbsp;&nbsp;Modem_RamInit
</UL>
<BR>[Called By]<UL><LI><a href="#[3c]">&gt;&gt;</a>&nbsp;&nbsp;&nbsp;$Super$$main
</UL>

<P><STRONG><a name="[69]"></a>IAP_JumpToApp_cmd</STRONG> (Thumb, 12 bytes, Stack size 8 bytes, iap.o(i.IAP_JumpToApp_cmd))
<BR><BR>[Stack]<UL><LI>Max Depth = 96<LI>Call Chain = IAP_JumpToApp_cmd &rArr; IAP_JumpToApp &rArr; IAP_ResetConfig &rArr; Flash_Init
</UL>
<BR>[Calls]<UL><LI><a href="#[67]">&gt;&gt;</a>&nbsp;&nbsp;&nbsp;IAP_JumpToApp
</UL>
<BR>[Called By]<UL><LI><a href="#[2a]">&gt;&gt;</a>&nbsp;&nbsp;&nbsp;Tim3_IRQHandler
</UL>

<P><STRONG><a name="[6a]"></a>IAP_Main</STRONG> (Thumb, 68 bytes, Stack size 0 bytes, iap.o(i.IAP_Main))
<BR><BR>[Stack]<UL><LI>Max Depth = 88<LI>Call Chain = IAP_Main &rArr; IAP_JumpToApp &rArr; IAP_ResetConfig &rArr; Flash_Init
</UL>
<BR>[Calls]<UL><LI><a href="#[46]">&gt;&gt;</a>&nbsp;&nbsp;&nbsp;Gpio_WriteOutputIO
<LI><a href="#[61]">&gt;&gt;</a>&nbsp;&nbsp;&nbsp;Gpio_ReadOutputIO
<LI><a href="#[67]">&gt;&gt;</a>&nbsp;&nbsp;&nbsp;IAP_JumpToApp
<LI><a href="#[6b]">&gt;&gt;</a>&nbsp;&nbsp;&nbsp;Modem_Process
</UL>
<BR>[Called By]<UL><LI><a href="#[3c]">&gt;&gt;</a>&nbsp;&nbsp;&nbsp;$Super$$main
</UL>

<P><STRONG><a name="[6e]"></a>IAP_UpdateCheck</STRONG> (Thumb, 24 bytes, Stack size 8 bytes, iap.o(i.IAP_UpdateCheck))
<BR><BR>[Stack]<UL><LI>Max Depth = 96<LI>Call Chain = IAP_UpdateCheck &rArr; IAP_JumpToApp &rArr; IAP_ResetConfig &rArr; Flash_Init
</UL>
<BR>[Calls]<UL><LI><a href="#[67]">&gt;&gt;</a>&nbsp;&nbsp;&nbsp;IAP_JumpToApp
</UL>
<BR>[Called By]<UL><LI><a href="#[3c]">&gt;&gt;</a>&nbsp;&nbsp;&nbsp;$Super$$main
</UL>

<P><STRONG><a name="[23]"></a>LCD_IRQHandler</STRONG> (Thumb, 8 bytes, Stack size 8 bytes, interrupts_hc32l17x.o(i.LCD_IRQHandler))
<BR><BR>[Stack]<UL><LI>Max Depth = 8<LI>Call Chain = LCD_IRQHandler
</UL>
<BR>[Calls]<UL><LI><a href="#[6f]">&gt;&gt;</a>&nbsp;&nbsp;&nbsp;Lcd_IRQHandler (Weak Reference)
</UL>
<BR>[Address Reference Count : 1]<UL><LI> startup_hc32l17x.o(RESET)
</UL>
<P><STRONG><a name="[17]"></a>LPTIM0_1_IRQHandler</STRONG> (Thumb, 12 bytes, Stack size 8 bytes, interrupts_hc32l17x.o(i.LPTIM0_1_IRQHandler))
<BR><BR>[Stack]<UL><LI>Max Depth = 8<LI>Call Chain = LPTIM0_1_IRQHandler
</UL>
<BR>[Calls]<UL><LI><a href="#[71]">&gt;&gt;</a>&nbsp;&nbsp;&nbsp;LpTim1_IRQHandler (Weak Reference)
<LI><a href="#[70]">&gt;&gt;</a>&nbsp;&nbsp;&nbsp;LpTim0_IRQHandler (Weak Reference)
</UL>
<BR>[Address Reference Count : 1]<UL><LI> startup_hc32l17x.o(RESET)
</UL>
<P><STRONG><a name="[e]"></a>LPUART0_IRQHandler</STRONG> (Thumb, 8 bytes, Stack size 8 bytes, interrupts_hc32l17x.o(i.LPUART0_IRQHandler))
<BR><BR>[Stack]<UL><LI>Max Depth = 8<LI>Call Chain = LPUART0_IRQHandler
</UL>
<BR>[Calls]<UL><LI><a href="#[72]">&gt;&gt;</a>&nbsp;&nbsp;&nbsp;LpUart0_IRQHandler (Weak Reference)
</UL>
<BR>[Address Reference Count : 1]<UL><LI> startup_hc32l17x.o(RESET)
</UL>
<P><STRONG><a name="[f]"></a>LPUART1_IRQHandler</STRONG> (Thumb, 8 bytes, Stack size 8 bytes, interrupts_hc32l17x.o(i.LPUART1_IRQHandler))
<BR><BR>[Stack]<UL><LI>Max Depth = 8<LI>Call Chain = LPUART1_IRQHandler
</UL>
<BR>[Calls]<UL><LI><a href="#[29]">&gt;&gt;</a>&nbsp;&nbsp;&nbsp;LpUart1_IRQHandler
</UL>
<BR>[Address Reference Count : 1]<UL><LI> startup_hc32l17x.o(RESET)
</UL>
<P><STRONG><a name="[22]"></a>LVD_IRQHandler</STRONG> (Thumb, 8 bytes, Stack size 8 bytes, interrupts_hc32l17x.o(i.LVD_IRQHandler))
<BR><BR>[Stack]<UL><LI>Max Depth = 8<LI>Call Chain = LVD_IRQHandler
</UL>
<BR>[Calls]<UL><LI><a href="#[73]">&gt;&gt;</a>&nbsp;&nbsp;&nbsp;Lvd_IRQHandler (Weak Reference)
</UL>
<BR>[Address Reference Count : 1]<UL><LI> startup_hc32l17x.o(RESET)
</UL>
<P><STRONG><a name="[29]"></a>LpUart1_IRQHandler</STRONG> (Thumb, 4 bytes, Stack size 0 bytes, interrupts_hc32l17x.o(i.LpUart1_IRQHandler))
<BR><BR>[Called By]<UL><LI><a href="#[f]">&gt;&gt;</a>&nbsp;&nbsp;&nbsp;LPUART1_IRQHandler
</UL>

<P><STRONG><a name="[6b]"></a>Modem_Process</STRONG> (Thumb, 230 bytes, Stack size 24 bytes, modem.o(i.Modem_Process))
<BR><BR>[Stack]<UL><LI>Max Depth = 88<LI>Call Chain = Modem_Process &rArr; Flash_Init
</UL>
<BR>[Calls]<UL><LI><a href="#[77]">&gt;&gt;</a>&nbsp;&nbsp;&nbsp;Flash_Write8
<LI><a href="#[76]">&gt;&gt;</a>&nbsp;&nbsp;&nbsp;Flash_SectorErase
<LI><a href="#[75]">&gt;&gt;</a>&nbsp;&nbsp;&nbsp;Flash_OpModeConfig
<LI><a href="#[6d]">&gt;&gt;</a>&nbsp;&nbsp;&nbsp;Flash_LockAll
<LI><a href="#[5e]">&gt;&gt;</a>&nbsp;&nbsp;&nbsp;Flash_Init
<LI><a href="#[74]">&gt;&gt;</a>&nbsp;&nbsp;&nbsp;__aeabi_uread4
<LI><a href="#[5c]">&gt;&gt;</a>&nbsp;&nbsp;&nbsp;FLASH_SectorLockSet
</UL>
<BR>[Called By]<UL><LI><a href="#[6a]">&gt;&gt;</a>&nbsp;&nbsp;&nbsp;IAP_Main
</UL>

<P><STRONG><a name="[66]"></a>Modem_RamInit</STRONG> (Thumb, 54 bytes, Stack size 0 bytes, modem.o(i.Modem_RamInit))
<BR><BR>[Called By]<UL><LI><a href="#[65]">&gt;&gt;</a>&nbsp;&nbsp;&nbsp;IAP_Init
</UL>

<P><STRONG><a name="[1b]"></a>PCA_IRQHandler</STRONG> (Thumb, 8 bytes, Stack size 8 bytes, interrupts_hc32l17x.o(i.PCA_IRQHandler))
<BR><BR>[Stack]<UL><LI>Max Depth = 8<LI>Call Chain = PCA_IRQHandler
</UL>
<BR>[Calls]<UL><LI><a href="#[78]">&gt;&gt;</a>&nbsp;&nbsp;&nbsp;Pca_IRQHandler (Weak Reference)
</UL>
<BR>[Address Reference Count : 1]<UL><LI> startup_hc32l17x.o(RESET)
</UL>
<P><STRONG><a name="[1f]"></a>PCNT_IRQHandler</STRONG> (Thumb, 8 bytes, Stack size 8 bytes, interrupts_hc32l17x.o(i.PCNT_IRQHandler))
<BR><BR>[Stack]<UL><LI>Max Depth = 8<LI>Call Chain = PCNT_IRQHandler
</UL>
<BR>[Calls]<UL><LI><a href="#[79]">&gt;&gt;</a>&nbsp;&nbsp;&nbsp;Pcnt_IRQHandler (Weak Reference)
</UL>
<BR>[Address Reference Count : 1]<UL><LI> startup_hc32l17x.o(RESET)
</UL>
<P><STRONG><a name="[6]"></a>PORTA_IRQHandler</STRONG> (Thumb, 8 bytes, Stack size 8 bytes, interrupts_hc32l17x.o(i.PORTA_IRQHandler))
<BR><BR>[Stack]<UL><LI>Max Depth = 8<LI>Call Chain = PORTA_IRQHandler
</UL>
<BR>[Calls]<UL><LI><a href="#[7a]">&gt;&gt;</a>&nbsp;&nbsp;&nbsp;PortA_IRQHandler (Weak Reference)
</UL>
<BR>[Address Reference Count : 1]<UL><LI> startup_hc32l17x.o(RESET)
</UL>
<P><STRONG><a name="[7]"></a>PORTB_IRQHandler</STRONG> (Thumb, 8 bytes, Stack size 8 bytes, interrupts_hc32l17x.o(i.PORTB_IRQHandler))
<BR><BR>[Stack]<UL><LI>Max Depth = 8<LI>Call Chain = PORTB_IRQHandler
</UL>
<BR>[Calls]<UL><LI><a href="#[7b]">&gt;&gt;</a>&nbsp;&nbsp;&nbsp;PortB_IRQHandler (Weak Reference)
</UL>
<BR>[Address Reference Count : 1]<UL><LI> startup_hc32l17x.o(RESET)
</UL>
<P><STRONG><a name="[8]"></a>PORTC_E_IRQHandler</STRONG> (Thumb, 12 bytes, Stack size 8 bytes, interrupts_hc32l17x.o(i.PORTC_E_IRQHandler))
<BR><BR>[Stack]<UL><LI>Max Depth = 8<LI>Call Chain = PORTC_E_IRQHandler
</UL>
<BR>[Calls]<UL><LI><a href="#[7d]">&gt;&gt;</a>&nbsp;&nbsp;&nbsp;PortE_IRQHandler (Weak Reference)
<LI><a href="#[7c]">&gt;&gt;</a>&nbsp;&nbsp;&nbsp;PortC_IRQHandler (Weak Reference)
</UL>
<BR>[Address Reference Count : 1]<UL><LI> startup_hc32l17x.o(RESET)
</UL>
<P><STRONG><a name="[9]"></a>PORTD_F_IRQHandler</STRONG> (Thumb, 12 bytes, Stack size 8 bytes, interrupts_hc32l17x.o(i.PORTD_F_IRQHandler))
<BR><BR>[Stack]<UL><LI>Max Depth = 8<LI>Call Chain = PORTD_F_IRQHandler
</UL>
<BR>[Calls]<UL><LI><a href="#[7f]">&gt;&gt;</a>&nbsp;&nbsp;&nbsp;PortF_IRQHandler (Weak Reference)
<LI><a href="#[7e]">&gt;&gt;</a>&nbsp;&nbsp;&nbsp;PortD_IRQHandler (Weak Reference)
</UL>
<BR>[Address Reference Count : 1]<UL><LI> startup_hc32l17x.o(RESET)
</UL>
<P><STRONG><a name="[1d]"></a>RTC_IRQHandler</STRONG> (Thumb, 8 bytes, Stack size 8 bytes, interrupts_hc32l17x.o(i.RTC_IRQHandler))
<BR><BR>[Stack]<UL><LI>Max Depth = 8<LI>Call Chain = RTC_IRQHandler
</UL>
<BR>[Calls]<UL><LI><a href="#[80]">&gt;&gt;</a>&nbsp;&nbsp;&nbsp;Rtc_IRQHandler (Weak Reference)
</UL>
<BR>[Address Reference Count : 1]<UL><LI> startup_hc32l17x.o(RESET)
</UL>
<P><STRONG><a name="[10]"></a>SPI0_IRQHandler</STRONG> (Thumb, 8 bytes, Stack size 8 bytes, interrupts_hc32l17x.o(i.SPI0_IRQHandler))
<BR><BR>[Stack]<UL><LI>Max Depth = 8<LI>Call Chain = SPI0_IRQHandler
</UL>
<BR>[Calls]<UL><LI><a href="#[81]">&gt;&gt;</a>&nbsp;&nbsp;&nbsp;Spi0_IRQHandler (Weak Reference)
</UL>
<BR>[Address Reference Count : 1]<UL><LI> startup_hc32l17x.o(RESET)
</UL>
<P><STRONG><a name="[11]"></a>SPI1_IRQHandler</STRONG> (Thumb, 8 bytes, Stack size 8 bytes, interrupts_hc32l17x.o(i.SPI1_IRQHandler))
<BR><BR>[Stack]<UL><LI>Max Depth = 8<LI>Call Chain = SPI1_IRQHandler
</UL>
<BR>[Calls]<UL><LI><a href="#[82]">&gt;&gt;</a>&nbsp;&nbsp;&nbsp;Spi1_IRQHandler (Weak Reference)
</UL>
<BR>[Address Reference Count : 1]<UL><LI> startup_hc32l17x.o(RESET)
</UL>
<P><STRONG><a name="[60]"></a>SetBit</STRONG> (Thumb, 30 bytes, Stack size 8 bytes, ddl.o(i.SetBit))
<BR><BR>[Stack]<UL><LI>Max Depth = 8<LI>Call Chain = SetBit
</UL>
<BR>[Called By]<UL><LI><a href="#[54]">&gt;&gt;</a>&nbsp;&nbsp;&nbsp;Uart_EnableIrq
<LI><a href="#[53]">&gt;&gt;</a>&nbsp;&nbsp;&nbsp;Uart_ClrStatus
<LI><a href="#[44]">&gt;&gt;</a>&nbsp;&nbsp;&nbsp;Sysctrl_SetPeripheralGate
<LI><a href="#[46]">&gt;&gt;</a>&nbsp;&nbsp;&nbsp;Gpio_WriteOutputIO
<LI><a href="#[45]">&gt;&gt;</a>&nbsp;&nbsp;&nbsp;Gpio_Init
<LI><a href="#[9b]">&gt;&gt;</a>&nbsp;&nbsp;&nbsp;Uart_EnableFunc
<LI><a href="#[58]">&gt;&gt;</a>&nbsp;&nbsp;&nbsp;Uart_DisableIrq
</UL>

<P><STRONG><a name="[5]"></a>SysTick_Handler</STRONG> (Thumb, 8 bytes, Stack size 8 bytes, interrupts_hc32l17x.o(i.SysTick_Handler))
<BR><BR>[Stack]<UL><LI>Max Depth = 8<LI>Call Chain = SysTick_Handler
</UL>
<BR>[Calls]<UL><LI><a href="#[83]">&gt;&gt;</a>&nbsp;&nbsp;&nbsp;SysTick_IRQHandler (Weak Reference)
</UL>
<BR>[Address Reference Count : 1]<UL><LI> startup_hc32l17x.o(RESET)
</UL>
<P><STRONG><a name="[84]"></a>Sysctrl_GetHClkFreq</STRONG> (Thumb, 354 bytes, Stack size 48 bytes, sysctrl.o(i.Sysctrl_GetHClkFreq))
<BR><BR>[Stack]<UL><LI>Max Depth = 56<LI>Call Chain = Sysctrl_GetHClkFreq &rArr; __ARM_common_switch8
</UL>
<BR>[Calls]<UL><LI><a href="#[86]">&gt;&gt;</a>&nbsp;&nbsp;&nbsp;__ARM_common_switch8
<LI><a href="#[85]">&gt;&gt;</a>&nbsp;&nbsp;&nbsp;__aeabi_memcpy4
</UL>
<BR>[Called By]<UL><LI><a href="#[51]">&gt;&gt;</a>&nbsp;&nbsp;&nbsp;Sysctrl_GetPClkFreq
<LI><a href="#[87]">&gt;&gt;</a>&nbsp;&nbsp;&nbsp;SystemCoreClockUpdate
</UL>

<P><STRONG><a name="[51]"></a>Sysctrl_GetPClkFreq</STRONG> (Thumb, 28 bytes, Stack size 8 bytes, sysctrl.o(i.Sysctrl_GetPClkFreq))
<BR><BR>[Stack]<UL><LI>Max Depth = 64<LI>Call Chain = Sysctrl_GetPClkFreq &rArr; Sysctrl_GetHClkFreq &rArr; __ARM_common_switch8
</UL>
<BR>[Calls]<UL><LI><a href="#[84]">&gt;&gt;</a>&nbsp;&nbsp;&nbsp;Sysctrl_GetHClkFreq
</UL>
<BR>[Called By]<UL><LI><a href="#[50]">&gt;&gt;</a>&nbsp;&nbsp;&nbsp;App_UartCfg
</UL>

<P><STRONG><a name="[44]"></a>Sysctrl_SetPeripheralGate</STRONG> (Thumb, 72 bytes, Stack size 16 bytes, sysctrl.o(i.Sysctrl_SetPeripheralGate))
<BR><BR>[Stack]<UL><LI>Max Depth = 24<LI>Call Chain = Sysctrl_SetPeripheralGate &rArr; SetBit
</UL>
<BR>[Calls]<UL><LI><a href="#[60]">&gt;&gt;</a>&nbsp;&nbsp;&nbsp;SetBit
</UL>
<BR>[Called By]<UL><LI><a href="#[50]">&gt;&gt;</a>&nbsp;&nbsp;&nbsp;App_UartCfg
<LI><a href="#[49]">&gt;&gt;</a>&nbsp;&nbsp;&nbsp;App_Timer3Cfg
<LI><a href="#[47]">&gt;&gt;</a>&nbsp;&nbsp;&nbsp;App_PortInit
<LI><a href="#[42]">&gt;&gt;</a>&nbsp;&nbsp;&nbsp;App_LEDPortCfg
<LI><a href="#[57]">&gt;&gt;</a>&nbsp;&nbsp;&nbsp;DeinitlpUart
</UL>

<P><STRONG><a name="[87]"></a>SystemCoreClockUpdate</STRONG> (Thumb, 12 bytes, Stack size 8 bytes, system_hc32l17x.o(i.SystemCoreClockUpdate))
<BR><BR>[Stack]<UL><LI>Max Depth = 64<LI>Call Chain = SystemCoreClockUpdate &rArr; Sysctrl_GetHClkFreq &rArr; __ARM_common_switch8
</UL>
<BR>[Calls]<UL><LI><a href="#[84]">&gt;&gt;</a>&nbsp;&nbsp;&nbsp;Sysctrl_GetHClkFreq
</UL>
<BR>[Called By]<UL><LI><a href="#[27]">&gt;&gt;</a>&nbsp;&nbsp;&nbsp;SystemInit
</UL>

<P><STRONG><a name="[27]"></a>SystemInit</STRONG> (Thumb, 56 bytes, Stack size 8 bytes, system_hc32l17x.o(i.SystemInit))
<BR><BR>[Stack]<UL><LI>Max Depth = 72<LI>Call Chain = SystemInit &rArr; SystemCoreClockUpdate &rArr; Sysctrl_GetHClkFreq &rArr; __ARM_common_switch8
</UL>
<BR>[Calls]<UL><LI><a href="#[87]">&gt;&gt;</a>&nbsp;&nbsp;&nbsp;SystemCoreClockUpdate
<LI><a href="#[88]">&gt;&gt;</a>&nbsp;&nbsp;&nbsp;_InitHidePin
</UL>
<BR>[Called By]<UL><LI><a href="#[26]">&gt;&gt;</a>&nbsp;&nbsp;&nbsp;main
</UL>
<BR>[Address Reference Count : 1]<UL><LI> startup_hc32l17x.o(.text)
</UL>
<P><STRONG><a name="[14]"></a>TIM0_IRQHandler</STRONG> (Thumb, 8 bytes, Stack size 8 bytes, interrupts_hc32l17x.o(i.TIM0_IRQHandler))
<BR><BR>[Stack]<UL><LI>Max Depth = 8<LI>Call Chain = TIM0_IRQHandler
</UL>
<BR>[Calls]<UL><LI><a href="#[89]">&gt;&gt;</a>&nbsp;&nbsp;&nbsp;Tim0_IRQHandler (Weak Reference)
</UL>
<BR>[Address Reference Count : 1]<UL><LI> startup_hc32l17x.o(RESET)
</UL>
<P><STRONG><a name="[15]"></a>TIM1_IRQHandler</STRONG> (Thumb, 8 bytes, Stack size 8 bytes, interrupts_hc32l17x.o(i.TIM1_IRQHandler))
<BR><BR>[Stack]<UL><LI>Max Depth = 8<LI>Call Chain = TIM1_IRQHandler
</UL>
<BR>[Calls]<UL><LI><a href="#[8a]">&gt;&gt;</a>&nbsp;&nbsp;&nbsp;Tim1_IRQHandler (Weak Reference)
</UL>
<BR>[Address Reference Count : 1]<UL><LI> startup_hc32l17x.o(RESET)
</UL>
<P><STRONG><a name="[16]"></a>TIM2_IRQHandler</STRONG> (Thumb, 8 bytes, Stack size 8 bytes, interrupts_hc32l17x.o(i.TIM2_IRQHandler))
<BR><BR>[Stack]<UL><LI>Max Depth = 8<LI>Call Chain = TIM2_IRQHandler
</UL>
<BR>[Calls]<UL><LI><a href="#[8b]">&gt;&gt;</a>&nbsp;&nbsp;&nbsp;Tim2_IRQHandler (Weak Reference)
</UL>
<BR>[Address Reference Count : 1]<UL><LI> startup_hc32l17x.o(RESET)
</UL>
<P><STRONG><a name="[b]"></a>TIM3_IRQHandler</STRONG> (Thumb, 8 bytes, Stack size 8 bytes, interrupts_hc32l17x.o(i.TIM3_IRQHandler))
<BR><BR>[Stack]<UL><LI>Max Depth = 112<LI>Call Chain = TIM3_IRQHandler &rArr; Tim3_IRQHandler &rArr; IAP_JumpToApp_cmd &rArr; IAP_JumpToApp &rArr; IAP_ResetConfig &rArr; Flash_Init
</UL>
<BR>[Calls]<UL><LI><a href="#[2a]">&gt;&gt;</a>&nbsp;&nbsp;&nbsp;Tim3_IRQHandler
</UL>
<BR>[Address Reference Count : 1]<UL><LI> startup_hc32l17x.o(RESET)
</UL>
<P><STRONG><a name="[18]"></a>TIM4_IRQHandler</STRONG> (Thumb, 8 bytes, Stack size 8 bytes, interrupts_hc32l17x.o(i.TIM4_IRQHandler))
<BR><BR>[Stack]<UL><LI>Max Depth = 8<LI>Call Chain = TIM4_IRQHandler
</UL>
<BR>[Calls]<UL><LI><a href="#[8c]">&gt;&gt;</a>&nbsp;&nbsp;&nbsp;Tim4_IRQHandler (Weak Reference)
</UL>
<BR>[Address Reference Count : 1]<UL><LI> startup_hc32l17x.o(RESET)
</UL>
<P><STRONG><a name="[19]"></a>TIM5_IRQHandler</STRONG> (Thumb, 8 bytes, Stack size 8 bytes, interrupts_hc32l17x.o(i.TIM5_IRQHandler))
<BR><BR>[Stack]<UL><LI>Max Depth = 8<LI>Call Chain = TIM5_IRQHandler
</UL>
<BR>[Calls]<UL><LI><a href="#[8d]">&gt;&gt;</a>&nbsp;&nbsp;&nbsp;Tim5_IRQHandler (Weak Reference)
</UL>
<BR>[Address Reference Count : 1]<UL><LI> startup_hc32l17x.o(RESET)
</UL>
<P><STRONG><a name="[1a]"></a>TIM6_IRQHandler</STRONG> (Thumb, 8 bytes, Stack size 8 bytes, interrupts_hc32l17x.o(i.TIM6_IRQHandler))
<BR><BR>[Stack]<UL><LI>Max Depth = 8<LI>Call Chain = TIM6_IRQHandler
</UL>
<BR>[Calls]<UL><LI><a href="#[8e]">&gt;&gt;</a>&nbsp;&nbsp;&nbsp;Tim6_IRQHandler (Weak Reference)
</UL>
<BR>[Address Reference Count : 1]<UL><LI> startup_hc32l17x.o(RESET)
</UL>
<P><STRONG><a name="[4d]"></a>Tim3_ClearIntFlag</STRONG> (Thumb, 16 bytes, Stack size 0 bytes, timer3.o(i.Tim3_ClearIntFlag))
<BR><BR>[Called By]<UL><LI><a href="#[49]">&gt;&gt;</a>&nbsp;&nbsp;&nbsp;App_Timer3Cfg
<LI><a href="#[2a]">&gt;&gt;</a>&nbsp;&nbsp;&nbsp;Tim3_IRQHandler
</UL>

<P><STRONG><a name="[8f]"></a>Tim3_GetIntFlag</STRONG> (Thumb, 18 bytes, Stack size 0 bytes, timer3.o(i.Tim3_GetIntFlag))
<BR><BR>[Called By]<UL><LI><a href="#[2a]">&gt;&gt;</a>&nbsp;&nbsp;&nbsp;Tim3_IRQHandler
</UL>

<P><STRONG><a name="[2a]"></a>Tim3_IRQHandler</STRONG> (Thumb, 596 bytes, Stack size 8 bytes, main.o(i.Tim3_IRQHandler))
<BR><BR>[Stack]<UL><LI>Max Depth = 104<LI>Call Chain = Tim3_IRQHandler &rArr; IAP_JumpToApp_cmd &rArr; IAP_JumpToApp &rArr; IAP_ResetConfig &rArr; Flash_Init
</UL>
<BR>[Calls]<UL><LI><a href="#[91]">&gt;&gt;</a>&nbsp;&nbsp;&nbsp;Uart_SendDataIt
<LI><a href="#[8f]">&gt;&gt;</a>&nbsp;&nbsp;&nbsp;Tim3_GetIntFlag
<LI><a href="#[4d]">&gt;&gt;</a>&nbsp;&nbsp;&nbsp;Tim3_ClearIntFlag
<LI><a href="#[69]">&gt;&gt;</a>&nbsp;&nbsp;&nbsp;IAP_JumpToApp_cmd
<LI><a href="#[93]">&gt;&gt;</a>&nbsp;&nbsp;&nbsp;mqtt_send
<LI><a href="#[92]">&gt;&gt;</a>&nbsp;&nbsp;&nbsp;mqtt_mode
<LI><a href="#[90]">&gt;&gt;</a>&nbsp;&nbsp;&nbsp;ctrl
<LI><a href="#[41]">&gt;&gt;</a>&nbsp;&nbsp;&nbsp;AT_T
<LI><a href="#[3f]">&gt;&gt;</a>&nbsp;&nbsp;&nbsp;AT_SS
<LI><a href="#[31]">&gt;&gt;</a>&nbsp;&nbsp;&nbsp;__aeabi_memclr
<LI><a href="#[2f]">&gt;&gt;</a>&nbsp;&nbsp;&nbsp;__aeabi_idivmod
</UL>
<BR>[Called By]<UL><LI><a href="#[b]">&gt;&gt;</a>&nbsp;&nbsp;&nbsp;TIM3_IRQHandler
</UL>

<P><STRONG><a name="[4b]"></a>Tim3_M0_ARRSet</STRONG> (Thumb, 22 bytes, Stack size 0 bytes, timer3.o(i.Tim3_M0_ARRSet))
<BR><BR>[Called By]<UL><LI><a href="#[49]">&gt;&gt;</a>&nbsp;&nbsp;&nbsp;App_Timer3Cfg
</UL>

<P><STRONG><a name="[4c]"></a>Tim3_M0_Cnt16Set</STRONG> (Thumb, 22 bytes, Stack size 0 bytes, timer3.o(i.Tim3_M0_Cnt16Set))
<BR><BR>[Called By]<UL><LI><a href="#[49]">&gt;&gt;</a>&nbsp;&nbsp;&nbsp;App_Timer3Cfg
</UL>

<P><STRONG><a name="[a3]"></a>Tim3_M0_Run</STRONG> (Thumb, 18 bytes, Stack size 0 bytes, timer3.o(i.Tim3_M0_Run))
<BR><BR>[Called By]<UL><LI><a href="#[3c]">&gt;&gt;</a>&nbsp;&nbsp;&nbsp;$Super$$main
</UL>

<P><STRONG><a name="[4e]"></a>Tim3_Mode0_EnableIrq</STRONG> (Thumb, 20 bytes, Stack size 0 bytes, timer3.o(i.Tim3_Mode0_EnableIrq))
<BR><BR>[Called By]<UL><LI><a href="#[49]">&gt;&gt;</a>&nbsp;&nbsp;&nbsp;App_Timer3Cfg
</UL>

<P><STRONG><a name="[4a]"></a>Tim3_Mode0_Init</STRONG> (Thumb, 168 bytes, Stack size 8 bytes, timer3.o(i.Tim3_Mode0_Init))
<BR><BR>[Stack]<UL><LI>Max Depth = 8<LI>Call Chain = Tim3_Mode0_Init
</UL>
<BR>[Called By]<UL><LI><a href="#[49]">&gt;&gt;</a>&nbsp;&nbsp;&nbsp;App_Timer3Cfg
</UL>

<P><STRONG><a name="[2c]"></a>Tim_IRQHandler</STRONG> (Thumb, 2 bytes, Stack size 0 bytes, modem.o(i.Tim_IRQHandler), UNUSED, KEPT)

<P><STRONG><a name="[c]"></a>UART0_2_IRQHandler</STRONG> (Thumb, 12 bytes, Stack size 8 bytes, interrupts_hc32l17x.o(i.UART0_2_IRQHandler))
<BR><BR>[Stack]<UL><LI>Max Depth = 40<LI>Call Chain = UART0_2_IRQHandler &rArr; Uart0_IRQHandler &rArr; Uart_ClrStatus &rArr; SetBit
</UL>
<BR>[Calls]<UL><LI><a href="#[94]">&gt;&gt;</a>&nbsp;&nbsp;&nbsp;Uart2_IRQHandler (Weak Reference)
<LI><a href="#[2b]">&gt;&gt;</a>&nbsp;&nbsp;&nbsp;Uart0_IRQHandler
</UL>
<BR>[Address Reference Count : 1]<UL><LI> startup_hc32l17x.o(RESET)
</UL>
<P><STRONG><a name="[d]"></a>UART1_3_IRQHandler</STRONG> (Thumb, 12 bytes, Stack size 8 bytes, interrupts_hc32l17x.o(i.UART1_3_IRQHandler))
<BR><BR>[Stack]<UL><LI>Max Depth = 8<LI>Call Chain = UART1_3_IRQHandler
</UL>
<BR>[Calls]<UL><LI><a href="#[96]">&gt;&gt;</a>&nbsp;&nbsp;&nbsp;Uart3_IRQHandler (Weak Reference)
<LI><a href="#[95]">&gt;&gt;</a>&nbsp;&nbsp;&nbsp;Uart1_IRQHandler (Weak Reference)
</UL>
<BR>[Address Reference Count : 1]<UL><LI> startup_hc32l17x.o(RESET)
</UL>
<P><STRONG><a name="[2b]"></a>Uart0_IRQHandler</STRONG> (Thumb, 604 bytes, Stack size 8 bytes, modem.o(i.Uart0_IRQHandler))
<BR><BR>[Stack]<UL><LI>Max Depth = 32<LI>Call Chain = Uart0_IRQHandler &rArr; Uart_ClrStatus &rArr; SetBit
</UL>
<BR>[Calls]<UL><LI><a href="#[53]">&gt;&gt;</a>&nbsp;&nbsp;&nbsp;Uart_ClrStatus
<LI><a href="#[98]">&gt;&gt;</a>&nbsp;&nbsp;&nbsp;Uart_ReceiveData
<LI><a href="#[97]">&gt;&gt;</a>&nbsp;&nbsp;&nbsp;Uart_GetStatus
<LI><a href="#[99]">&gt;&gt;</a>&nbsp;&nbsp;&nbsp;cover
<LI><a href="#[9a]">&gt;&gt;</a>&nbsp;&nbsp;&nbsp;crc16Algorithm
</UL>
<BR>[Called By]<UL><LI><a href="#[c]">&gt;&gt;</a>&nbsp;&nbsp;&nbsp;UART0_2_IRQHandler
</UL>

<P><STRONG><a name="[53]"></a>Uart_ClrStatus</STRONG> (Thumb, 22 bytes, Stack size 16 bytes, uart.o(i.Uart_ClrStatus))
<BR><BR>[Stack]<UL><LI>Max Depth = 24<LI>Call Chain = Uart_ClrStatus &rArr; SetBit
</UL>
<BR>[Calls]<UL><LI><a href="#[60]">&gt;&gt;</a>&nbsp;&nbsp;&nbsp;SetBit
</UL>
<BR>[Called By]<UL><LI><a href="#[50]">&gt;&gt;</a>&nbsp;&nbsp;&nbsp;App_UartCfg
<LI><a href="#[2b]">&gt;&gt;</a>&nbsp;&nbsp;&nbsp;Uart0_IRQHandler
<LI><a href="#[57]">&gt;&gt;</a>&nbsp;&nbsp;&nbsp;DeinitlpUart
</UL>

<P><STRONG><a name="[58]"></a>Uart_DisableIrq</STRONG> (Thumb, 20 bytes, Stack size 16 bytes, uart.o(i.Uart_DisableIrq))
<BR><BR>[Stack]<UL><LI>Max Depth = 24<LI>Call Chain = Uart_DisableIrq &rArr; SetBit
</UL>
<BR>[Calls]<UL><LI><a href="#[60]">&gt;&gt;</a>&nbsp;&nbsp;&nbsp;SetBit
</UL>
<BR>[Called By]<UL><LI><a href="#[57]">&gt;&gt;</a>&nbsp;&nbsp;&nbsp;DeinitlpUart
</UL>

<P><STRONG><a name="[9b]"></a>Uart_EnableFunc</STRONG> (Thumb, 20 bytes, Stack size 16 bytes, uart.o(i.Uart_EnableFunc))
<BR><BR>[Stack]<UL><LI>Max Depth = 24<LI>Call Chain = Uart_EnableFunc &rArr; SetBit
</UL>
<BR>[Calls]<UL><LI><a href="#[60]">&gt;&gt;</a>&nbsp;&nbsp;&nbsp;SetBit
</UL>
<BR>[Called By]<UL><LI><a href="#[52]">&gt;&gt;</a>&nbsp;&nbsp;&nbsp;Uart_Init
</UL>

<P><STRONG><a name="[54]"></a>Uart_EnableIrq</STRONG> (Thumb, 20 bytes, Stack size 16 bytes, uart.o(i.Uart_EnableIrq))
<BR><BR>[Stack]<UL><LI>Max Depth = 24<LI>Call Chain = Uart_EnableIrq &rArr; SetBit
</UL>
<BR>[Calls]<UL><LI><a href="#[60]">&gt;&gt;</a>&nbsp;&nbsp;&nbsp;SetBit
</UL>
<BR>[Called By]<UL><LI><a href="#[50]">&gt;&gt;</a>&nbsp;&nbsp;&nbsp;App_UartCfg
</UL>

<P><STRONG><a name="[97]"></a>Uart_GetStatus</STRONG> (Thumb, 24 bytes, Stack size 16 bytes, uart.o(i.Uart_GetStatus))
<BR><BR>[Stack]<UL><LI>Max Depth = 16<LI>Call Chain = Uart_GetStatus
</UL>
<BR>[Calls]<UL><LI><a href="#[62]">&gt;&gt;</a>&nbsp;&nbsp;&nbsp;GetBit
</UL>
<BR>[Called By]<UL><LI><a href="#[2b]">&gt;&gt;</a>&nbsp;&nbsp;&nbsp;Uart0_IRQHandler
</UL>

<P><STRONG><a name="[52]"></a>Uart_Init</STRONG> (Thumb, 144 bytes, Stack size 40 bytes, uart.o(i.Uart_Init))
<BR><BR>[Stack]<UL><LI>Max Depth = 76<LI>Call Chain = Uart_Init &rArr; __aeabi_fadd &rArr; _float_epilogue
</UL>
<BR>[Calls]<UL><LI><a href="#[9b]">&gt;&gt;</a>&nbsp;&nbsp;&nbsp;Uart_EnableFunc
<LI><a href="#[3a]">&gt;&gt;</a>&nbsp;&nbsp;&nbsp;__aeabi_ui2f
<LI><a href="#[39]">&gt;&gt;</a>&nbsp;&nbsp;&nbsp;__aeabi_fdiv
<LI><a href="#[34]">&gt;&gt;</a>&nbsp;&nbsp;&nbsp;__aeabi_fadd
<LI><a href="#[9c]">&gt;&gt;</a>&nbsp;&nbsp;&nbsp;__aeabi_f2uiz
</UL>
<BR>[Called By]<UL><LI><a href="#[50]">&gt;&gt;</a>&nbsp;&nbsp;&nbsp;App_UartCfg
</UL>

<P><STRONG><a name="[98]"></a>Uart_ReceiveData</STRONG> (Thumb, 8 bytes, Stack size 0 bytes, uart.o(i.Uart_ReceiveData))
<BR><BR>[Called By]<UL><LI><a href="#[2b]">&gt;&gt;</a>&nbsp;&nbsp;&nbsp;Uart0_IRQHandler
</UL>

<P><STRONG><a name="[91]"></a>Uart_SendDataIt</STRONG> (Thumb, 18 bytes, Stack size 0 bytes, uart.o(i.Uart_SendDataIt))
<BR><BR>[Called By]<UL><LI><a href="#[2a]">&gt;&gt;</a>&nbsp;&nbsp;&nbsp;Tim3_IRQHandler
</UL>

<P><STRONG><a name="[20]"></a>VC0_IRQHandler</STRONG> (Thumb, 8 bytes, Stack size 8 bytes, interrupts_hc32l17x.o(i.VC0_IRQHandler))
<BR><BR>[Stack]<UL><LI>Max Depth = 8<LI>Call Chain = VC0_IRQHandler
</UL>
<BR>[Calls]<UL><LI><a href="#[9d]">&gt;&gt;</a>&nbsp;&nbsp;&nbsp;Vc0_IRQHandler (Weak Reference)
</UL>
<BR>[Address Reference Count : 1]<UL><LI> startup_hc32l17x.o(RESET)
</UL>
<P><STRONG><a name="[21]"></a>VC1_2_IRQHandler</STRONG> (Thumb, 12 bytes, Stack size 8 bytes, interrupts_hc32l17x.o(i.VC1_2_IRQHandler))
<BR><BR>[Stack]<UL><LI>Max Depth = 8<LI>Call Chain = VC1_2_IRQHandler
</UL>
<BR>[Calls]<UL><LI><a href="#[9f]">&gt;&gt;</a>&nbsp;&nbsp;&nbsp;Vc2_IRQHandler (Weak Reference)
<LI><a href="#[9e]">&gt;&gt;</a>&nbsp;&nbsp;&nbsp;Vc1_IRQHandler (Weak Reference)
</UL>
<BR>[Address Reference Count : 1]<UL><LI> startup_hc32l17x.o(RESET)
</UL>
<P><STRONG><a name="[1c]"></a>WDT_IRQHandler</STRONG> (Thumb, 8 bytes, Stack size 8 bytes, interrupts_hc32l17x.o(i.WDT_IRQHandler))
<BR><BR>[Stack]<UL><LI>Max Depth = 8<LI>Call Chain = WDT_IRQHandler
</UL>
<BR>[Calls]<UL><LI><a href="#[a0]">&gt;&gt;</a>&nbsp;&nbsp;&nbsp;Wdt_IRQHandler (Weak Reference)
</UL>
<BR>[Address Reference Count : 1]<UL><LI> startup_hc32l17x.o(RESET)
</UL>
<P><STRONG><a name="[86]"></a>__ARM_common_switch8</STRONG> (Thumb, 28 bytes, Stack size 8 bytes, timer3.o(i.__ARM_common_switch8))
<BR><BR>[Stack]<UL><LI>Max Depth = 8<LI>Call Chain = __ARM_common_switch8
</UL>
<BR>[Called By]<UL><LI><a href="#[84]">&gt;&gt;</a>&nbsp;&nbsp;&nbsp;Sysctrl_GetHClkFreq
</UL>

<P><STRONG><a name="[b4]"></a>__scatterload_copy</STRONG> (Thumb, 14 bytes, Stack size unknown bytes, handlers.o(i.__scatterload_copy), UNUSED)

<P><STRONG><a name="[b5]"></a>__scatterload_null</STRONG> (Thumb, 2 bytes, Stack size unknown bytes, handlers.o(i.__scatterload_null), UNUSED)

<P><STRONG><a name="[b6]"></a>__scatterload_zeroinit</STRONG> (Thumb, 14 bytes, Stack size unknown bytes, handlers.o(i.__scatterload_zeroinit), UNUSED)

<P><STRONG><a name="[99]"></a>cover</STRONG> (Thumb, 38 bytes, Stack size 0 bytes, modem.o(i.cover))
<BR><BR>[Called By]<UL><LI><a href="#[2b]">&gt;&gt;</a>&nbsp;&nbsp;&nbsp;Uart0_IRQHandler
</UL>

<P><STRONG><a name="[90]"></a>ctrl</STRONG> (Thumb, 64 bytes, Stack size 24 bytes, main.o(i.ctrl))
<BR><BR>[Stack]<UL><LI>Max Depth = 52<LI>Call Chain = ctrl &rArr; writeLInt &rArr; __aeabi_uidivmod
</UL>
<BR>[Calls]<UL><LI><a href="#[a1]">&gt;&gt;</a>&nbsp;&nbsp;&nbsp;writeLInt
<LI><a href="#[40]">&gt;&gt;</a>&nbsp;&nbsp;&nbsp;__aeabi_memcpy
</UL>
<BR>[Called By]<UL><LI><a href="#[2a]">&gt;&gt;</a>&nbsp;&nbsp;&nbsp;Tim3_IRQHandler
</UL>

<P><STRONG><a name="[43]"></a>ddl_memclr</STRONG> (Thumb, 32 bytes, Stack size 8 bytes, ddl.o(i.ddl_memclr))
<BR><BR>[Stack]<UL><LI>Max Depth = 8<LI>Call Chain = ddl_memclr
</UL>
<BR>[Called By]<UL><LI><a href="#[50]">&gt;&gt;</a>&nbsp;&nbsp;&nbsp;App_UartCfg
<LI><a href="#[47]">&gt;&gt;</a>&nbsp;&nbsp;&nbsp;App_PortInit
<LI><a href="#[42]">&gt;&gt;</a>&nbsp;&nbsp;&nbsp;App_LEDPortCfg
<LI><a href="#[57]">&gt;&gt;</a>&nbsp;&nbsp;&nbsp;DeinitlpUart
</UL>

<P><STRONG><a name="[a2]"></a>delay1ms</STRONG> (Thumb, 76 bytes, Stack size 16 bytes, ddl.o(i.delay1ms))
<BR><BR>[Stack]<UL><LI>Max Depth = 28<LI>Call Chain = delay1ms &rArr; __aeabi_uidivmod
</UL>
<BR>[Calls]<UL><LI><a href="#[30]">&gt;&gt;</a>&nbsp;&nbsp;&nbsp;__aeabi_uidivmod
</UL>
<BR>[Called By]<UL><LI><a href="#[3c]">&gt;&gt;</a>&nbsp;&nbsp;&nbsp;$Super$$main
</UL>

<P><STRONG><a name="[3c]"></a>$Super$$main</STRONG> (Thumb, 88 bytes, Stack size 0 bytes, main.o(i.main))
<BR><BR>[Stack]<UL><LI>Max Depth = 100<LI>Call Chain = $Super$$main &rArr; App_UartCfg &rArr; Uart_Init &rArr; __aeabi_fadd &rArr; _float_epilogue
</UL>
<BR>[Calls]<UL><LI><a href="#[a2]">&gt;&gt;</a>&nbsp;&nbsp;&nbsp;delay1ms
<LI><a href="#[a3]">&gt;&gt;</a>&nbsp;&nbsp;&nbsp;Tim3_M0_Run
<LI><a href="#[6e]">&gt;&gt;</a>&nbsp;&nbsp;&nbsp;IAP_UpdateCheck
<LI><a href="#[6a]">&gt;&gt;</a>&nbsp;&nbsp;&nbsp;IAP_Main
<LI><a href="#[65]">&gt;&gt;</a>&nbsp;&nbsp;&nbsp;IAP_Init
<LI><a href="#[5e]">&gt;&gt;</a>&nbsp;&nbsp;&nbsp;Flash_Init
<LI><a href="#[50]">&gt;&gt;</a>&nbsp;&nbsp;&nbsp;App_UartCfg
<LI><a href="#[49]">&gt;&gt;</a>&nbsp;&nbsp;&nbsp;App_Timer3Cfg
<LI><a href="#[47]">&gt;&gt;</a>&nbsp;&nbsp;&nbsp;App_PortInit
<LI><a href="#[42]">&gt;&gt;</a>&nbsp;&nbsp;&nbsp;App_LEDPortCfg
<LI><a href="#[6c]">&gt;&gt;</a>&nbsp;&nbsp;&nbsp;App_ClkCfg
</UL>
<BR>[Called By]<UL><LI><a href="#[26]">&gt;&gt;</a>&nbsp;&nbsp;&nbsp;main
</UL>

<P><STRONG><a name="[92]"></a>mqtt_mode</STRONG> (Thumb, 28 bytes, Stack size 16 bytes, main.o(i.mqtt_mode))
<BR><BR>[Stack]<UL><LI>Max Depth = 16<LI>Call Chain = mqtt_mode
</UL>
<BR>[Calls]<UL><LI><a href="#[40]">&gt;&gt;</a>&nbsp;&nbsp;&nbsp;__aeabi_memcpy
</UL>
<BR>[Called By]<UL><LI><a href="#[2a]">&gt;&gt;</a>&nbsp;&nbsp;&nbsp;Tim3_IRQHandler
</UL>

<P><STRONG><a name="[93]"></a>mqtt_send</STRONG> (Thumb, 28 bytes, Stack size 16 bytes, main.o(i.mqtt_send))
<BR><BR>[Stack]<UL><LI>Max Depth = 16<LI>Call Chain = mqtt_send
</UL>
<BR>[Calls]<UL><LI><a href="#[40]">&gt;&gt;</a>&nbsp;&nbsp;&nbsp;__aeabi_memcpy
</UL>
<BR>[Called By]<UL><LI><a href="#[2a]">&gt;&gt;</a>&nbsp;&nbsp;&nbsp;Tim3_IRQHandler
</UL>

<P><STRONG><a name="[a1]"></a>writeLInt</STRONG> (Thumb, 280 bytes, Stack size 16 bytes, modem.o(i.writeLInt))
<BR><BR>[Stack]<UL><LI>Max Depth = 28<LI>Call Chain = writeLInt &rArr; __aeabi_uidivmod
</UL>
<BR>[Calls]<UL><LI><a href="#[30]">&gt;&gt;</a>&nbsp;&nbsp;&nbsp;__aeabi_uidivmod
</UL>
<BR>[Called By]<UL><LI><a href="#[90]">&gt;&gt;</a>&nbsp;&nbsp;&nbsp;ctrl
</UL>
<P>
<H3>
Local Symbols
</H3>
<P><STRONG><a name="[59]"></a>__NVIC_SetPriority</STRONG> (Thumb, 110 bytes, Stack size 8 bytes, interrupts_hc32l17x.o(i.__NVIC_SetPriority))
<BR><BR>[Stack]<UL><LI>Max Depth = 8<LI>Call Chain = __NVIC_SetPriority
</UL>
<BR>[Called By]<UL><LI><a href="#[4f]">&gt;&gt;</a>&nbsp;&nbsp;&nbsp;EnableNvic
</UL>

<P><STRONG><a name="[88]"></a>_InitHidePin</STRONG> (Thumb, 190 bytes, Stack size 0 bytes, system_hc32l17x.o(i._InitHidePin))
<BR><BR>[Called By]<UL><LI><a href="#[27]">&gt;&gt;</a>&nbsp;&nbsp;&nbsp;SystemInit
</UL>

<P><STRONG><a name="[9a]"></a>crc16Algorithm</STRONG> (Thumb, 62 bytes, Stack size 16 bytes, modem.o(i.crc16Algorithm))
<BR><BR>[Stack]<UL><LI>Max Depth = 16<LI>Call Chain = crc16Algorithm
</UL>
<BR>[Called By]<UL><LI><a href="#[2b]">&gt;&gt;</a>&nbsp;&nbsp;&nbsp;Uart0_IRQHandler
</UL>

<P><STRONG><a name="[57]"></a>DeinitlpUart</STRONG> (Thumb, 50 bytes, Stack size 24 bytes, iap.o(i.DeinitlpUart))
<BR><BR>[Stack]<UL><LI>Max Depth = 48<LI>Call Chain = DeinitlpUart &rArr; Uart_ClrStatus &rArr; SetBit
</UL>
<BR>[Calls]<UL><LI><a href="#[43]">&gt;&gt;</a>&nbsp;&nbsp;&nbsp;ddl_memclr
<LI><a href="#[53]">&gt;&gt;</a>&nbsp;&nbsp;&nbsp;Uart_ClrStatus
<LI><a href="#[44]">&gt;&gt;</a>&nbsp;&nbsp;&nbsp;Sysctrl_SetPeripheralGate
<LI><a href="#[4f]">&gt;&gt;</a>&nbsp;&nbsp;&nbsp;EnableNvic
<LI><a href="#[58]">&gt;&gt;</a>&nbsp;&nbsp;&nbsp;Uart_DisableIrq
</UL>
<BR>[Called By]<UL><LI><a href="#[68]">&gt;&gt;</a>&nbsp;&nbsp;&nbsp;IAP_ResetConfig
</UL>

<P><STRONG><a name="[67]"></a>IAP_JumpToApp</STRONG> (Thumb, 56 bytes, Stack size 16 bytes, iap.o(i.IAP_JumpToApp))
<BR><BR>[Stack]<UL><LI>Max Depth = 88<LI>Call Chain = IAP_JumpToApp &rArr; IAP_ResetConfig &rArr; Flash_Init
</UL>
<BR>[Calls]<UL><LI><a href="#[68]">&gt;&gt;</a>&nbsp;&nbsp;&nbsp;IAP_ResetConfig
</UL>
<BR>[Called By]<UL><LI><a href="#[6e]">&gt;&gt;</a>&nbsp;&nbsp;&nbsp;IAP_UpdateCheck
<LI><a href="#[6a]">&gt;&gt;</a>&nbsp;&nbsp;&nbsp;IAP_Main
<LI><a href="#[69]">&gt;&gt;</a>&nbsp;&nbsp;&nbsp;IAP_JumpToApp_cmd
</UL>

<P><STRONG><a name="[68]"></a>IAP_ResetConfig</STRONG> (Thumb, 24 bytes, Stack size 8 bytes, iap.o(i.IAP_ResetConfig))
<BR><BR>[Stack]<UL><LI>Max Depth = 72<LI>Call Chain = IAP_ResetConfig &rArr; Flash_Init
</UL>
<BR>[Calls]<UL><LI><a href="#[6d]">&gt;&gt;</a>&nbsp;&nbsp;&nbsp;Flash_LockAll
<LI><a href="#[5e]">&gt;&gt;</a>&nbsp;&nbsp;&nbsp;Flash_Init
<LI><a href="#[6c]">&gt;&gt;</a>&nbsp;&nbsp;&nbsp;App_ClkCfg
<LI><a href="#[57]">&gt;&gt;</a>&nbsp;&nbsp;&nbsp;DeinitlpUart
</UL>
<BR>[Called By]<UL><LI><a href="#[67]">&gt;&gt;</a>&nbsp;&nbsp;&nbsp;IAP_JumpToApp
</UL>
<P>
<H3>
Undefined Global Symbols
</H3>
<P><STRONG><a name="[3d]"></a>Adc_IRQHandler</STRONG> (ARM, 0 bytes, Stack size 0 bytes, UNDEFINED)
<BR><BR>[Called By]<UL><LI><a href="#[1e]">&gt;&gt;</a>&nbsp;&nbsp;&nbsp;ADC_DAC_IRQHandler
</UL>

<P><STRONG><a name="[55]"></a>ClkTrim_IRQHandler</STRONG> (ARM, 0 bytes, Stack size 0 bytes, UNDEFINED)
<BR><BR>[Called By]<UL><LI><a href="#[25]">&gt;&gt;</a>&nbsp;&nbsp;&nbsp;CLKTRIM_IRQHandler
</UL>

<P><STRONG><a name="[3e]"></a>Dac_IRQHandler</STRONG> (ARM, 0 bytes, Stack size 0 bytes, UNDEFINED)
<BR><BR>[Called By]<UL><LI><a href="#[1e]">&gt;&gt;</a>&nbsp;&nbsp;&nbsp;ADC_DAC_IRQHandler
</UL>

<P><STRONG><a name="[56]"></a>Dmac_IRQHandler</STRONG> (ARM, 0 bytes, Stack size 0 bytes, UNDEFINED)
<BR><BR>[Called By]<UL><LI><a href="#[a]">&gt;&gt;</a>&nbsp;&nbsp;&nbsp;DMAC_IRQHandler
</UL>

<P><STRONG><a name="[5a]"></a>Flash_IRQHandler</STRONG> (ARM, 0 bytes, Stack size 0 bytes, UNDEFINED)
<BR><BR>[Called By]<UL><LI><a href="#[24]">&gt;&gt;</a>&nbsp;&nbsp;&nbsp;FLASH_RAM_IRQHandler
</UL>

<P><STRONG><a name="[63]"></a>I2c0_IRQHandler</STRONG> (ARM, 0 bytes, Stack size 0 bytes, UNDEFINED)
<BR><BR>[Called By]<UL><LI><a href="#[12]">&gt;&gt;</a>&nbsp;&nbsp;&nbsp;I2C0_IRQHandler
</UL>

<P><STRONG><a name="[64]"></a>I2c1_IRQHandler</STRONG> (ARM, 0 bytes, Stack size 0 bytes, UNDEFINED)
<BR><BR>[Called By]<UL><LI><a href="#[13]">&gt;&gt;</a>&nbsp;&nbsp;&nbsp;I2C1_IRQHandler
</UL>

<P><STRONG><a name="[6f]"></a>Lcd_IRQHandler</STRONG> (ARM, 0 bytes, Stack size 0 bytes, UNDEFINED)
<BR><BR>[Called By]<UL><LI><a href="#[23]">&gt;&gt;</a>&nbsp;&nbsp;&nbsp;LCD_IRQHandler
</UL>

<P><STRONG><a name="[70]"></a>LpTim0_IRQHandler</STRONG> (ARM, 0 bytes, Stack size 0 bytes, UNDEFINED)
<BR><BR>[Called By]<UL><LI><a href="#[17]">&gt;&gt;</a>&nbsp;&nbsp;&nbsp;LPTIM0_1_IRQHandler
</UL>

<P><STRONG><a name="[71]"></a>LpTim1_IRQHandler</STRONG> (ARM, 0 bytes, Stack size 0 bytes, UNDEFINED)
<BR><BR>[Called By]<UL><LI><a href="#[17]">&gt;&gt;</a>&nbsp;&nbsp;&nbsp;LPTIM0_1_IRQHandler
</UL>

<P><STRONG><a name="[72]"></a>LpUart0_IRQHandler</STRONG> (ARM, 0 bytes, Stack size 0 bytes, UNDEFINED)
<BR><BR>[Called By]<UL><LI><a href="#[e]">&gt;&gt;</a>&nbsp;&nbsp;&nbsp;LPUART0_IRQHandler
</UL>

<P><STRONG><a name="[73]"></a>Lvd_IRQHandler</STRONG> (ARM, 0 bytes, Stack size 0 bytes, UNDEFINED)
<BR><BR>[Called By]<UL><LI><a href="#[22]">&gt;&gt;</a>&nbsp;&nbsp;&nbsp;LVD_IRQHandler
</UL>

<P><STRONG><a name="[78]"></a>Pca_IRQHandler</STRONG> (ARM, 0 bytes, Stack size 0 bytes, UNDEFINED)
<BR><BR>[Called By]<UL><LI><a href="#[1b]">&gt;&gt;</a>&nbsp;&nbsp;&nbsp;PCA_IRQHandler
</UL>

<P><STRONG><a name="[79]"></a>Pcnt_IRQHandler</STRONG> (ARM, 0 bytes, Stack size 0 bytes, UNDEFINED)
<BR><BR>[Called By]<UL><LI><a href="#[1f]">&gt;&gt;</a>&nbsp;&nbsp;&nbsp;PCNT_IRQHandler
</UL>

<P><STRONG><a name="[7a]"></a>PortA_IRQHandler</STRONG> (ARM, 0 bytes, Stack size 0 bytes, UNDEFINED)
<BR><BR>[Called By]<UL><LI><a href="#[6]">&gt;&gt;</a>&nbsp;&nbsp;&nbsp;PORTA_IRQHandler
</UL>

<P><STRONG><a name="[7b]"></a>PortB_IRQHandler</STRONG> (ARM, 0 bytes, Stack size 0 bytes, UNDEFINED)
<BR><BR>[Called By]<UL><LI><a href="#[7]">&gt;&gt;</a>&nbsp;&nbsp;&nbsp;PORTB_IRQHandler
</UL>

<P><STRONG><a name="[7c]"></a>PortC_IRQHandler</STRONG> (ARM, 0 bytes, Stack size 0 bytes, UNDEFINED)
<BR><BR>[Called By]<UL><LI><a href="#[8]">&gt;&gt;</a>&nbsp;&nbsp;&nbsp;PORTC_E_IRQHandler
</UL>

<P><STRONG><a name="[7e]"></a>PortD_IRQHandler</STRONG> (ARM, 0 bytes, Stack size 0 bytes, UNDEFINED)
<BR><BR>[Called By]<UL><LI><a href="#[9]">&gt;&gt;</a>&nbsp;&nbsp;&nbsp;PORTD_F_IRQHandler
</UL>

<P><STRONG><a name="[7d]"></a>PortE_IRQHandler</STRONG> (ARM, 0 bytes, Stack size 0 bytes, UNDEFINED)
<BR><BR>[Called By]<UL><LI><a href="#[8]">&gt;&gt;</a>&nbsp;&nbsp;&nbsp;PORTC_E_IRQHandler
</UL>

<P><STRONG><a name="[7f]"></a>PortF_IRQHandler</STRONG> (ARM, 0 bytes, Stack size 0 bytes, UNDEFINED)
<BR><BR>[Called By]<UL><LI><a href="#[9]">&gt;&gt;</a>&nbsp;&nbsp;&nbsp;PORTD_F_IRQHandler
</UL>

<P><STRONG><a name="[5b]"></a>Ram_IRQHandler</STRONG> (ARM, 0 bytes, Stack size 0 bytes, UNDEFINED)
<BR><BR>[Called By]<UL><LI><a href="#[24]">&gt;&gt;</a>&nbsp;&nbsp;&nbsp;FLASH_RAM_IRQHandler
</UL>

<P><STRONG><a name="[80]"></a>Rtc_IRQHandler</STRONG> (ARM, 0 bytes, Stack size 0 bytes, UNDEFINED)
<BR><BR>[Called By]<UL><LI><a href="#[1d]">&gt;&gt;</a>&nbsp;&nbsp;&nbsp;RTC_IRQHandler
</UL>

<P><STRONG><a name="[81]"></a>Spi0_IRQHandler</STRONG> (ARM, 0 bytes, Stack size 0 bytes, UNDEFINED)
<BR><BR>[Called By]<UL><LI><a href="#[10]">&gt;&gt;</a>&nbsp;&nbsp;&nbsp;SPI0_IRQHandler
</UL>

<P><STRONG><a name="[82]"></a>Spi1_IRQHandler</STRONG> (ARM, 0 bytes, Stack size 0 bytes, UNDEFINED)
<BR><BR>[Called By]<UL><LI><a href="#[11]">&gt;&gt;</a>&nbsp;&nbsp;&nbsp;SPI1_IRQHandler
</UL>

<P><STRONG><a name="[83]"></a>SysTick_IRQHandler</STRONG> (ARM, 0 bytes, Stack size 0 bytes, UNDEFINED)
<BR><BR>[Called By]<UL><LI><a href="#[5]">&gt;&gt;</a>&nbsp;&nbsp;&nbsp;SysTick_Handler
</UL>

<P><STRONG><a name="[89]"></a>Tim0_IRQHandler</STRONG> (ARM, 0 bytes, Stack size 0 bytes, UNDEFINED)
<BR><BR>[Called By]<UL><LI><a href="#[14]">&gt;&gt;</a>&nbsp;&nbsp;&nbsp;TIM0_IRQHandler
</UL>

<P><STRONG><a name="[8a]"></a>Tim1_IRQHandler</STRONG> (ARM, 0 bytes, Stack size 0 bytes, UNDEFINED)
<BR><BR>[Called By]<UL><LI><a href="#[15]">&gt;&gt;</a>&nbsp;&nbsp;&nbsp;TIM1_IRQHandler
</UL>

<P><STRONG><a name="[8b]"></a>Tim2_IRQHandler</STRONG> (ARM, 0 bytes, Stack size 0 bytes, UNDEFINED)
<BR><BR>[Called By]<UL><LI><a href="#[16]">&gt;&gt;</a>&nbsp;&nbsp;&nbsp;TIM2_IRQHandler
</UL>

<P><STRONG><a name="[8c]"></a>Tim4_IRQHandler</STRONG> (ARM, 0 bytes, Stack size 0 bytes, UNDEFINED)
<BR><BR>[Called By]<UL><LI><a href="#[18]">&gt;&gt;</a>&nbsp;&nbsp;&nbsp;TIM4_IRQHandler
</UL>

<P><STRONG><a name="[8d]"></a>Tim5_IRQHandler</STRONG> (ARM, 0 bytes, Stack size 0 bytes, UNDEFINED)
<BR><BR>[Called By]<UL><LI><a href="#[19]">&gt;&gt;</a>&nbsp;&nbsp;&nbsp;TIM5_IRQHandler
</UL>

<P><STRONG><a name="[8e]"></a>Tim6_IRQHandler</STRONG> (ARM, 0 bytes, Stack size 0 bytes, UNDEFINED)
<BR><BR>[Called By]<UL><LI><a href="#[1a]">&gt;&gt;</a>&nbsp;&nbsp;&nbsp;TIM6_IRQHandler
</UL>

<P><STRONG><a name="[95]"></a>Uart1_IRQHandler</STRONG> (ARM, 0 bytes, Stack size 0 bytes, UNDEFINED)
<BR><BR>[Called By]<UL><LI><a href="#[d]">&gt;&gt;</a>&nbsp;&nbsp;&nbsp;UART1_3_IRQHandler
</UL>

<P><STRONG><a name="[94]"></a>Uart2_IRQHandler</STRONG> (ARM, 0 bytes, Stack size 0 bytes, UNDEFINED)
<BR><BR>[Called By]<UL><LI><a href="#[c]">&gt;&gt;</a>&nbsp;&nbsp;&nbsp;UART0_2_IRQHandler
</UL>

<P><STRONG><a name="[96]"></a>Uart3_IRQHandler</STRONG> (ARM, 0 bytes, Stack size 0 bytes, UNDEFINED)
<BR><BR>[Called By]<UL><LI><a href="#[d]">&gt;&gt;</a>&nbsp;&nbsp;&nbsp;UART1_3_IRQHandler
</UL>

<P><STRONG><a name="[9d]"></a>Vc0_IRQHandler</STRONG> (ARM, 0 bytes, Stack size 0 bytes, UNDEFINED)
<BR><BR>[Called By]<UL><LI><a href="#[20]">&gt;&gt;</a>&nbsp;&nbsp;&nbsp;VC0_IRQHandler
</UL>

<P><STRONG><a name="[9e]"></a>Vc1_IRQHandler</STRONG> (ARM, 0 bytes, Stack size 0 bytes, UNDEFINED)
<BR><BR>[Called By]<UL><LI><a href="#[21]">&gt;&gt;</a>&nbsp;&nbsp;&nbsp;VC1_2_IRQHandler
</UL>

<P><STRONG><a name="[9f]"></a>Vc2_IRQHandler</STRONG> (ARM, 0 bytes, Stack size 0 bytes, UNDEFINED)
<BR><BR>[Called By]<UL><LI><a href="#[21]">&gt;&gt;</a>&nbsp;&nbsp;&nbsp;VC1_2_IRQHandler
</UL>

<P><STRONG><a name="[a0]"></a>Wdt_IRQHandler</STRONG> (ARM, 0 bytes, Stack size 0 bytes, UNDEFINED)
<BR><BR>[Called By]<UL><LI><a href="#[1c]">&gt;&gt;</a>&nbsp;&nbsp;&nbsp;WDT_IRQHandler
</UL>
<HR></body></html>
