Component: ARM Compiler 5.06 update 5 (build 528) Tool: armlink [4d35e2]

==============================================================================

Section Cross References

    startup_hc32l17x.o(RESET) refers to startup_hc32l17x.o(STACK) for __initial_sp
    startup_hc32l17x.o(RESET) refers to startup_hc32l17x.o(.text) for Reset_Handler
    startup_hc32l17x.o(RESET) refers to interrupts_hc32l17x.o(i.HardFault_Handler) for HardFault_Handler
    startup_hc32l17x.o(RESET) refers to interrupts_hc32l17x.o(i.SysTick_Handler) for SysTick_Handler
    startup_hc32l17x.o(RESET) refers to interrupts_hc32l17x.o(i.PORTA_IRQHandler) for PORTA_IRQHandler
    startup_hc32l17x.o(RESET) refers to interrupts_hc32l17x.o(i.PORTB_IRQHandler) for PORTB_IRQHandler
    startup_hc32l17x.o(RESET) refers to interrupts_hc32l17x.o(i.PORTC_E_IRQHandler) for PORTC_E_IRQHandler
    startup_hc32l17x.o(RESET) refers to interrupts_hc32l17x.o(i.PORTD_F_IRQHandler) for PORTD_F_IRQHandler
    startup_hc32l17x.o(RESET) refers to interrupts_hc32l17x.o(i.DMAC_IRQHandler) for DMAC_IRQHandler
    startup_hc32l17x.o(RESET) refers to interrupts_hc32l17x.o(i.TIM3_IRQHandler) for TIM3_IRQHandler
    startup_hc32l17x.o(RESET) refers to interrupts_hc32l17x.o(i.UART0_2_IRQHandler) for UART0_2_IRQHandler
    startup_hc32l17x.o(RESET) refers to interrupts_hc32l17x.o(i.UART1_3_IRQHandler) for UART1_3_IRQHandler
    startup_hc32l17x.o(RESET) refers to interrupts_hc32l17x.o(i.LPUART0_IRQHandler) for LPUART0_IRQHandler
    startup_hc32l17x.o(RESET) refers to interrupts_hc32l17x.o(i.LPUART1_IRQHandler) for LPUART1_IRQHandler
    startup_hc32l17x.o(RESET) refers to interrupts_hc32l17x.o(i.SPI0_IRQHandler) for SPI0_IRQHandler
    startup_hc32l17x.o(RESET) refers to interrupts_hc32l17x.o(i.SPI1_IRQHandler) for SPI1_IRQHandler
    startup_hc32l17x.o(RESET) refers to interrupts_hc32l17x.o(i.I2C0_IRQHandler) for I2C0_IRQHandler
    startup_hc32l17x.o(RESET) refers to interrupts_hc32l17x.o(i.I2C1_IRQHandler) for I2C1_IRQHandler
    startup_hc32l17x.o(RESET) refers to interrupts_hc32l17x.o(i.TIM0_IRQHandler) for TIM0_IRQHandler
    startup_hc32l17x.o(RESET) refers to interrupts_hc32l17x.o(i.TIM1_IRQHandler) for TIM1_IRQHandler
    startup_hc32l17x.o(RESET) refers to interrupts_hc32l17x.o(i.TIM2_IRQHandler) for TIM2_IRQHandler
    startup_hc32l17x.o(RESET) refers to interrupts_hc32l17x.o(i.LPTIM0_1_IRQHandler) for LPTIM0_1_IRQHandler
    startup_hc32l17x.o(RESET) refers to interrupts_hc32l17x.o(i.TIM4_IRQHandler) for TIM4_IRQHandler
    startup_hc32l17x.o(RESET) refers to interrupts_hc32l17x.o(i.TIM5_IRQHandler) for TIM5_IRQHandler
    startup_hc32l17x.o(RESET) refers to interrupts_hc32l17x.o(i.TIM6_IRQHandler) for TIM6_IRQHandler
    startup_hc32l17x.o(RESET) refers to interrupts_hc32l17x.o(i.PCA_IRQHandler) for PCA_IRQHandler
    startup_hc32l17x.o(RESET) refers to interrupts_hc32l17x.o(i.WDT_IRQHandler) for WDT_IRQHandler
    startup_hc32l17x.o(RESET) refers to interrupts_hc32l17x.o(i.RTC_IRQHandler) for RTC_IRQHandler
    startup_hc32l17x.o(RESET) refers to interrupts_hc32l17x.o(i.ADC_DAC_IRQHandler) for ADC_DAC_IRQHandler
    startup_hc32l17x.o(RESET) refers to interrupts_hc32l17x.o(i.PCNT_IRQHandler) for PCNT_IRQHandler
    startup_hc32l17x.o(RESET) refers to interrupts_hc32l17x.o(i.VC0_IRQHandler) for VC0_IRQHandler
    startup_hc32l17x.o(RESET) refers to interrupts_hc32l17x.o(i.VC1_2_IRQHandler) for VC1_2_IRQHandler
    startup_hc32l17x.o(RESET) refers to interrupts_hc32l17x.o(i.LVD_IRQHandler) for LVD_IRQHandler
    startup_hc32l17x.o(RESET) refers to interrupts_hc32l17x.o(i.LCD_IRQHandler) for LCD_IRQHandler
    startup_hc32l17x.o(RESET) refers to interrupts_hc32l17x.o(i.FLASH_RAM_IRQHandler) for FLASH_RAM_IRQHandler
    startup_hc32l17x.o(RESET) refers to interrupts_hc32l17x.o(i.CLKTRIM_IRQHandler) for CLKTRIM_IRQHandler
    startup_hc32l17x.o(.text) refers to system_hc32l17x.o(i.SystemInit) for SystemInit
    startup_hc32l17x.o(.text) refers to entry.o(.ARM.Collect$$$$00000000) for __main
    interrupts_hc32l17x.o(i.EnableNvic) refers to interrupts_hc32l17x.o(i.__NVIC_SetPriority) for __NVIC_SetPriority
    interrupts_hc32l17x.o(i.LPUART1_IRQHandler) refers to interrupts_hc32l17x.o(i.LpUart1_IRQHandler) for LpUart1_IRQHandler
    interrupts_hc32l17x.o(i.TIM3_IRQHandler) refers (Weak) to main.o(i.Tim3_IRQHandler) for Tim3_IRQHandler
    interrupts_hc32l17x.o(i.UART0_2_IRQHandler) refers (Weak) to modem.o(i.Uart0_IRQHandler) for Uart0_IRQHandler
    system_hc32l17x.o(i.$Sub$$main) refers to system_hc32l17x.o(i.SystemInit) for SystemInit
    system_hc32l17x.o(i.$Sub$$main) refers to main.o(i.main) for $Super$$main
    system_hc32l17x.o(i.SystemCoreClockUpdate) refers to sysctrl.o(i.Sysctrl_GetHClkFreq) for Sysctrl_GetHClkFreq
    system_hc32l17x.o(i.SystemCoreClockUpdate) refers to system_hc32l17x.o(.data) for SystemCoreClock
    system_hc32l17x.o(i.SystemInit) refers to system_hc32l17x.o(i.SystemCoreClockUpdate) for SystemCoreClockUpdate
    system_hc32l17x.o(i.SystemInit) refers to system_hc32l17x.o(i._InitHidePin) for _InitHidePin
    main.o(i.AT_SS) refers to memcpya.o(.text) for __aeabi_memcpy
    main.o(i.AT_SS) refers to main.o(.data) for AT_S
    main.o(i.AT_T) refers to memcpya.o(.text) for __aeabi_memcpy
    main.o(i.AT_T) refers to main.o(.data) for ATcmd
    main.o(i.App_ClkCfg) refers to system_hc32l17x.o(.data) for SystemCoreClock
    main.o(i.App_LEDPortCfg) refers to ddl.o(i.ddl_memclr) for ddl_memclr
    main.o(i.App_LEDPortCfg) refers to sysctrl.o(i.Sysctrl_SetPeripheralGate) for Sysctrl_SetPeripheralGate
    main.o(i.App_LEDPortCfg) refers to gpio.o(i.Gpio_Init) for Gpio_Init
    main.o(i.App_LEDPortCfg) refers to gpio.o(i.Gpio_WriteOutputIO) for Gpio_WriteOutputIO
    main.o(i.App_PortInit) refers to ddl.o(i.ddl_memclr) for ddl_memclr
    main.o(i.App_PortInit) refers to sysctrl.o(i.Sysctrl_SetPeripheralGate) for Sysctrl_SetPeripheralGate
    main.o(i.App_PortInit) refers to gpio.o(i.Gpio_Init) for Gpio_Init
    main.o(i.App_PortInit) refers to gpio.o(i.Gpio_SetAfMode) for Gpio_SetAfMode
    main.o(i.App_Timer3Cfg) refers to sysctrl.o(i.Sysctrl_SetPeripheralGate) for Sysctrl_SetPeripheralGate
    main.o(i.App_Timer3Cfg) refers to timer3.o(i.Tim3_Mode0_Init) for Tim3_Mode0_Init
    main.o(i.App_Timer3Cfg) refers to timer3.o(i.Tim3_M0_ARRSet) for Tim3_M0_ARRSet
    main.o(i.App_Timer3Cfg) refers to timer3.o(i.Tim3_M0_Cnt16Set) for Tim3_M0_Cnt16Set
    main.o(i.App_Timer3Cfg) refers to timer3.o(i.Tim3_ClearIntFlag) for Tim3_ClearIntFlag
    main.o(i.App_Timer3Cfg) refers to timer3.o(i.Tim3_Mode0_EnableIrq) for Tim3_Mode0_EnableIrq
    main.o(i.App_Timer3Cfg) refers to interrupts_hc32l17x.o(i.EnableNvic) for EnableNvic
    main.o(i.App_UartCfg) refers to ddl.o(i.ddl_memclr) for ddl_memclr
    main.o(i.App_UartCfg) refers to sysctrl.o(i.Sysctrl_SetPeripheralGate) for Sysctrl_SetPeripheralGate
    main.o(i.App_UartCfg) refers to sysctrl.o(i.Sysctrl_GetPClkFreq) for Sysctrl_GetPClkFreq
    main.o(i.App_UartCfg) refers to uart.o(i.Uart_Init) for Uart_Init
    main.o(i.App_UartCfg) refers to uart.o(i.Uart_ClrStatus) for Uart_ClrStatus
    main.o(i.App_UartCfg) refers to uart.o(i.Uart_EnableIrq) for Uart_EnableIrq
    main.o(i.App_UartCfg) refers to interrupts_hc32l17x.o(i.EnableNvic) for EnableNvic
    main.o(i.Tim3_IRQHandler) refers to timer3.o(i.Tim3_GetIntFlag) for Tim3_GetIntFlag
    main.o(i.Tim3_IRQHandler) refers to idiv.o(.text) for __aeabi_idivmod
    main.o(i.Tim3_IRQHandler) refers to memseta.o(.text) for __aeabi_memclr
    main.o(i.Tim3_IRQHandler) refers to main.o(i.ctrl) for ctrl
    main.o(i.Tim3_IRQHandler) refers to uart.o(i.Uart_SendDataIt) for Uart_SendDataIt
    main.o(i.Tim3_IRQHandler) refers to main.o(i.AT_T) for AT_T
    main.o(i.Tim3_IRQHandler) refers to main.o(i.mqtt_mode) for mqtt_mode
    main.o(i.Tim3_IRQHandler) refers to main.o(i.AT_SS) for AT_SS
    main.o(i.Tim3_IRQHandler) refers to main.o(i.mqtt_send) for mqtt_send
    main.o(i.Tim3_IRQHandler) refers to iap.o(i.IAP_JumpToApp_cmd) for IAP_JumpToApp_cmd
    main.o(i.Tim3_IRQHandler) refers to timer3.o(i.Tim3_ClearIntFlag) for Tim3_ClearIntFlag
    main.o(i.Tim3_IRQHandler) refers to main.o(.data) for count_ms
    main.o(i.Tim3_IRQHandler) refers to main.o(.bss) for bootstr
    main.o(i.ctrl) refers to memcpya.o(.text) for __aeabi_memcpy
    main.o(i.ctrl) refers to modem.o(i.writeLInt) for writeLInt
    main.o(i.ctrl) refers to main.o(.data) for post_num
    main.o(i.main) refers to main.o(i.App_ClkCfg) for App_ClkCfg
    main.o(i.main) refers to main.o(i.App_LEDPortCfg) for App_LEDPortCfg
    main.o(i.main) refers to main.o(i.App_PortInit) for App_PortInit
    main.o(i.main) refers to main.o(i.App_UartCfg) for App_UartCfg
    main.o(i.main) refers to flash.o(i.Flash_Init) for Flash_Init
    main.o(i.main) refers to ddl.o(i.delay1ms) for delay1ms
    main.o(i.main) refers to main.o(i.App_Timer3Cfg) for App_Timer3Cfg
    main.o(i.main) refers to timer3.o(i.Tim3_M0_Run) for Tim3_M0_Run
    main.o(i.main) refers to iap.o(i.IAP_Init) for IAP_Init
    main.o(i.main) refers to iap.o(i.IAP_UpdateCheck) for IAP_UpdateCheck
    main.o(i.main) refers to iap.o(i.IAP_Main) for IAP_Main
    main.o(i.main) refers to main.o(.data) for u8RxDataBufferLenth
    main.o(i.main) refers to main.o(.bss) for u8RxDataBuffer
    main.o(i.mqtt_mode) refers to memcpya.o(.text) for __aeabi_memcpy
    main.o(i.mqtt_mode) refers to main.o(.data) for MQTT_mode_cmd
    main.o(i.mqtt_send) refers to memcpya.o(.text) for __aeabi_memcpy
    main.o(i.mqtt_send) refers to main.o(.data) for MQTT_reback_cmd
    main.o(.data) refers to main.o(.conststring) for .conststring
    ddl.o(i.delay100us) refers to uidiv.o(.text) for __aeabi_uidivmod
    ddl.o(i.delay100us) refers to system_hc32l17x.o(.data) for SystemCoreClock
    ddl.o(i.delay10us) refers to uidiv.o(.text) for __aeabi_uidivmod
    ddl.o(i.delay10us) refers to system_hc32l17x.o(.data) for SystemCoreClock
    ddl.o(i.delay1ms) refers to uidiv.o(.text) for __aeabi_uidivmod
    ddl.o(i.delay1ms) refers to system_hc32l17x.o(.data) for SystemCoreClock
    flash.o(i.Flash_Init) refers to memseta.o(.text) for __aeabi_memclr4
    flash.o(i.Flash_Init) refers to flash.o(.constdata) for pu32PcgTimer4M
    gpio.o(i.Gpio_ClearIrq) refers to ddl.o(i.SetBit) for SetBit
    gpio.o(i.Gpio_ClrIO) refers to ddl.o(i.SetBit) for SetBit
    gpio.o(i.Gpio_DisableIrq) refers to ddl.o(i.SetBit) for SetBit
    gpio.o(i.Gpio_EnableIrq) refers to ddl.o(i.SetBit) for SetBit
    gpio.o(i.Gpio_GetInputIO) refers to ddl.o(i.GetBit) for GetBit
    gpio.o(i.Gpio_GetIrqStatus) refers to ddl.o(i.GetBit) for GetBit
    gpio.o(i.Gpio_Init) refers to ddl.o(i.SetBit) for SetBit
    gpio.o(i.Gpio_ReadOutputIO) refers to ddl.o(i.GetBit) for GetBit
    gpio.o(i.Gpio_SetAnalogMode) refers to ddl.o(i.SetBit) for SetBit
    gpio.o(i.Gpio_SetIO) refers to ddl.o(i.SetBit) for SetBit
    gpio.o(i.Gpio_WriteOutputIO) refers to ddl.o(i.SetBit) for SetBit
    lpuart.o(i.LPUart_ClrStatus) refers to ddl.o(i.SetBit) for SetBit
    lpuart.o(i.LPUart_DisableFunc) refers to ddl.o(i.SetBit) for SetBit
    lpuart.o(i.LPUart_DisableIrq) refers to ddl.o(i.SetBit) for SetBit
    lpuart.o(i.LPUart_EnableFunc) refers to ddl.o(i.SetBit) for SetBit
    lpuart.o(i.LPUart_EnableIrq) refers to ddl.o(i.SetBit) for SetBit
    lpuart.o(i.LPUart_GetStatus) refers to ddl.o(i.GetBit) for GetBit
    lpuart.o(i.LPUart_Init) refers to ffltui.o(.text) for __aeabi_ui2f
    lpuart.o(i.LPUart_Init) refers to fdiv.o(.text) for __aeabi_fdiv
    lpuart.o(i.LPUart_Init) refers to fadd.o(.text) for __aeabi_fadd
    lpuart.o(i.LPUart_Init) refers to ffixui.o(.text) for __aeabi_f2uiz
    lpuart.o(i.LPUart_Init) refers to lpuart.o(i.LPUart_EnableFunc) for LPUart_EnableFunc
    lpuart.o(i.LPUart_Init) refers to lpuart.o(.constdata) for .constdata
    lpuart.o(i.LPUart_SendData) refers to lpuart.o(i.LPUart_GetStatus) for LPUart_GetStatus
    lpuart.o(i.LPUart_SendData) refers to lpuart.o(i.LPUart_ClrStatus) for LPUart_ClrStatus
    lpuart.o(i.LPUart_SendDataTimeOut) refers to lpuart.o(i.LPUart_GetStatus) for LPUart_GetStatus
    lpuart.o(i.LPUart_SendDataTimeOut) refers to lpuart.o(i.LPUart_ClrStatus) for LPUart_ClrStatus
    uart.o(i.Uart_ClrStatus) refers to ddl.o(i.SetBit) for SetBit
    uart.o(i.Uart_DisableFunc) refers to ddl.o(i.SetBit) for SetBit
    uart.o(i.Uart_DisableIrq) refers to ddl.o(i.SetBit) for SetBit
    uart.o(i.Uart_EnableFunc) refers to ddl.o(i.SetBit) for SetBit
    uart.o(i.Uart_EnableIrq) refers to ddl.o(i.SetBit) for SetBit
    uart.o(i.Uart_GetStatus) refers to ddl.o(i.GetBit) for GetBit
    uart.o(i.Uart_Init) refers to ffltui.o(.text) for __aeabi_ui2f
    uart.o(i.Uart_Init) refers to fdiv.o(.text) for __aeabi_fdiv
    uart.o(i.Uart_Init) refers to fadd.o(.text) for __aeabi_fadd
    uart.o(i.Uart_Init) refers to ffixui.o(.text) for __aeabi_f2uiz
    uart.o(i.Uart_Init) refers to uart.o(i.Uart_EnableFunc) for Uart_EnableFunc
    uart.o(i.Uart_Init) refers to uart.o(.constdata) for .constdata
    uart.o(i.Uart_SendDataPoll) refers to uart.o(i.Uart_GetStatus) for Uart_GetStatus
    uart.o(i.Uart_SendDataPoll) refers to uart.o(i.Uart_ClrStatus) for Uart_ClrStatus
    uart.o(i.Uart_SendDataPollTimeOut) refers to uart.o(i.Uart_GetStatus) for Uart_GetStatus
    uart.o(i.Uart_SendDataPollTimeOut) refers to uart.o(i.Uart_ClrStatus) for Uart_ClrStatus
    timer3.o(i.Tim3_Mode23_DisableIrq) refers to timer3.o(i.__ARM_common_switch8) for __ARM_common_switch8
    timer3.o(i.Tim3_Mode23_EnableIrq) refers to timer3.o(i.__ARM_common_switch8) for __ARM_common_switch8
    sysctrl.o(i.Sysctrl_ClkDeInit) refers to sysctrl.o(i.Sysctrl_SetRCHTrim) for Sysctrl_SetRCHTrim
    sysctrl.o(i.Sysctrl_ClkDeInit) refers to sysctrl.o(i.Sysctrl_ClkSourceEnable) for Sysctrl_ClkSourceEnable
    sysctrl.o(i.Sysctrl_ClkDeInit) refers to sysctrl.o(i.Sysctrl_SysClkSwitch) for Sysctrl_SysClkSwitch
    sysctrl.o(i.Sysctrl_ClkDeInit) refers to sysctrl.o(i.Sysctrl_SetHCLKDiv) for Sysctrl_SetHCLKDiv
    sysctrl.o(i.Sysctrl_ClkDeInit) refers to sysctrl.o(i.Sysctrl_SetPCLKDiv) for Sysctrl_SetPCLKDiv
    sysctrl.o(i.Sysctrl_ClkInit) refers to timer3.o(i.__ARM_common_switch8) for __ARM_common_switch8
    sysctrl.o(i.Sysctrl_ClkInit) refers to sysctrl.o(i.Sysctrl_XTHDriverCfg) for Sysctrl_XTHDriverCfg
    sysctrl.o(i.Sysctrl_ClkInit) refers to sysctrl.o(i.Sysctrl_SetXTHStableTime) for Sysctrl_SetXTHStableTime
    sysctrl.o(i.Sysctrl_ClkInit) refers to sysctrl.o(i.Sysctrl_SetRCLStableTime) for Sysctrl_SetRCLStableTime
    sysctrl.o(i.Sysctrl_ClkInit) refers to sysctrl.o(i.Sysctrl_XTLDriverCfg) for Sysctrl_XTLDriverCfg
    sysctrl.o(i.Sysctrl_ClkInit) refers to sysctrl.o(i.Sysctrl_SetXTLStableTime) for Sysctrl_SetXTLStableTime
    sysctrl.o(i.Sysctrl_ClkInit) refers to sysctrl.o(i.Sysctrl_SetPLLStableTime) for Sysctrl_SetPLLStableTime
    sysctrl.o(i.Sysctrl_ClkInit) refers to sysctrl.o(i.Sysctrl_ClkSourceEnable) for Sysctrl_ClkSourceEnable
    sysctrl.o(i.Sysctrl_ClkInit) refers to sysctrl.o(i.Sysctrl_SysClkSwitch) for Sysctrl_SysClkSwitch
    sysctrl.o(i.Sysctrl_ClkInit) refers to sysctrl.o(i.Sysctrl_SetHCLKDiv) for Sysctrl_SetHCLKDiv
    sysctrl.o(i.Sysctrl_ClkInit) refers to sysctrl.o(i.Sysctrl_SetPCLKDiv) for Sysctrl_SetPCLKDiv
    sysctrl.o(i.Sysctrl_ClkSourceEnable) refers to sysctrl.o(i._SysctrlUnlock) for _SysctrlUnlock
    sysctrl.o(i.Sysctrl_ClkSourceEnable) refers to timer3.o(i.__ARM_common_switch8) for __ARM_common_switch8
    sysctrl.o(i.Sysctrl_ClkSourceEnable) refers to ddl.o(i.delay10us) for delay10us
    sysctrl.o(i.Sysctrl_GetHClkFreq) refers to memcpya.o(.text) for __aeabi_memcpy4
    sysctrl.o(i.Sysctrl_GetHClkFreq) refers to timer3.o(i.__ARM_common_switch8) for __ARM_common_switch8
    sysctrl.o(i.Sysctrl_GetHClkFreq) refers to sysctrl.o(.constdata) for .constdata
    sysctrl.o(i.Sysctrl_GetPClkFreq) refers to sysctrl.o(i.Sysctrl_GetHClkFreq) for Sysctrl_GetHClkFreq
    sysctrl.o(i.Sysctrl_GetPeripheralGate) refers to ddl.o(i.GetBit) for GetBit
    sysctrl.o(i.Sysctrl_GetPeripheralGate) refers to sysctrl.o(.data) for bDacPeriBac
    sysctrl.o(i.Sysctrl_SetFunc) refers to sysctrl.o(i._SysctrlUnlock) for _SysctrlUnlock
    sysctrl.o(i.Sysctrl_SetFunc) refers to ddl.o(i.SetBit) for SetBit
    sysctrl.o(i.Sysctrl_SetHCLKDiv) refers to sysctrl.o(i._SysctrlUnlock) for _SysctrlUnlock
    sysctrl.o(i.Sysctrl_SetPCLKDiv) refers to sysctrl.o(i._SysctrlUnlock) for _SysctrlUnlock
    sysctrl.o(i.Sysctrl_SetPeripheralGate) refers to ddl.o(i.SetBit) for SetBit
    sysctrl.o(i.Sysctrl_SetPeripheralGate) refers to sysctrl.o(.data) for bDacPeriBac
    sysctrl.o(i.Sysctrl_SetRTCAdjustClkFreq) refers to sysctrl.o(i._SysctrlUnlock) for _SysctrlUnlock
    sysctrl.o(i.Sysctrl_SysClkSwitch) refers to sysctrl.o(i._SysctrlUnlock) for _SysctrlUnlock
    sysctrl.o(i.Sysctrl_SysClkSwitch) refers to system_hc32l17x.o(i.SystemCoreClockUpdate) for SystemCoreClockUpdate
    modem.o(i.FLASH_SectorLockSet) refers to flash.o(i.Flash_LockSet) for Flash_LockSet
    modem.o(i.Modem_Process) refers to uread4.o(.text) for __aeabi_uread4
    modem.o(i.Modem_Process) refers to modem.o(i.FLASH_SectorLockSet) for FLASH_SectorLockSet
    modem.o(i.Modem_Process) refers to flash.o(i.Flash_OpModeConfig) for Flash_OpModeConfig
    modem.o(i.Modem_Process) refers to flash.o(i.Flash_SectorErase) for Flash_SectorErase
    modem.o(i.Modem_Process) refers to flash.o(i.Flash_Write8) for Flash_Write8
    modem.o(i.Modem_Process) refers to flash.o(i.Flash_Init) for Flash_Init
    modem.o(i.Modem_Process) refers to flash.o(i.Flash_LockAll) for Flash_LockAll
    modem.o(i.Modem_Process) refers to modem.o(.bss) for u8FrameData
    modem.o(i.Modem_Process) refers to modem.o(.data) for enFrameRecvStatus
    modem.o(i.Modem_Process) refers to main.o(.data) for receive_F
    modem.o(i.Modem_Process) refers to iap.o(.data) for g_u32UpgradePacketsSize
    modem.o(i.Modem_RamInit) refers to modem.o(.data) for enFrameRecvStatus
    modem.o(i.Modem_RamInit) refers to modem.o(.bss) for u8FrameData
    modem.o(i.UART_SendData) refers to uart.o(i.Uart_SendDataIt) for Uart_SendDataIt
    modem.o(i.Uart0_IRQHandler) refers to uart.o(i.Uart_GetStatus) for Uart_GetStatus
    modem.o(i.Uart0_IRQHandler) refers to uart.o(i.Uart_ClrStatus) for Uart_ClrStatus
    modem.o(i.Uart0_IRQHandler) refers to uart.o(i.Uart_ReceiveData) for Uart_ReceiveData
    modem.o(i.Uart0_IRQHandler) refers to modem.o(i.cover) for cover
    modem.o(i.Uart0_IRQHandler) refers to modem.o(i.crc16Algorithm) for crc16Algorithm
    modem.o(i.Uart0_IRQHandler) refers to main.o(.data) for TX_count
    modem.o(i.Uart0_IRQHandler) refers to main.o(.bss) for bootstr
    modem.o(i.Uart0_IRQHandler) refers to modem.o(.data) for recvData1
    modem.o(i.Uart0_IRQHandler) refers to modem.o(.bss) for data
    modem.o(i.Uart0_IRQHandler) refers to iap.o(.data) for g_u32UpgradePacketsSize
    modem.o(i.writeLInt) refers to uidiv.o(.text) for __aeabi_uidivmod
    modem.o(.data) refers to modem.o(.conststring) for .conststring
    iap.o(i.DeinitlpUart) refers to ddl.o(i.ddl_memclr) for ddl_memclr
    iap.o(i.DeinitlpUart) refers to sysctrl.o(i.Sysctrl_SetPeripheralGate) for Sysctrl_SetPeripheralGate
    iap.o(i.DeinitlpUart) refers to uart.o(i.Uart_ClrStatus) for Uart_ClrStatus
    iap.o(i.DeinitlpUart) refers to uart.o(i.Uart_DisableIrq) for Uart_DisableIrq
    iap.o(i.DeinitlpUart) refers to interrupts_hc32l17x.o(i.EnableNvic) for EnableNvic
    iap.o(i.IAP_Init) refers to modem.o(i.Modem_RamInit) for Modem_RamInit
    iap.o(i.IAP_JumpToApp) refers to iap.o(i.IAP_ResetConfig) for IAP_ResetConfig
    iap.o(i.IAP_JumpToApp) refers to iap.o(.data) for JumpAddress
    iap.o(i.IAP_JumpToApp_cmd) refers to iap.o(i.IAP_JumpToApp) for IAP_JumpToApp
    iap.o(i.IAP_Main) refers to modem.o(i.Modem_Process) for Modem_Process
    iap.o(i.IAP_Main) refers to iap.o(i.IAP_JumpToApp) for IAP_JumpToApp
    iap.o(i.IAP_Main) refers to gpio.o(i.Gpio_ReadOutputIO) for Gpio_ReadOutputIO
    iap.o(i.IAP_Main) refers to gpio.o(i.Gpio_WriteOutputIO) for Gpio_WriteOutputIO
    iap.o(i.IAP_Main) refers to main.o(.data) for led_trg
    iap.o(i.IAP_ResetConfig) refers to main.o(i.App_ClkCfg) for App_ClkCfg
    iap.o(i.IAP_ResetConfig) refers to iap.o(i.DeinitlpUart) for DeinitlpUart
    iap.o(i.IAP_ResetConfig) refers to flash.o(i.Flash_Init) for Flash_Init
    iap.o(i.IAP_ResetConfig) refers to flash.o(i.Flash_LockAll) for Flash_LockAll
    iap.o(i.IAP_UpdateCheck) refers to iap.o(i.IAP_JumpToApp) for IAP_JumpToApp
    iap.o(.data) refers to iap.o(.conststring) for .conststring
    entry.o(.ARM.Collect$$$$00000000) refers (Special) to entry10a.o(.ARM.Collect$$$$0000000D) for __rt_final_cpp
    entry.o(.ARM.Collect$$$$00000000) refers (Special) to entry11a.o(.ARM.Collect$$$$0000000F) for __rt_final_exit
    entry.o(.ARM.Collect$$$$00000000) refers (Special) to entry7b.o(.ARM.Collect$$$$00000008) for _main_clock
    entry.o(.ARM.Collect$$$$00000000) refers (Special) to entry8b.o(.ARM.Collect$$$$0000000A) for _main_cpp_init
    entry.o(.ARM.Collect$$$$00000000) refers (Special) to entry9a.o(.ARM.Collect$$$$0000000B) for _main_init
    entry.o(.ARM.Collect$$$$00000000) refers (Special) to entry5.o(.ARM.Collect$$$$00000004) for _main_scatterload
    entry.o(.ARM.Collect$$$$00000000) refers (Special) to entry2.o(.ARM.Collect$$$$00000001) for _main_stk
    idiv.o(.text) refers to uidiv.o(.text) for __aeabi_uidivmod
    fadd.o(.text) refers (Special) to iusefp.o(.text) for __I$use$fp
    fadd.o(.text) refers to fepilogue.o(.text) for _float_epilogue
    fdiv.o(.text) refers (Special) to iusefp.o(.text) for __I$use$fp
    fdiv.o(.text) refers to fepilogue.o(.text) for _float_round
    ffltui.o(.text) refers (Special) to iusefp.o(.text) for __I$use$fp
    ffltui.o(.text) refers to fepilogue.o(.text) for _float_epilogue
    ffixui.o(.text) refers (Special) to iusefp.o(.text) for __I$use$fp
    entry2.o(.ARM.Collect$$$$00000001) refers to entry2.o(.ARM.Collect$$$$00002712) for __lit__00000000
    entry2.o(.ARM.Collect$$$$00002712) refers to startup_hc32l17x.o(STACK) for __initial_sp
    entry2.o(__vectab_stack_and_reset_area) refers to startup_hc32l17x.o(STACK) for __initial_sp
    entry2.o(__vectab_stack_and_reset_area) refers to entry.o(.ARM.Collect$$$$00000000) for __main
    entry5.o(.ARM.Collect$$$$00000004) refers to init.o(.text) for __scatterload
    entry9a.o(.ARM.Collect$$$$0000000B) refers to system_hc32l17x.o(i.$Sub$$main) for main
    entry9b.o(.ARM.Collect$$$$0000000C) refers to system_hc32l17x.o(i.$Sub$$main) for main
    init.o(.text) refers to entry5.o(.ARM.Collect$$$$00000004) for __main_after_scatterload


==============================================================================

Removing Unused input sections from the image.

    Removing startup_hc32l17x.o(HEAP), (512 bytes).
    Removing interrupts_hc32l17x.o(.rev16_text), (4 bytes).
    Removing interrupts_hc32l17x.o(.revsh_text), (4 bytes).
    Removing system_hc32l17x.o(.rev16_text), (4 bytes).
    Removing system_hc32l17x.o(.revsh_text), (4 bytes).
    Removing main.o(.rev16_text), (4 bytes).
    Removing main.o(.revsh_text), (4 bytes).
    Removing ddl.o(.rev16_text), (4 bytes).
    Removing ddl.o(.revsh_text), (4 bytes).
    Removing ddl.o(i.Log2), (24 bytes).
    Removing ddl.o(i.delay100us), (92 bytes).
    Removing ddl.o(i.delay10us), (92 bytes).
    Removing flash.o(.rev16_text), (4 bytes).
    Removing flash.o(.revsh_text), (4 bytes).
    Removing flash.o(i.Flash_ClearIntFlag), (24 bytes).
    Removing flash.o(i.Flash_DisableIrq), (64 bytes).
    Removing flash.o(i.Flash_EnableIrq), (64 bytes).
    Removing flash.o(i.Flash_GetIntFlag), (24 bytes).
    Removing flash.o(i.Flash_UnlockAll), (72 bytes).
    Removing flash.o(i.Flash_WaitCycle), (68 bytes).
    Removing flash.o(i.Flash_Write16), (160 bytes).
    Removing flash.o(i.Flash_Write32), (160 bytes).
    Removing gpio.o(.rev16_text), (4 bytes).
    Removing gpio.o(.revsh_text), (4 bytes).
    Removing gpio.o(i.Gpio_ClearIrq), (28 bytes).
    Removing gpio.o(i.Gpio_ClrIO), (28 bytes).
    Removing gpio.o(i.Gpio_ClrPort), (16 bytes).
    Removing gpio.o(i.Gpio_DisableIrq), (36 bytes).
    Removing gpio.o(i.Gpio_EnableIrq), (36 bytes).
    Removing gpio.o(i.Gpio_GetInputData), (16 bytes).
    Removing gpio.o(i.Gpio_GetInputIO), (24 bytes).
    Removing gpio.o(i.Gpio_GetIrqStatus), (24 bytes).
    Removing gpio.o(i.Gpio_SetAfMode_Lite), (24 bytes).
    Removing gpio.o(i.Gpio_SetAnalogMode), (28 bytes).
    Removing gpio.o(i.Gpio_SetClrPort), (16 bytes).
    Removing gpio.o(i.Gpio_SetIO), (28 bytes).
    Removing gpio.o(i.Gpio_SetPort), (16 bytes).
    Removing gpio.o(i.Gpio_SfExtClkCfg), (28 bytes).
    Removing gpio.o(i.Gpio_SfHClkOutputCfg), (60 bytes).
    Removing gpio.o(i.Gpio_SfIrPolCfg), (36 bytes).
    Removing gpio.o(i.Gpio_SfIrqModeCfg), (28 bytes).
    Removing gpio.o(i.Gpio_SfPClkOutputCfg), (60 bytes).
    Removing gpio.o(i.Gpio_SfPcaCfg), (40 bytes).
    Removing gpio.o(i.Gpio_SfSsnCfg), (60 bytes).
    Removing gpio.o(i.Gpio_SfTimCCfg), (40 bytes).
    Removing gpio.o(i.Gpio_SfTimECfg), (84 bytes).
    Removing gpio.o(i.Gpio_SfTimGCfg), (84 bytes).
    Removing lpm.o(.rev16_text), (4 bytes).
    Removing lpm.o(.revsh_text), (4 bytes).
    Removing lpm.o(i.Lpm_GotoDeepSleep), (36 bytes).
    Removing lpm.o(i.Lpm_GotoSleep), (36 bytes).
    Removing lpuart.o(.rev16_text), (4 bytes).
    Removing lpuart.o(.revsh_text), (4 bytes).
    Removing lpuart.o(i.LPUart_ClrIsr), (8 bytes).
    Removing lpuart.o(i.LPUart_ClrStatus), (22 bytes).
    Removing lpuart.o(i.LPUart_DisableFunc), (20 bytes).
    Removing lpuart.o(i.LPUart_DisableIrq), (20 bytes).
    Removing lpuart.o(i.LPUart_EnableFunc), (20 bytes).
    Removing lpuart.o(i.LPUart_EnableIrq), (20 bytes).
    Removing lpuart.o(i.LPUart_GetIsr), (8 bytes).
    Removing lpuart.o(i.LPUart_GetRb8), (10 bytes).
    Removing lpuart.o(i.LPUart_GetStatus), (24 bytes).
    Removing lpuart.o(i.LPUart_HdModeDisable), (12 bytes).
    Removing lpuart.o(i.LPUart_HdModeEnable), (14 bytes).
    Removing lpuart.o(i.LPUart_Init), (152 bytes).
    Removing lpuart.o(i.LPUart_ReceiveData), (8 bytes).
    Removing lpuart.o(i.LPUart_SelSclk), (28 bytes).
    Removing lpuart.o(i.LPUart_SendData), (58 bytes).
    Removing lpuart.o(i.LPUart_SendDataIt), (18 bytes).
    Removing lpuart.o(i.LPUart_SendDataTimeOut), (82 bytes).
    Removing lpuart.o(i.LPUart_SetMultiMode), (34 bytes).
    Removing lpuart.o(i.LPUart_SetSaddr), (8 bytes).
    Removing lpuart.o(i.LPUart_SetTb8), (20 bytes).
    Removing lpuart.o(.constdata), (12 bytes).
    Removing uart.o(.rev16_text), (4 bytes).
    Removing uart.o(.revsh_text), (4 bytes).
    Removing uart.o(i.Uart_ClrIsr), (8 bytes).
    Removing uart.o(i.Uart_DisableFunc), (20 bytes).
    Removing uart.o(i.Uart_GetIsr), (8 bytes).
    Removing uart.o(i.Uart_GetRb8), (10 bytes).
    Removing uart.o(i.Uart_HdModeDisable), (12 bytes).
    Removing uart.o(i.Uart_HdModeEnable), (14 bytes).
    Removing uart.o(i.Uart_SendDataPoll), (58 bytes).
    Removing uart.o(i.Uart_SendDataPollTimeOut), (84 bytes).
    Removing uart.o(i.Uart_SetMultiMode), (34 bytes).
    Removing uart.o(i.Uart_SetSaddr), (8 bytes).
    Removing uart.o(i.Uart_SetTb8), (20 bytes).
    Removing timer3.o(.rev16_text), (4 bytes).
    Removing timer3.o(.revsh_text), (4 bytes).
    Removing timer3.o(i.Tim3_ClearAllIntFlag), (16 bytes).
    Removing timer3.o(i.Tim3_M0_Cnt16Get), (16 bytes).
    Removing timer3.o(i.Tim3_M0_Cnt32Get), (12 bytes).
    Removing timer3.o(i.Tim3_M0_Cnt32Set), (20 bytes).
    Removing timer3.o(i.Tim3_M0_EnTOG), (32 bytes).
    Removing timer3.o(i.Tim3_M0_Enable_Output), (36 bytes).
    Removing timer3.o(i.Tim3_M0_Stop), (20 bytes).
    Removing timer3.o(i.Tim3_M1_Cnt16Get), (16 bytes).
    Removing timer3.o(i.Tim3_M1_Cnt16Set), (28 bytes).
    Removing timer3.o(i.Tim3_M1_Input_Cfg), (172 bytes).
    Removing timer3.o(i.Tim3_M1_PWC_CapValueGet), (16 bytes).
    Removing timer3.o(i.Tim3_M1_PWC_Edge_Sel), (152 bytes).
    Removing timer3.o(i.Tim3_M1_Run), (24 bytes).
    Removing timer3.o(i.Tim3_M1_Stop), (20 bytes).
    Removing timer3.o(i.Tim3_M23_ARRSet), (48 bytes).
    Removing timer3.o(i.Tim3_M23_BrakeInput_Cfg), (280 bytes).
    Removing timer3.o(i.Tim3_M23_CCR_Get), (96 bytes).
    Removing timer3.o(i.Tim3_M23_CCR_Set), (168 bytes).
    Removing timer3.o(i.Tim3_M23_Cnt16Get), (16 bytes).
    Removing timer3.o(i.Tim3_M23_Cnt16Set), (28 bytes).
    Removing timer3.o(i.Tim3_M23_DT_Cfg), (56 bytes).
    Removing timer3.o(i.Tim3_M23_ETRInput_Cfg), (60 bytes).
    Removing timer3.o(i.Tim3_M23_EnDMA), (216 bytes).
    Removing timer3.o(i.Tim3_M23_EnPWM_Output), (56 bytes).
    Removing timer3.o(i.Tim3_M23_EnSwBk), (24 bytes).
    Removing timer3.o(i.Tim3_M23_EnSwTrig), (24 bytes).
    Removing timer3.o(i.Tim3_M23_EnSwTrigCapCmpA), (76 bytes).
    Removing timer3.o(i.Tim3_M23_EnSwTrigCapCmpB), (76 bytes).
    Removing timer3.o(i.Tim3_M23_EnSwUev), (24 bytes).
    Removing timer3.o(i.Tim3_M23_GateFuncSel), (84 bytes).
    Removing timer3.o(i.Tim3_M23_MasterSlave_Set), (104 bytes).
    Removing timer3.o(i.Tim3_M23_OCRefClr), (60 bytes).
    Removing timer3.o(i.Tim3_M23_PortInput_Cfg), (544 bytes).
    Removing timer3.o(i.Tim3_M23_PortOutput_Cfg), (692 bytes).
    Removing timer3.o(i.Tim3_M23_Run), (24 bytes).
    Removing timer3.o(i.Tim3_M23_SetValidPeriod), (28 bytes).
    Removing timer3.o(i.Tim3_M23_Stop), (20 bytes).
    Removing timer3.o(i.Tim3_M23_TrigADC_Cfg), (188 bytes).
    Removing timer3.o(i.Tim3_Mode0_DisableIrq), (24 bytes).
    Removing timer3.o(i.Tim3_Mode1_DisableIrq), (60 bytes).
    Removing timer3.o(i.Tim3_Mode1_EnableIrq), (64 bytes).
    Removing timer3.o(i.Tim3_Mode1_Init), (104 bytes).
    Removing timer3.o(i.Tim3_Mode23_DisableIrq), (188 bytes).
    Removing timer3.o(i.Tim3_Mode23_EnableIrq), (204 bytes).
    Removing timer3.o(i.Tim3_Mode23_Init), (192 bytes).
    Removing sysctrl.o(.rev16_text), (4 bytes).
    Removing sysctrl.o(.revsh_text), (4 bytes).
    Removing sysctrl.o(i.Sysctrl_ClkDeInit), (72 bytes).
    Removing sysctrl.o(i.Sysctrl_ClkInit), (106 bytes).
    Removing sysctrl.o(i.Sysctrl_ClkSourceEnable), (364 bytes).
    Removing sysctrl.o(i.Sysctrl_GetPeripheralGate), (60 bytes).
    Removing sysctrl.o(i.Sysctrl_SetFunc), (28 bytes).
    Removing sysctrl.o(i.Sysctrl_SetHCLKDiv), (40 bytes).
    Removing sysctrl.o(i.Sysctrl_SetPCLKDiv), (40 bytes).
    Removing sysctrl.o(i.Sysctrl_SetPLLFreq), (276 bytes).
    Removing sysctrl.o(i.Sysctrl_SetPLLStableTime), (36 bytes).
    Removing sysctrl.o(i.Sysctrl_SetRCHTrim), (40 bytes).
    Removing sysctrl.o(i.Sysctrl_SetRCLStableTime), (36 bytes).
    Removing sysctrl.o(i.Sysctrl_SetRCLTrim), (40 bytes).
    Removing sysctrl.o(i.Sysctrl_SetRTCAdjustClkFreq), (40 bytes).
    Removing sysctrl.o(i.Sysctrl_SetXTHFreq), (32 bytes).
    Removing sysctrl.o(i.Sysctrl_SetXTHStableTime), (32 bytes).
    Removing sysctrl.o(i.Sysctrl_SetXTLStableTime), (32 bytes).
    Removing sysctrl.o(i.Sysctrl_SysClkSwitch), (44 bytes).
    Removing sysctrl.o(i.Sysctrl_XTHDriverCfg), (28 bytes).
    Removing sysctrl.o(i.Sysctrl_XTLDriverCfg), (52 bytes).
    Removing sysctrl.o(i._SysctrlUnlock), (24 bytes).
    Removing modem.o(.rev16_text), (4 bytes).
    Removing modem.o(.revsh_text), (4 bytes).
    Removing modem.o(i.UART_SendData), (32 bytes).
    Removing modem.o(i.number_sucess), (50 bytes).
    Removing iap.o(.rev16_text), (4 bytes).
    Removing iap.o(.revsh_text), (4 bytes).
    Removing iap.o(.bss), (15 bytes).

163 unused section(s) (total 9173 bytes) removed from the image.

==============================================================================

Image Symbol Table

    Local Symbols

    Symbol Name                              Value     Ov Type        Size  Object(Section)

    RESET                                    0x00000000   Section      192  startup_hc32l17x.o(RESET)
    ../clib/microlib/division.c              0x00000000   Number         0  idiv.o ABSOLUTE
    ../clib/microlib/division.c              0x00000000   Number         0  uidiv.o ABSOLUTE
    ../clib/microlib/init/entry.s            0x00000000   Number         0  entry7a.o ABSOLUTE
    ../clib/microlib/init/entry.s            0x00000000   Number         0  entry10b.o ABSOLUTE
    ../clib/microlib/init/entry.s            0x00000000   Number         0  entry2.o ABSOLUTE
    ../clib/microlib/init/entry.s            0x00000000   Number         0  entry5.o ABSOLUTE
    ../clib/microlib/init/entry.s            0x00000000   Number         0  entry10a.o ABSOLUTE
    ../clib/microlib/init/entry.s            0x00000000   Number         0  entry11a.o ABSOLUTE
    ../clib/microlib/init/entry.s            0x00000000   Number         0  entry.o ABSOLUTE
    ../clib/microlib/init/entry.s            0x00000000   Number         0  entry11b.o ABSOLUTE
    ../clib/microlib/init/entry.s            0x00000000   Number         0  entry9a.o ABSOLUTE
    ../clib/microlib/init/entry.s            0x00000000   Number         0  entry9b.o ABSOLUTE
    ../clib/microlib/init/entry.s            0x00000000   Number         0  entry8b.o ABSOLUTE
    ../clib/microlib/init/entry.s            0x00000000   Number         0  entry8a.o ABSOLUTE
    ../clib/microlib/init/entry.s            0x00000000   Number         0  entry7b.o ABSOLUTE
    ../clib/microlib/string/memcpy.c         0x00000000   Number         0  memcpyb.o ABSOLUTE
    ../clib/microlib/string/memcpy.c         0x00000000   Number         0  memcpya.o ABSOLUTE
    ../clib/microlib/string/memset.c         0x00000000   Number         0  memseta.o ABSOLUTE
    ../clib/microlib/stubs.s                 0x00000000   Number         0  iusefp.o ABSOLUTE
    ../clib/microlib/unhosted.c              0x00000000   Number         0  uread4.o ABSOLUTE
    ../fplib/microlib/fpadd.c                0x00000000   Number         0  fadd.o ABSOLUTE
    ../fplib/microlib/fpdiv.c                0x00000000   Number         0  fdiv.o ABSOLUTE
    ../fplib/microlib/fpepilogue.c           0x00000000   Number         0  fepilogue.o ABSOLUTE
    ../fplib/microlib/fpfix.c                0x00000000   Number         0  ffixui.o ABSOLUTE
    ../fplib/microlib/fpflt.c                0x00000000   Number         0  ffltui.o ABSOLUTE
    ..\..\app\iap.c                          0x00000000   Number         0  iap.o ABSOLUTE
    ..\..\app\modem.c                        0x00000000   Number         0  modem.o ABSOLUTE
    ..\..\driver\src\ddl.c                   0x00000000   Number         0  ddl.o ABSOLUTE
    ..\..\driver\src\flash.c                 0x00000000   Number         0  flash.o ABSOLUTE
    ..\..\driver\src\gpio.c                  0x00000000   Number         0  gpio.o ABSOLUTE
    ..\..\driver\src\lpm.c                   0x00000000   Number         0  lpm.o ABSOLUTE
    ..\..\driver\src\lpuart.c                0x00000000   Number         0  lpuart.o ABSOLUTE
    ..\..\driver\src\sysctrl.c               0x00000000   Number         0  sysctrl.o ABSOLUTE
    ..\..\driver\src\timer3.c                0x00000000   Number         0  timer3.o ABSOLUTE
    ..\..\driver\src\uart.c                  0x00000000   Number         0  uart.o ABSOLUTE
    ..\..\mcu\common\interrupts_hc32l17x.c   0x00000000   Number         0  interrupts_hc32l17x.o ABSOLUTE
    ..\..\mcu\common\system_hc32l17x.c       0x00000000   Number         0  system_hc32l17x.o ABSOLUTE
    ..\\..\\app\\iap.c                       0x00000000   Number         0  iap.o ABSOLUTE
    ..\\..\\app\\modem.c                     0x00000000   Number         0  modem.o ABSOLUTE
    ..\\..\\driver\\src\\ddl.c               0x00000000   Number         0  ddl.o ABSOLUTE
    ..\\..\\driver\\src\\flash.c             0x00000000   Number         0  flash.o ABSOLUTE
    ..\\..\\driver\\src\\gpio.c              0x00000000   Number         0  gpio.o ABSOLUTE
    ..\\..\\driver\\src\\lpm.c               0x00000000   Number         0  lpm.o ABSOLUTE
    ..\\..\\driver\\src\\lpuart.c            0x00000000   Number         0  lpuart.o ABSOLUTE
    ..\\..\\driver\\src\\sysctrl.c           0x00000000   Number         0  sysctrl.o ABSOLUTE
    ..\\..\\driver\\src\\timer3.c            0x00000000   Number         0  timer3.o ABSOLUTE
    ..\\..\\driver\\src\\uart.c              0x00000000   Number         0  uart.o ABSOLUTE
    ..\\..\\mcu\\common\\interrupts_hc32l17x.c 0x00000000   Number         0  interrupts_hc32l17x.o ABSOLUTE
    ..\\..\\mcu\\common\\system_hc32l17x.c   0x00000000   Number         0  system_hc32l17x.o ABSOLUTE
    ..\\source\\main.c                       0x00000000   Number         0  main.o ABSOLUTE
    ..\source\main.c                         0x00000000   Number         0  main.o ABSOLUTE
    dc.s                                     0x00000000   Number         0  dc.o ABSOLUTE
    handlers.s                               0x00000000   Number         0  handlers.o ABSOLUTE
    init.s                                   0x00000000   Number         0  init.o ABSOLUTE
    startup_hc32l17x.s                       0x00000000   Number         0  startup_hc32l17x.o ABSOLUTE
    .ARM.Collect$$$$00000000                 0x000000c0   Section        0  entry.o(.ARM.Collect$$$$00000000)
    .ARM.Collect$$$$00000001                 0x000000c0   Section        4  entry2.o(.ARM.Collect$$$$00000001)
    .ARM.Collect$$$$00000004                 0x000000c4   Section        4  entry5.o(.ARM.Collect$$$$00000004)
    .ARM.Collect$$$$00000008                 0x000000c8   Section        0  entry7b.o(.ARM.Collect$$$$00000008)
    .ARM.Collect$$$$0000000A                 0x000000c8   Section        0  entry8b.o(.ARM.Collect$$$$0000000A)
    .ARM.Collect$$$$0000000B                 0x000000c8   Section        8  entry9a.o(.ARM.Collect$$$$0000000B)
    .ARM.Collect$$$$0000000D                 0x000000d0   Section        0  entry10a.o(.ARM.Collect$$$$0000000D)
    .ARM.Collect$$$$0000000F                 0x000000d0   Section        0  entry11a.o(.ARM.Collect$$$$0000000F)
    .ARM.Collect$$$$00002712                 0x000000d0   Section        4  entry2.o(.ARM.Collect$$$$00002712)
    __lit__00000000                          0x000000d0   Data           4  entry2.o(.ARM.Collect$$$$00002712)
    .text                                    0x000000d4   Section       60  startup_hc32l17x.o(.text)
    .text                                    0x00000110   Section        0  uidiv.o(.text)
    .text                                    0x0000013c   Section        0  idiv.o(.text)
    .text                                    0x00000164   Section        0  memcpya.o(.text)
    .text                                    0x00000188   Section        0  memseta.o(.text)
    .text                                    0x000001ac   Section        0  uread4.o(.text)
    .text                                    0x000001c0   Section        0  fadd.o(.text)
    .text                                    0x00000272   Section        0  fdiv.o(.text)
    .text                                    0x000002ee   Section        0  ffltui.o(.text)
    .text                                    0x000002fc   Section        0  ffixui.o(.text)
    .text                                    0x00000324   Section        0  iusefp.o(.text)
    .text                                    0x00000324   Section        0  fepilogue.o(.text)
    .text                                    0x000003a8   Section       36  init.o(.text)
    i.$Sub$$main                             0x000003cc   Section        0  system_hc32l17x.o(i.$Sub$$main)
    i.ADC_DAC_IRQHandler                     0x000003da   Section        0  interrupts_hc32l17x.o(i.ADC_DAC_IRQHandler)
    i.AT_SS                                  0x000003e8   Section        0  main.o(i.AT_SS)
    i.AT_T                                   0x00000408   Section        0  main.o(i.AT_T)
    i.App_ClkCfg                             0x00000428   Section        0  main.o(i.App_ClkCfg)
    i.App_LEDPortCfg                         0x00000494   Section        0  main.o(i.App_LEDPortCfg)
    i.App_PortInit                           0x000004e6   Section        0  main.o(i.App_PortInit)
    i.App_Timer3Cfg                          0x00000536   Section        0  main.o(i.App_Timer3Cfg)
    i.App_UartCfg                            0x00000590   Section        0  main.o(i.App_UartCfg)
    i.CLKTRIM_IRQHandler                     0x000005fa   Section        0  interrupts_hc32l17x.o(i.CLKTRIM_IRQHandler)
    i.DMAC_IRQHandler                        0x00000602   Section        0  interrupts_hc32l17x.o(i.DMAC_IRQHandler)
    i.DeinitlpUart                           0x0000060a   Section        0  iap.o(i.DeinitlpUart)
    DeinitlpUart                             0x0000060b   Thumb Code    50  iap.o(i.DeinitlpUart)
    i.EnableNvic                             0x0000063c   Section        0  interrupts_hc32l17x.o(i.EnableNvic)
    i.FLASH_RAM_IRQHandler                   0x000006bc   Section        0  interrupts_hc32l17x.o(i.FLASH_RAM_IRQHandler)
    i.FLASH_SectorLockSet                    0x000006c8   Section        0  modem.o(i.FLASH_SectorLockSet)
    i.Flash_Init                             0x00000728   Section        0  flash.o(i.Flash_Init)
    i.Flash_LockAll                          0x0000081c   Section        0  flash.o(i.Flash_LockAll)
    i.Flash_LockSet                          0x00000860   Section        0  flash.o(i.Flash_LockSet)
    i.Flash_OpModeConfig                     0x0000089c   Section        0  flash.o(i.Flash_OpModeConfig)
    i.Flash_SectorErase                      0x000008dc   Section        0  flash.o(i.Flash_SectorErase)
    i.Flash_Write8                           0x00000954   Section        0  flash.o(i.Flash_Write8)
    i.GetBit                                 0x000009f0   Section        0  ddl.o(i.GetBit)
    i.Gpio_Init                              0x000009fc   Section        0  gpio.o(i.Gpio_Init)
    i.Gpio_ReadOutputIO                      0x00000a98   Section        0  gpio.o(i.Gpio_ReadOutputIO)
    i.Gpio_SetAfMode                         0x00000ab0   Section        0  gpio.o(i.Gpio_SetAfMode)
    i.Gpio_WriteOutputIO                     0x00000ac4   Section        0  gpio.o(i.Gpio_WriteOutputIO)
    i.HardFault_Handler                      0x00000ae0   Section        0  interrupts_hc32l17x.o(i.HardFault_Handler)
    i.I2C0_IRQHandler                        0x00000af0   Section        0  interrupts_hc32l17x.o(i.I2C0_IRQHandler)
    i.I2C1_IRQHandler                        0x00000af8   Section        0  interrupts_hc32l17x.o(i.I2C1_IRQHandler)
    i.IAP_Init                               0x00000b00   Section        0  iap.o(i.IAP_Init)
    i.IAP_JumpToApp                          0x00000b08   Section        0  iap.o(i.IAP_JumpToApp)
    IAP_JumpToApp                            0x00000b09   Thumb Code    56  iap.o(i.IAP_JumpToApp)
    i.IAP_JumpToApp_cmd                      0x00000b4c   Section        0  iap.o(i.IAP_JumpToApp_cmd)
    i.IAP_Main                               0x00000b58   Section        0  iap.o(i.IAP_Main)
    i.IAP_ResetConfig                        0x00000ba0   Section        0  iap.o(i.IAP_ResetConfig)
    IAP_ResetConfig                          0x00000ba1   Thumb Code    24  iap.o(i.IAP_ResetConfig)
    i.IAP_UpdateCheck                        0x00000bb8   Section        0  iap.o(i.IAP_UpdateCheck)
    i.LCD_IRQHandler                         0x00000bd4   Section        0  interrupts_hc32l17x.o(i.LCD_IRQHandler)
    i.LPTIM0_1_IRQHandler                    0x00000bdc   Section        0  interrupts_hc32l17x.o(i.LPTIM0_1_IRQHandler)
    i.LPUART0_IRQHandler                     0x00000be8   Section        0  interrupts_hc32l17x.o(i.LPUART0_IRQHandler)
    i.LPUART1_IRQHandler                     0x00000bf0   Section        0  interrupts_hc32l17x.o(i.LPUART1_IRQHandler)
    i.LVD_IRQHandler                         0x00000bf8   Section        0  interrupts_hc32l17x.o(i.LVD_IRQHandler)
    i.LpUart1_IRQHandler                     0x00000c00   Section        0  interrupts_hc32l17x.o(i.LpUart1_IRQHandler)
    i.Modem_Process                          0x00000c04   Section        0  modem.o(i.Modem_Process)
    i.Modem_RamInit                          0x00000d10   Section        0  modem.o(i.Modem_RamInit)
    i.PCA_IRQHandler                         0x00000d58   Section        0  interrupts_hc32l17x.o(i.PCA_IRQHandler)
    i.PCNT_IRQHandler                        0x00000d60   Section        0  interrupts_hc32l17x.o(i.PCNT_IRQHandler)
    i.PORTA_IRQHandler                       0x00000d68   Section        0  interrupts_hc32l17x.o(i.PORTA_IRQHandler)
    i.PORTB_IRQHandler                       0x00000d70   Section        0  interrupts_hc32l17x.o(i.PORTB_IRQHandler)
    i.PORTC_E_IRQHandler                     0x00000d78   Section        0  interrupts_hc32l17x.o(i.PORTC_E_IRQHandler)
    i.PORTD_F_IRQHandler                     0x00000d84   Section        0  interrupts_hc32l17x.o(i.PORTD_F_IRQHandler)
    i.RTC_IRQHandler                         0x00000d90   Section        0  interrupts_hc32l17x.o(i.RTC_IRQHandler)
    i.SPI0_IRQHandler                        0x00000d98   Section        0  interrupts_hc32l17x.o(i.SPI0_IRQHandler)
    i.SPI1_IRQHandler                        0x00000da0   Section        0  interrupts_hc32l17x.o(i.SPI1_IRQHandler)
    i.SetBit                                 0x00000da8   Section        0  ddl.o(i.SetBit)
    i.SysTick_Handler                        0x00000dc6   Section        0  interrupts_hc32l17x.o(i.SysTick_Handler)
    i.Sysctrl_GetHClkFreq                    0x00000dd0   Section        0  sysctrl.o(i.Sysctrl_GetHClkFreq)
    i.Sysctrl_GetPClkFreq                    0x00000f44   Section        0  sysctrl.o(i.Sysctrl_GetPClkFreq)
    i.Sysctrl_SetPeripheralGate              0x00000f64   Section        0  sysctrl.o(i.Sysctrl_SetPeripheralGate)
    i.SystemCoreClockUpdate                  0x00000fb4   Section        0  system_hc32l17x.o(i.SystemCoreClockUpdate)
    i.SystemInit                             0x00000fc4   Section        0  system_hc32l17x.o(i.SystemInit)
    i.TIM0_IRQHandler                        0x00001004   Section        0  interrupts_hc32l17x.o(i.TIM0_IRQHandler)
    i.TIM1_IRQHandler                        0x0000100c   Section        0  interrupts_hc32l17x.o(i.TIM1_IRQHandler)
    i.TIM2_IRQHandler                        0x00001014   Section        0  interrupts_hc32l17x.o(i.TIM2_IRQHandler)
    i.TIM3_IRQHandler                        0x0000101c   Section        0  interrupts_hc32l17x.o(i.TIM3_IRQHandler)
    i.TIM4_IRQHandler                        0x00001024   Section        0  interrupts_hc32l17x.o(i.TIM4_IRQHandler)
    i.TIM5_IRQHandler                        0x0000102c   Section        0  interrupts_hc32l17x.o(i.TIM5_IRQHandler)
    i.TIM6_IRQHandler                        0x00001034   Section        0  interrupts_hc32l17x.o(i.TIM6_IRQHandler)
    i.Tim3_ClearIntFlag                      0x0000103c   Section        0  timer3.o(i.Tim3_ClearIntFlag)
    i.Tim3_GetIntFlag                        0x00001050   Section        0  timer3.o(i.Tim3_GetIntFlag)
    i.Tim3_IRQHandler                        0x00001068   Section        0  main.o(i.Tim3_IRQHandler)
    i.Tim3_M0_ARRSet                         0x0000130c   Section        0  timer3.o(i.Tim3_M0_ARRSet)
    i.Tim3_M0_Cnt16Set                       0x00001328   Section        0  timer3.o(i.Tim3_M0_Cnt16Set)
    i.Tim3_M0_Run                            0x00001344   Section        0  timer3.o(i.Tim3_M0_Run)
    i.Tim3_Mode0_EnableIrq                   0x0000135c   Section        0  timer3.o(i.Tim3_Mode0_EnableIrq)
    i.Tim3_Mode0_Init                        0x00001374   Section        0  timer3.o(i.Tim3_Mode0_Init)
    i.Tim_IRQHandler                         0x00001420   Section        0  modem.o(i.Tim_IRQHandler)
    i.UART0_2_IRQHandler                     0x00001422   Section        0  interrupts_hc32l17x.o(i.UART0_2_IRQHandler)
    i.UART1_3_IRQHandler                     0x0000142e   Section        0  interrupts_hc32l17x.o(i.UART1_3_IRQHandler)
    i.Uart0_IRQHandler                       0x0000143c   Section        0  modem.o(i.Uart0_IRQHandler)
    i.Uart_ClrStatus                         0x000016ec   Section        0  uart.o(i.Uart_ClrStatus)
    i.Uart_DisableIrq                        0x00001702   Section        0  uart.o(i.Uart_DisableIrq)
    i.Uart_EnableFunc                        0x00001716   Section        0  uart.o(i.Uart_EnableFunc)
    i.Uart_EnableIrq                         0x0000172a   Section        0  uart.o(i.Uart_EnableIrq)
    i.Uart_GetStatus                         0x0000173e   Section        0  uart.o(i.Uart_GetStatus)
    i.Uart_Init                              0x00001758   Section        0  uart.o(i.Uart_Init)
    i.Uart_ReceiveData                       0x000017ec   Section        0  uart.o(i.Uart_ReceiveData)
    i.Uart_SendDataIt                        0x000017f4   Section        0  uart.o(i.Uart_SendDataIt)
    i.VC0_IRQHandler                         0x00001806   Section        0  interrupts_hc32l17x.o(i.VC0_IRQHandler)
    i.VC1_2_IRQHandler                       0x0000180e   Section        0  interrupts_hc32l17x.o(i.VC1_2_IRQHandler)
    i.WDT_IRQHandler                         0x0000181a   Section        0  interrupts_hc32l17x.o(i.WDT_IRQHandler)
    i._InitHidePin                           0x00001824   Section        0  system_hc32l17x.o(i._InitHidePin)
    _InitHidePin                             0x00001825   Thumb Code   190  system_hc32l17x.o(i._InitHidePin)
    i.__ARM_common_switch8                   0x00001900   Section        0  timer3.o(i.__ARM_common_switch8)
    i.__NVIC_SetPriority                     0x0000191c   Section        0  interrupts_hc32l17x.o(i.__NVIC_SetPriority)
    __NVIC_SetPriority                       0x0000191d   Thumb Code   110  interrupts_hc32l17x.o(i.__NVIC_SetPriority)
    i.__scatterload_copy                     0x00001994   Section       14  handlers.o(i.__scatterload_copy)
    i.__scatterload_null                     0x000019a2   Section        2  handlers.o(i.__scatterload_null)
    i.__scatterload_zeroinit                 0x000019a4   Section       14  handlers.o(i.__scatterload_zeroinit)
    i.cover                                  0x000019b2   Section        0  modem.o(i.cover)
    i.crc16Algorithm                         0x000019d8   Section        0  modem.o(i.crc16Algorithm)
    crc16Algorithm                           0x000019d9   Thumb Code    62  modem.o(i.crc16Algorithm)
    i.ctrl                                   0x00001a20   Section        0  main.o(i.ctrl)
    i.ddl_memclr                             0x00001a68   Section        0  ddl.o(i.ddl_memclr)
    i.delay1ms                               0x00001a88   Section        0  ddl.o(i.delay1ms)
    i.main                                   0x00001ae0   Section        0  main.o(i.main)
    i.mqtt_mode                              0x00001b48   Section        0  main.o(i.mqtt_mode)
    i.mqtt_send                              0x00001b68   Section        0  main.o(i.mqtt_send)
    i.writeLInt                              0x00001b88   Section        0  modem.o(i.writeLInt)
    .constdata                               0x00001ca4   Section       32  flash.o(.constdata)
    .constdata                               0x00001cc4   Section        8  uart.o(.constdata)
    .constdata                               0x00001ccc   Section       24  sysctrl.o(.constdata)
    .conststring                             0x00001ce4   Section      112  main.o(.conststring)
    .conststring                             0x00001d54   Section       16  modem.o(.conststring)
    .conststring                             0x00001d64   Section       13  iap.o(.conststring)
    .data                                    0x20000000   Section        4  system_hc32l17x.o(.data)
    .data                                    0x20000004   Section       57  main.o(.data)
    count_ms                                 0x20000030   Data           2  main.o(.data)
    .data                                    0x2000003d   Section        1  sysctrl.o(.data)
    bDacPeriBac                              0x2000003d   Data           1  sysctrl.o(.data)
    .data                                    0x20000040   Section       56  modem.o(.data)
    j                                        0x20000060   Data           1  modem.o(.data)
    .data                                    0x20000078   Section       20  iap.o(.data)
    .bss                                     0x2000008c   Section      120  main.o(.bss)
    .bss                                     0x20000104   Section     1126  modem.o(.bss)
    STACK                                    0x20000570   Section      512  startup_hc32l17x.o(STACK)

    Global Symbols

    Symbol Name                              Value     Ov Type        Size  Object(Section)

    BuildAttributes$$THM_ISAv3M$S$PE$A:L22$X:L11$S22$IEEE1$IW$USESV6$~STKCKD$USESV7$~SHL$OTIME$ROPI$EBA8$MICROLIB$REQ8$PRES8$EABIv2 0x00000000   Number         0  anon$$obj.o ABSOLUTE
    __ARM_use_no_argv                        0x00000000   Number         0  main.o ABSOLUTE
    __Vectors                                0x00000000   Data           0  startup_hc32l17x.o(RESET)
    Adc_IRQHandler                            - Undefined Weak Reference
    ClkTrim_IRQHandler                        - Undefined Weak Reference
    Dac_IRQHandler                            - Undefined Weak Reference
    Dmac_IRQHandler                           - Undefined Weak Reference
    Flash_IRQHandler                          - Undefined Weak Reference
    I2c0_IRQHandler                           - Undefined Weak Reference
    I2c1_IRQHandler                           - Undefined Weak Reference
    Lcd_IRQHandler                            - Undefined Weak Reference
    LpTim0_IRQHandler                         - Undefined Weak Reference
    LpTim1_IRQHandler                         - Undefined Weak Reference
    LpUart0_IRQHandler                        - Undefined Weak Reference
    Lvd_IRQHandler                            - Undefined Weak Reference
    Pca_IRQHandler                            - Undefined Weak Reference
    Pcnt_IRQHandler                           - Undefined Weak Reference
    PortA_IRQHandler                          - Undefined Weak Reference
    PortB_IRQHandler                          - Undefined Weak Reference
    PortC_IRQHandler                          - Undefined Weak Reference
    PortD_IRQHandler                          - Undefined Weak Reference
    PortE_IRQHandler                          - Undefined Weak Reference
    PortF_IRQHandler                          - Undefined Weak Reference
    Ram_IRQHandler                            - Undefined Weak Reference
    Rtc_IRQHandler                            - Undefined Weak Reference
    Spi0_IRQHandler                           - Undefined Weak Reference
    Spi1_IRQHandler                           - Undefined Weak Reference
    SysTick_IRQHandler                        - Undefined Weak Reference
    Tim0_IRQHandler                           - Undefined Weak Reference
    Tim1_IRQHandler                           - Undefined Weak Reference
    Tim2_IRQHandler                           - Undefined Weak Reference
    Tim4_IRQHandler                           - Undefined Weak Reference
    Tim5_IRQHandler                           - Undefined Weak Reference
    Tim6_IRQHandler                           - Undefined Weak Reference
    Uart1_IRQHandler                          - Undefined Weak Reference
    Uart2_IRQHandler                          - Undefined Weak Reference
    Uart3_IRQHandler                          - Undefined Weak Reference
    Vc0_IRQHandler                            - Undefined Weak Reference
    Vc1_IRQHandler                            - Undefined Weak Reference
    Vc2_IRQHandler                            - Undefined Weak Reference
    Wdt_IRQHandler                            - Undefined Weak Reference
    __cpp_initialize__aeabi_                  - Undefined Weak Reference
    __cxa_finalize                            - Undefined Weak Reference
    __decompress                              - Undefined Weak Reference
    _clock_init                               - Undefined Weak Reference
    _microlib_exit                            - Undefined Weak Reference
    __Vectors_End                            0x000000c0   Data           0  startup_hc32l17x.o(RESET)
    __Vectors_Size                           0x000000c0   Number         0  startup_hc32l17x.o ABSOLUTE
    __main                                   0x000000c1   Thumb Code     0  entry.o(.ARM.Collect$$$$00000000)
    _main_stk                                0x000000c1   Thumb Code     0  entry2.o(.ARM.Collect$$$$00000001)
    _main_scatterload                        0x000000c5   Thumb Code     0  entry5.o(.ARM.Collect$$$$00000004)
    __main_after_scatterload                 0x000000c9   Thumb Code     0  entry5.o(.ARM.Collect$$$$00000004)
    _main_clock                              0x000000c9   Thumb Code     0  entry7b.o(.ARM.Collect$$$$00000008)
    _main_cpp_init                           0x000000c9   Thumb Code     0  entry8b.o(.ARM.Collect$$$$0000000A)
    _main_init                               0x000000c9   Thumb Code     0  entry9a.o(.ARM.Collect$$$$0000000B)
    __rt_final_cpp                           0x000000d1   Thumb Code     0  entry10a.o(.ARM.Collect$$$$0000000D)
    __rt_final_exit                          0x000000d1   Thumb Code     0  entry11a.o(.ARM.Collect$$$$0000000F)
    Reset_Handler                            0x000000d5   Thumb Code    26  startup_hc32l17x.o(.text)
    NMI_Handler                              0x000000ef   Thumb Code     2  startup_hc32l17x.o(.text)
    SVC_Handler                              0x000000f3   Thumb Code     2  startup_hc32l17x.o(.text)
    PendSV_Handler                           0x000000f5   Thumb Code     2  startup_hc32l17x.o(.text)
    __aeabi_uidiv                            0x00000111   Thumb Code     0  uidiv.o(.text)
    __aeabi_uidivmod                         0x00000111   Thumb Code    44  uidiv.o(.text)
    __aeabi_idiv                             0x0000013d   Thumb Code     0  idiv.o(.text)
    __aeabi_idivmod                          0x0000013d   Thumb Code    40  idiv.o(.text)
    __aeabi_memcpy                           0x00000165   Thumb Code    36  memcpya.o(.text)
    __aeabi_memcpy4                          0x00000165   Thumb Code     0  memcpya.o(.text)
    __aeabi_memcpy8                          0x00000165   Thumb Code     0  memcpya.o(.text)
    __aeabi_memset                           0x00000189   Thumb Code    14  memseta.o(.text)
    __aeabi_memset4                          0x00000189   Thumb Code     0  memseta.o(.text)
    __aeabi_memset8                          0x00000189   Thumb Code     0  memseta.o(.text)
    __aeabi_memclr                           0x00000197   Thumb Code     4  memseta.o(.text)
    __aeabi_memclr4                          0x00000197   Thumb Code     0  memseta.o(.text)
    __aeabi_memclr8                          0x00000197   Thumb Code     0  memseta.o(.text)
    _memset$wrapper                          0x0000019b   Thumb Code    18  memseta.o(.text)
    __aeabi_uread4                           0x000001ad   Thumb Code    20  uread4.o(.text)
    __rt_uread4                              0x000001ad   Thumb Code     0  uread4.o(.text)
    _uread4                                  0x000001ad   Thumb Code     0  uread4.o(.text)
    __aeabi_fadd                             0x000001c1   Thumb Code   162  fadd.o(.text)
    __aeabi_fsub                             0x00000263   Thumb Code     8  fadd.o(.text)
    __aeabi_frsub                            0x0000026b   Thumb Code     8  fadd.o(.text)
    __aeabi_fdiv                             0x00000273   Thumb Code   124  fdiv.o(.text)
    __aeabi_ui2f                             0x000002ef   Thumb Code    14  ffltui.o(.text)
    __aeabi_f2uiz                            0x000002fd   Thumb Code    40  ffixui.o(.text)
    __I$use$fp                               0x00000325   Thumb Code     0  iusefp.o(.text)
    _float_round                             0x00000325   Thumb Code    16  fepilogue.o(.text)
    _float_epilogue                          0x00000335   Thumb Code   114  fepilogue.o(.text)
    __scatterload                            0x000003a9   Thumb Code    28  init.o(.text)
    __scatterload_rt2                        0x000003a9   Thumb Code     0  init.o(.text)
    main                                     0x000003cd   Thumb Code    14  system_hc32l17x.o(i.$Sub$$main)
    ADC_DAC_IRQHandler                       0x000003db   Thumb Code    12  interrupts_hc32l17x.o(i.ADC_DAC_IRQHandler)
    AT_SS                                    0x000003e9   Thumb Code    28  main.o(i.AT_SS)
    AT_T                                     0x00000409   Thumb Code    28  main.o(i.AT_T)
    App_ClkCfg                               0x00000429   Thumb Code    90  main.o(i.App_ClkCfg)
    App_LEDPortCfg                           0x00000495   Thumb Code    82  main.o(i.App_LEDPortCfg)
    App_PortInit                             0x000004e7   Thumb Code    80  main.o(i.App_PortInit)
    App_Timer3Cfg                            0x00000537   Thumb Code    90  main.o(i.App_Timer3Cfg)
    App_UartCfg                              0x00000591   Thumb Code   106  main.o(i.App_UartCfg)
    CLKTRIM_IRQHandler                       0x000005fb   Thumb Code     8  interrupts_hc32l17x.o(i.CLKTRIM_IRQHandler)
    DMAC_IRQHandler                          0x00000603   Thumb Code     8  interrupts_hc32l17x.o(i.DMAC_IRQHandler)
    EnableNvic                               0x0000063d   Thumb Code   120  interrupts_hc32l17x.o(i.EnableNvic)
    FLASH_RAM_IRQHandler                     0x000006bd   Thumb Code    12  interrupts_hc32l17x.o(i.FLASH_RAM_IRQHandler)
    FLASH_SectorLockSet                      0x000006c9   Thumb Code    96  modem.o(i.FLASH_SectorLockSet)
    Flash_Init                               0x00000729   Thumb Code   222  flash.o(i.Flash_Init)
    Flash_LockAll                            0x0000081d   Thumb Code    56  flash.o(i.Flash_LockAll)
    Flash_LockSet                            0x00000861   Thumb Code    46  flash.o(i.Flash_LockSet)
    Flash_OpModeConfig                       0x0000089d   Thumb Code    52  flash.o(i.Flash_OpModeConfig)
    Flash_SectorErase                        0x000008dd   Thumb Code   108  flash.o(i.Flash_SectorErase)
    Flash_Write8                             0x00000955   Thumb Code   144  flash.o(i.Flash_Write8)
    GetBit                                   0x000009f1   Thumb Code    12  ddl.o(i.GetBit)
    Gpio_Init                                0x000009fd   Thumb Code   144  gpio.o(i.Gpio_Init)
    Gpio_ReadOutputIO                        0x00000a99   Thumb Code    18  gpio.o(i.Gpio_ReadOutputIO)
    Gpio_SetAfMode                           0x00000ab1   Thumb Code    16  gpio.o(i.Gpio_SetAfMode)
    Gpio_WriteOutputIO                       0x00000ac5   Thumb Code    24  gpio.o(i.Gpio_WriteOutputIO)
    HardFault_Handler                        0x00000ae1   Thumb Code    16  interrupts_hc32l17x.o(i.HardFault_Handler)
    I2C0_IRQHandler                          0x00000af1   Thumb Code     8  interrupts_hc32l17x.o(i.I2C0_IRQHandler)
    I2C1_IRQHandler                          0x00000af9   Thumb Code     8  interrupts_hc32l17x.o(i.I2C1_IRQHandler)
    IAP_Init                                 0x00000b01   Thumb Code     8  iap.o(i.IAP_Init)
    IAP_JumpToApp_cmd                        0x00000b4d   Thumb Code    12  iap.o(i.IAP_JumpToApp_cmd)
    IAP_Main                                 0x00000b59   Thumb Code    68  iap.o(i.IAP_Main)
    IAP_UpdateCheck                          0x00000bb9   Thumb Code    24  iap.o(i.IAP_UpdateCheck)
    LCD_IRQHandler                           0x00000bd5   Thumb Code     8  interrupts_hc32l17x.o(i.LCD_IRQHandler)
    LPTIM0_1_IRQHandler                      0x00000bdd   Thumb Code    12  interrupts_hc32l17x.o(i.LPTIM0_1_IRQHandler)
    LPUART0_IRQHandler                       0x00000be9   Thumb Code     8  interrupts_hc32l17x.o(i.LPUART0_IRQHandler)
    LPUART1_IRQHandler                       0x00000bf1   Thumb Code     8  interrupts_hc32l17x.o(i.LPUART1_IRQHandler)
    LVD_IRQHandler                           0x00000bf9   Thumb Code     8  interrupts_hc32l17x.o(i.LVD_IRQHandler)
    LpUart1_IRQHandler                       0x00000c01   Thumb Code     4  interrupts_hc32l17x.o(i.LpUart1_IRQHandler)
    Modem_Process                            0x00000c05   Thumb Code   230  modem.o(i.Modem_Process)
    Modem_RamInit                            0x00000d11   Thumb Code    54  modem.o(i.Modem_RamInit)
    PCA_IRQHandler                           0x00000d59   Thumb Code     8  interrupts_hc32l17x.o(i.PCA_IRQHandler)
    PCNT_IRQHandler                          0x00000d61   Thumb Code     8  interrupts_hc32l17x.o(i.PCNT_IRQHandler)
    PORTA_IRQHandler                         0x00000d69   Thumb Code     8  interrupts_hc32l17x.o(i.PORTA_IRQHandler)
    PORTB_IRQHandler                         0x00000d71   Thumb Code     8  interrupts_hc32l17x.o(i.PORTB_IRQHandler)
    PORTC_E_IRQHandler                       0x00000d79   Thumb Code    12  interrupts_hc32l17x.o(i.PORTC_E_IRQHandler)
    PORTD_F_IRQHandler                       0x00000d85   Thumb Code    12  interrupts_hc32l17x.o(i.PORTD_F_IRQHandler)
    RTC_IRQHandler                           0x00000d91   Thumb Code     8  interrupts_hc32l17x.o(i.RTC_IRQHandler)
    SPI0_IRQHandler                          0x00000d99   Thumb Code     8  interrupts_hc32l17x.o(i.SPI0_IRQHandler)
    SPI1_IRQHandler                          0x00000da1   Thumb Code     8  interrupts_hc32l17x.o(i.SPI1_IRQHandler)
    SetBit                                   0x00000da9   Thumb Code    30  ddl.o(i.SetBit)
    SysTick_Handler                          0x00000dc7   Thumb Code     8  interrupts_hc32l17x.o(i.SysTick_Handler)
    Sysctrl_GetHClkFreq                      0x00000dd1   Thumb Code   354  sysctrl.o(i.Sysctrl_GetHClkFreq)
    Sysctrl_GetPClkFreq                      0x00000f45   Thumb Code    28  sysctrl.o(i.Sysctrl_GetPClkFreq)
    Sysctrl_SetPeripheralGate                0x00000f65   Thumb Code    72  sysctrl.o(i.Sysctrl_SetPeripheralGate)
    SystemCoreClockUpdate                    0x00000fb5   Thumb Code    12  system_hc32l17x.o(i.SystemCoreClockUpdate)
    SystemInit                               0x00000fc5   Thumb Code    56  system_hc32l17x.o(i.SystemInit)
    TIM0_IRQHandler                          0x00001005   Thumb Code     8  interrupts_hc32l17x.o(i.TIM0_IRQHandler)
    TIM1_IRQHandler                          0x0000100d   Thumb Code     8  interrupts_hc32l17x.o(i.TIM1_IRQHandler)
    TIM2_IRQHandler                          0x00001015   Thumb Code     8  interrupts_hc32l17x.o(i.TIM2_IRQHandler)
    TIM3_IRQHandler                          0x0000101d   Thumb Code     8  interrupts_hc32l17x.o(i.TIM3_IRQHandler)
    TIM4_IRQHandler                          0x00001025   Thumb Code     8  interrupts_hc32l17x.o(i.TIM4_IRQHandler)
    TIM5_IRQHandler                          0x0000102d   Thumb Code     8  interrupts_hc32l17x.o(i.TIM5_IRQHandler)
    TIM6_IRQHandler                          0x00001035   Thumb Code     8  interrupts_hc32l17x.o(i.TIM6_IRQHandler)
    Tim3_ClearIntFlag                        0x0000103d   Thumb Code    16  timer3.o(i.Tim3_ClearIntFlag)
    Tim3_GetIntFlag                          0x00001051   Thumb Code    18  timer3.o(i.Tim3_GetIntFlag)
    Tim3_IRQHandler                          0x00001069   Thumb Code   596  main.o(i.Tim3_IRQHandler)
    Tim3_M0_ARRSet                           0x0000130d   Thumb Code    22  timer3.o(i.Tim3_M0_ARRSet)
    Tim3_M0_Cnt16Set                         0x00001329   Thumb Code    22  timer3.o(i.Tim3_M0_Cnt16Set)
    Tim3_M0_Run                              0x00001345   Thumb Code    18  timer3.o(i.Tim3_M0_Run)
    Tim3_Mode0_EnableIrq                     0x0000135d   Thumb Code    20  timer3.o(i.Tim3_Mode0_EnableIrq)
    Tim3_Mode0_Init                          0x00001375   Thumb Code   168  timer3.o(i.Tim3_Mode0_Init)
    Tim_IRQHandler                           0x00001421   Thumb Code     2  modem.o(i.Tim_IRQHandler)
    UART0_2_IRQHandler                       0x00001423   Thumb Code    12  interrupts_hc32l17x.o(i.UART0_2_IRQHandler)
    UART1_3_IRQHandler                       0x0000142f   Thumb Code    12  interrupts_hc32l17x.o(i.UART1_3_IRQHandler)
    Uart0_IRQHandler                         0x0000143d   Thumb Code   604  modem.o(i.Uart0_IRQHandler)
    Uart_ClrStatus                           0x000016ed   Thumb Code    22  uart.o(i.Uart_ClrStatus)
    Uart_DisableIrq                          0x00001703   Thumb Code    20  uart.o(i.Uart_DisableIrq)
    Uart_EnableFunc                          0x00001717   Thumb Code    20  uart.o(i.Uart_EnableFunc)
    Uart_EnableIrq                           0x0000172b   Thumb Code    20  uart.o(i.Uart_EnableIrq)
    Uart_GetStatus                           0x0000173f   Thumb Code    24  uart.o(i.Uart_GetStatus)
    Uart_Init                                0x00001759   Thumb Code   144  uart.o(i.Uart_Init)
    Uart_ReceiveData                         0x000017ed   Thumb Code     8  uart.o(i.Uart_ReceiveData)
    Uart_SendDataIt                          0x000017f5   Thumb Code    18  uart.o(i.Uart_SendDataIt)
    VC0_IRQHandler                           0x00001807   Thumb Code     8  interrupts_hc32l17x.o(i.VC0_IRQHandler)
    VC1_2_IRQHandler                         0x0000180f   Thumb Code    12  interrupts_hc32l17x.o(i.VC1_2_IRQHandler)
    WDT_IRQHandler                           0x0000181b   Thumb Code     8  interrupts_hc32l17x.o(i.WDT_IRQHandler)
    __ARM_common_switch8                     0x00001901   Thumb Code    28  timer3.o(i.__ARM_common_switch8)
    __scatterload_copy                       0x00001995   Thumb Code    14  handlers.o(i.__scatterload_copy)
    __scatterload_null                       0x000019a3   Thumb Code     2  handlers.o(i.__scatterload_null)
    __scatterload_zeroinit                   0x000019a5   Thumb Code    14  handlers.o(i.__scatterload_zeroinit)
    cover                                    0x000019b3   Thumb Code    38  modem.o(i.cover)
    ctrl                                     0x00001a21   Thumb Code    64  main.o(i.ctrl)
    ddl_memclr                               0x00001a69   Thumb Code    32  ddl.o(i.ddl_memclr)
    delay1ms                                 0x00001a89   Thumb Code    76  ddl.o(i.delay1ms)
    $Super$$main                             0x00001ae1   Thumb Code    88  main.o(i.main)
    mqtt_mode                                0x00001b49   Thumb Code    28  main.o(i.mqtt_mode)
    mqtt_send                                0x00001b69   Thumb Code    28  main.o(i.mqtt_send)
    writeLInt                                0x00001b89   Thumb Code   280  modem.o(i.writeLInt)
    pu32PcgTimer4M                           0x00001ca4   Data          32  flash.o(.constdata)
    Region$$Table$$Base                      0x00001d74   Number         0  anon$$obj.o(Region$$Table)
    Region$$Table$$Limit                     0x00001d94   Number         0  anon$$obj.o(Region$$Table)
    SystemCoreClock                          0x20000000   Data           4  system_hc32l17x.o(.data)
    u8TxData                                 0x20000004   Data           2  main.o(.data)
    u8RxDataBufferLenth                      0x20000006   Data           1  main.o(.data)
    u8RxData                                 0x20000007   Data           1  main.o(.data)
    u32DataPvar                              0x20000008   Data           4  main.o(.data)
    Infrared1                                0x2000000c   Data           4  main.o(.data)
    TX_count                                 0x20000010   Data           1  main.o(.data)
    TX_max                                   0x20000011   Data           1  main.o(.data)
    post1                                    0x20000014   Data           4  main.o(.data)
    ATcmd                                    0x20000018   Data           4  main.o(.data)
    MQTT_mode_cmd                            0x2000001c   Data           4  main.o(.data)
    MQTT_reback_cmd                          0x20000020   Data           4  main.o(.data)
    AT_S                                     0x20000024   Data           4  main.o(.data)
    post_num                                 0x20000028   Data           1  main.o(.data)
    post2                                    0x2000002c   Data           4  main.o(.data)
    systime5s_flag                           0x20000032   Data           1  main.o(.data)
    delay5s_F                                0x20000033   Data           1  main.o(.data)
    receive_F                                0x20000034   Data           1  main.o(.data)
    before_F                                 0x20000035   Data           1  main.o(.data)
    before_T                                 0x20000036   Data           2  main.o(.data)
    led_trg                                  0x20000038   Data           1  main.o(.data)
    send_num_F                               0x20000039   Data           1  main.o(.data)
    send_num_T                               0x2000003a   Data           2  main.o(.data)
    send_num_Flag                            0x2000003c   Data           1  main.o(.data)
    recvData                                 0x20000040   Data           1  modem.o(.data)
    recvData1                                0x20000041   Data           1  modem.o(.data)
    recvData_F                               0x20000042   Data           1  modem.o(.data)
    u32FrameDataIndex                        0x20000044   Data           4  modem.o(.data)
    u32FrameSize                             0x20000048   Data           4  modem.o(.data)
    u16Crc16                                 0x2000004c   Data           2  modem.o(.data)
    ok_str                                   0x20000050   Data           4  modem.o(.data)
    u32FrameRecvOverTime                     0x20000054   Data           4  modem.o(.data)
    enFrameRecvStatus                        0x20000058   Data           1  modem.o(.data)
    u8AckUpgPackets                          0x20000059   Data           4  modem.o(.data)
    ii                                       0x2000005e   Data           2  modem.o(.data)
    arr                                      0x20000061   Data           3  modem.o(.data)
    size_F                                   0x20000064   Data           1  modem.o(.data)
    pack_F                                   0x20000065   Data           1  modem.o(.data)
    head_f                                   0x20000066   Data           1  modem.o(.data)
    size                                     0x20000068   Data           4  modem.o(.data)
    packnum                                  0x2000006c   Data           4  modem.o(.data)
    u32ReceiveTotalDataBytes                 0x20000070   Data           4  modem.o(.data)
    u32FlashAddress                          0x20000074   Data           4  modem.o(.data)
    uping                                    0x20000078   Data           4  iap.o(.data)
    Infrared11                               0x2000007c   Data           4  iap.o(.data)
    g_u32UpgradePacketsSize                  0x20000080   Data           4  iap.o(.data)
    JumpAddress                              0x20000084   Data           4  iap.o(.data)
    JumpToApplication                        0x20000088   Data           4  iap.o(.data)
    u8RxDataBuffer                           0x2000008c   Data          20  main.o(.bss)
    bootstr                                  0x200000a0   Data         100  main.o(.bss)
    u8FrameData                              0x20000104   Data         524  modem.o(.bss)
    u8TxBuffer                               0x20000310   Data          32  modem.o(.bss)
    size_Data                                0x20000330   Data          20  modem.o(.bss)
    pack_num_Data                            0x20000344   Data          20  modem.o(.bss)
    data                                     0x20000358   Data         530  modem.o(.bss)
    __initial_sp                             0x20000770   Data           0  startup_hc32l17x.o(STACK)



==============================================================================

Memory Map of the image

  Image Entry point : 0x000000c1

  Load Region LR_IROM1 (Base: 0x00000000, Size: 0x00001e20, Max: 0x00002000, ABSOLUTE)

    Execution Region ER_IROM1 (Exec base: 0x00000000, Load base: 0x00000000, Size: 0x00001d94, Max: 0x00002000, ABSOLUTE)

    Exec Addr    Load Addr    Size         Type   Attr      Idx    E Section Name        Object

    0x00000000   0x00000000   0x000000c0   Data   RO            3    RESET               startup_hc32l17x.o
    0x000000c0   0x000000c0   0x00000000   Code   RO         1703  * .ARM.Collect$$$$00000000  mc_p.l(entry.o)
    0x000000c0   0x000000c0   0x00000004   Code   RO         1726    .ARM.Collect$$$$00000001  mc_p.l(entry2.o)
    0x000000c4   0x000000c4   0x00000004   Code   RO         1729    .ARM.Collect$$$$00000004  mc_p.l(entry5.o)
    0x000000c8   0x000000c8   0x00000000   Code   RO         1731    .ARM.Collect$$$$00000008  mc_p.l(entry7b.o)
    0x000000c8   0x000000c8   0x00000000   Code   RO         1733    .ARM.Collect$$$$0000000A  mc_p.l(entry8b.o)
    0x000000c8   0x000000c8   0x00000008   Code   RO         1734    .ARM.Collect$$$$0000000B  mc_p.l(entry9a.o)
    0x000000d0   0x000000d0   0x00000000   Code   RO         1736    .ARM.Collect$$$$0000000D  mc_p.l(entry10a.o)
    0x000000d0   0x000000d0   0x00000000   Code   RO         1738    .ARM.Collect$$$$0000000F  mc_p.l(entry11a.o)
    0x000000d0   0x000000d0   0x00000004   Code   RO         1727    .ARM.Collect$$$$00002712  mc_p.l(entry2.o)
    0x000000d4   0x000000d4   0x0000003c   Code   RO            4    .text               startup_hc32l17x.o
    0x00000110   0x00000110   0x0000002c   Code   RO         1706    .text               mc_p.l(uidiv.o)
    0x0000013c   0x0000013c   0x00000028   Code   RO         1708    .text               mc_p.l(idiv.o)
    0x00000164   0x00000164   0x00000024   Code   RO         1710    .text               mc_p.l(memcpya.o)
    0x00000188   0x00000188   0x00000024   Code   RO         1712    .text               mc_p.l(memseta.o)
    0x000001ac   0x000001ac   0x00000014   Code   RO         1716    .text               mc_p.l(uread4.o)
    0x000001c0   0x000001c0   0x000000b2   Code   RO         1718    .text               mf_p.l(fadd.o)
    0x00000272   0x00000272   0x0000007c   Code   RO         1720    .text               mf_p.l(fdiv.o)
    0x000002ee   0x000002ee   0x0000000e   Code   RO         1722    .text               mf_p.l(ffltui.o)
    0x000002fc   0x000002fc   0x00000028   Code   RO         1724    .text               mf_p.l(ffixui.o)
    0x00000324   0x00000324   0x00000000   Code   RO         1740    .text               mc_p.l(iusefp.o)
    0x00000324   0x00000324   0x00000082   Code   RO         1741    .text               mf_p.l(fepilogue.o)
    0x000003a6   0x000003a6   0x00000002   PAD
    0x000003a8   0x000003a8   0x00000024   Code   RO         1743    .text               mc_p.l(init.o)
    0x000003cc   0x000003cc   0x0000000e   Code   RO          298    i.$Sub$$main        system_hc32l17x.o
    0x000003da   0x000003da   0x0000000c   Code   RO           12    i.ADC_DAC_IRQHandler  interrupts_hc32l17x.o
    0x000003e6   0x000003e6   0x00000002   PAD
    0x000003e8   0x000003e8   0x00000020   Code   RO          344    i.AT_SS             main.o
    0x00000408   0x00000408   0x00000020   Code   RO          345    i.AT_T              main.o
    0x00000428   0x00000428   0x0000006c   Code   RO          346    i.App_ClkCfg        main.o
    0x00000494   0x00000494   0x00000052   Code   RO          347    i.App_LEDPortCfg    main.o
    0x000004e6   0x000004e6   0x00000050   Code   RO          348    i.App_PortInit      main.o
    0x00000536   0x00000536   0x0000005a   Code   RO          349    i.App_Timer3Cfg     main.o
    0x00000590   0x00000590   0x0000006a   Code   RO          350    i.App_UartCfg       main.o
    0x000005fa   0x000005fa   0x00000008   Code   RO           13    i.CLKTRIM_IRQHandler  interrupts_hc32l17x.o
    0x00000602   0x00000602   0x00000008   Code   RO           14    i.DMAC_IRQHandler   interrupts_hc32l17x.o
    0x0000060a   0x0000060a   0x00000032   Code   RO         1643    i.DeinitlpUart      iap.o
    0x0000063c   0x0000063c   0x00000080   Code   RO           15    i.EnableNvic        interrupts_hc32l17x.o
    0x000006bc   0x000006bc   0x0000000c   Code   RO           16    i.FLASH_RAM_IRQHandler  interrupts_hc32l17x.o
    0x000006c8   0x000006c8   0x00000060   Code   RO         1564    i.FLASH_SectorLockSet  modem.o
    0x00000728   0x00000728   0x000000f4   Code   RO          519    i.Flash_Init        flash.o
    0x0000081c   0x0000081c   0x00000044   Code   RO          520    i.Flash_LockAll     flash.o
    0x00000860   0x00000860   0x0000003c   Code   RO          521    i.Flash_LockSet     flash.o
    0x0000089c   0x0000089c   0x00000040   Code   RO          522    i.Flash_OpModeConfig  flash.o
    0x000008dc   0x000008dc   0x00000078   Code   RO          523    i.Flash_SectorErase  flash.o
    0x00000954   0x00000954   0x0000009c   Code   RO          528    i.Flash_Write8      flash.o
    0x000009f0   0x000009f0   0x0000000c   Code   RO          459    i.GetBit            ddl.o
    0x000009fc   0x000009fc   0x0000009c   Code   RO          624    i.Gpio_Init         gpio.o
    0x00000a98   0x00000a98   0x00000018   Code   RO          625    i.Gpio_ReadOutputIO  gpio.o
    0x00000ab0   0x00000ab0   0x00000014   Code   RO          626    i.Gpio_SetAfMode    gpio.o
    0x00000ac4   0x00000ac4   0x0000001c   Code   RO          642    i.Gpio_WriteOutputIO  gpio.o
    0x00000ae0   0x00000ae0   0x00000010   Code   RO           17    i.HardFault_Handler  interrupts_hc32l17x.o
    0x00000af0   0x00000af0   0x00000008   Code   RO           18    i.I2C0_IRQHandler   interrupts_hc32l17x.o
    0x00000af8   0x00000af8   0x00000008   Code   RO           19    i.I2C1_IRQHandler   interrupts_hc32l17x.o
    0x00000b00   0x00000b00   0x00000008   Code   RO         1644    i.IAP_Init          iap.o
    0x00000b08   0x00000b08   0x00000044   Code   RO         1645    i.IAP_JumpToApp     iap.o
    0x00000b4c   0x00000b4c   0x0000000c   Code   RO         1646    i.IAP_JumpToApp_cmd  iap.o
    0x00000b58   0x00000b58   0x00000048   Code   RO         1647    i.IAP_Main          iap.o
    0x00000ba0   0x00000ba0   0x00000018   Code   RO         1648    i.IAP_ResetConfig   iap.o
    0x00000bb8   0x00000bb8   0x0000001c   Code   RO         1649    i.IAP_UpdateCheck   iap.o
    0x00000bd4   0x00000bd4   0x00000008   Code   RO           20    i.LCD_IRQHandler    interrupts_hc32l17x.o
    0x00000bdc   0x00000bdc   0x0000000c   Code   RO           21    i.LPTIM0_1_IRQHandler  interrupts_hc32l17x.o
    0x00000be8   0x00000be8   0x00000008   Code   RO           22    i.LPUART0_IRQHandler  interrupts_hc32l17x.o
    0x00000bf0   0x00000bf0   0x00000008   Code   RO           23    i.LPUART1_IRQHandler  interrupts_hc32l17x.o
    0x00000bf8   0x00000bf8   0x00000008   Code   RO           24    i.LVD_IRQHandler    interrupts_hc32l17x.o
    0x00000c00   0x00000c00   0x00000004   Code   RO           25    i.LpUart1_IRQHandler  interrupts_hc32l17x.o
    0x00000c04   0x00000c04   0x0000010c   Code   RO         1565    i.Modem_Process     modem.o
    0x00000d10   0x00000d10   0x00000048   Code   RO         1566    i.Modem_RamInit     modem.o
    0x00000d58   0x00000d58   0x00000008   Code   RO           26    i.PCA_IRQHandler    interrupts_hc32l17x.o
    0x00000d60   0x00000d60   0x00000008   Code   RO           27    i.PCNT_IRQHandler   interrupts_hc32l17x.o
    0x00000d68   0x00000d68   0x00000008   Code   RO           28    i.PORTA_IRQHandler  interrupts_hc32l17x.o
    0x00000d70   0x00000d70   0x00000008   Code   RO           29    i.PORTB_IRQHandler  interrupts_hc32l17x.o
    0x00000d78   0x00000d78   0x0000000c   Code   RO           30    i.PORTC_E_IRQHandler  interrupts_hc32l17x.o
    0x00000d84   0x00000d84   0x0000000c   Code   RO           31    i.PORTD_F_IRQHandler  interrupts_hc32l17x.o
    0x00000d90   0x00000d90   0x00000008   Code   RO           32    i.RTC_IRQHandler    interrupts_hc32l17x.o
    0x00000d98   0x00000d98   0x00000008   Code   RO           33    i.SPI0_IRQHandler   interrupts_hc32l17x.o
    0x00000da0   0x00000da0   0x00000008   Code   RO           34    i.SPI1_IRQHandler   interrupts_hc32l17x.o
    0x00000da8   0x00000da8   0x0000001e   Code   RO          461    i.SetBit            ddl.o
    0x00000dc6   0x00000dc6   0x00000008   Code   RO           35    i.SysTick_Handler   interrupts_hc32l17x.o
    0x00000dce   0x00000dce   0x00000002   PAD
    0x00000dd0   0x00000dd0   0x00000174   Code   RO         1413    i.Sysctrl_GetHClkFreq  sysctrl.o
    0x00000f44   0x00000f44   0x00000020   Code   RO         1414    i.Sysctrl_GetPClkFreq  sysctrl.o
    0x00000f64   0x00000f64   0x00000050   Code   RO         1421    i.Sysctrl_SetPeripheralGate  sysctrl.o
    0x00000fb4   0x00000fb4   0x00000010   Code   RO          299    i.SystemCoreClockUpdate  system_hc32l17x.o
    0x00000fc4   0x00000fc4   0x00000040   Code   RO          300    i.SystemInit        system_hc32l17x.o
    0x00001004   0x00001004   0x00000008   Code   RO           36    i.TIM0_IRQHandler   interrupts_hc32l17x.o
    0x0000100c   0x0000100c   0x00000008   Code   RO           37    i.TIM1_IRQHandler   interrupts_hc32l17x.o
    0x00001014   0x00001014   0x00000008   Code   RO           38    i.TIM2_IRQHandler   interrupts_hc32l17x.o
    0x0000101c   0x0000101c   0x00000008   Code   RO           39    i.TIM3_IRQHandler   interrupts_hc32l17x.o
    0x00001024   0x00001024   0x00000008   Code   RO           40    i.TIM4_IRQHandler   interrupts_hc32l17x.o
    0x0000102c   0x0000102c   0x00000008   Code   RO           41    i.TIM5_IRQHandler   interrupts_hc32l17x.o
    0x00001034   0x00001034   0x00000008   Code   RO           42    i.TIM6_IRQHandler   interrupts_hc32l17x.o
    0x0000103c   0x0000103c   0x00000014   Code   RO         1083    i.Tim3_ClearIntFlag  timer3.o
    0x00001050   0x00001050   0x00000018   Code   RO         1084    i.Tim3_GetIntFlag   timer3.o
    0x00001068   0x00001068   0x000002a4   Code   RO          351    i.Tim3_IRQHandler   main.o
    0x0000130c   0x0000130c   0x0000001c   Code   RO         1085    i.Tim3_M0_ARRSet    timer3.o
    0x00001328   0x00001328   0x0000001c   Code   RO         1087    i.Tim3_M0_Cnt16Set  timer3.o
    0x00001344   0x00001344   0x00000018   Code   RO         1092    i.Tim3_M0_Run       timer3.o
    0x0000135c   0x0000135c   0x00000018   Code   RO         1126    i.Tim3_Mode0_EnableIrq  timer3.o
    0x00001374   0x00001374   0x000000ac   Code   RO         1127    i.Tim3_Mode0_Init   timer3.o
    0x00001420   0x00001420   0x00000002   Code   RO         1567    i.Tim_IRQHandler    modem.o
    0x00001422   0x00001422   0x0000000c   Code   RO           43    i.UART0_2_IRQHandler  interrupts_hc32l17x.o
    0x0000142e   0x0000142e   0x0000000c   Code   RO           44    i.UART1_3_IRQHandler  interrupts_hc32l17x.o
    0x0000143a   0x0000143a   0x00000002   PAD
    0x0000143c   0x0000143c   0x000002b0   Code   RO         1569    i.Uart0_IRQHandler  modem.o
    0x000016ec   0x000016ec   0x00000016   Code   RO          954    i.Uart_ClrStatus    uart.o
    0x00001702   0x00001702   0x00000014   Code   RO          956    i.Uart_DisableIrq   uart.o
    0x00001716   0x00001716   0x00000014   Code   RO          957    i.Uart_EnableFunc   uart.o
    0x0000172a   0x0000172a   0x00000014   Code   RO          958    i.Uart_EnableIrq    uart.o
    0x0000173e   0x0000173e   0x00000018   Code   RO          961    i.Uart_GetStatus    uart.o
    0x00001756   0x00001756   0x00000002   PAD
    0x00001758   0x00001758   0x00000094   Code   RO          964    i.Uart_Init         uart.o
    0x000017ec   0x000017ec   0x00000008   Code   RO          965    i.Uart_ReceiveData  uart.o
    0x000017f4   0x000017f4   0x00000012   Code   RO          966    i.Uart_SendDataIt   uart.o
    0x00001806   0x00001806   0x00000008   Code   RO           45    i.VC0_IRQHandler    interrupts_hc32l17x.o
    0x0000180e   0x0000180e   0x0000000c   Code   RO           46    i.VC1_2_IRQHandler  interrupts_hc32l17x.o
    0x0000181a   0x0000181a   0x00000008   Code   RO           47    i.WDT_IRQHandler    interrupts_hc32l17x.o
    0x00001822   0x00001822   0x00000002   PAD
    0x00001824   0x00001824   0x000000dc   Code   RO          301    i._InitHidePin      system_hc32l17x.o
    0x00001900   0x00001900   0x0000001c   Code   RO         1403    i.__ARM_common_switch8  timer3.o
    0x0000191c   0x0000191c   0x00000078   Code   RO           48    i.__NVIC_SetPriority  interrupts_hc32l17x.o
    0x00001994   0x00001994   0x0000000e   Code   RO         1747    i.__scatterload_copy  mc_p.l(handlers.o)
    0x000019a2   0x000019a2   0x00000002   Code   RO         1748    i.__scatterload_null  mc_p.l(handlers.o)
    0x000019a4   0x000019a4   0x0000000e   Code   RO         1749    i.__scatterload_zeroinit  mc_p.l(handlers.o)
    0x000019b2   0x000019b2   0x00000026   Code   RO         1570    i.cover             modem.o
    0x000019d8   0x000019d8   0x00000048   Code   RO         1571    i.crc16Algorithm    modem.o
    0x00001a20   0x00001a20   0x00000048   Code   RO          352    i.ctrl              main.o
    0x00001a68   0x00001a68   0x00000020   Code   RO          462    i.ddl_memclr        ddl.o
    0x00001a88   0x00001a88   0x00000058   Code   RO          465    i.delay1ms          ddl.o
    0x00001ae0   0x00001ae0   0x00000068   Code   RO          353    i.main              main.o
    0x00001b48   0x00001b48   0x00000020   Code   RO          354    i.mqtt_mode         main.o
    0x00001b68   0x00001b68   0x00000020   Code   RO          355    i.mqtt_send         main.o
    0x00001b88   0x00001b88   0x0000011c   Code   RO         1573    i.writeLInt         modem.o
    0x00001ca4   0x00001ca4   0x00000020   Data   RO          529    .constdata          flash.o
    0x00001cc4   0x00001cc4   0x00000008   Data   RO          972    .constdata          uart.o
    0x00001ccc   0x00001ccc   0x00000018   Data   RO         1433    .constdata          sysctrl.o
    0x00001ce4   0x00001ce4   0x00000070   Data   RO          357    .conststring        main.o
    0x00001d54   0x00001d54   0x00000010   Data   RO         1575    .conststring        modem.o
    0x00001d64   0x00001d64   0x0000000d   Data   RO         1651    .conststring        iap.o
    0x00001d71   0x00001d71   0x00000003   PAD
    0x00001d74   0x00001d74   0x00000020   Data   RO         1745    Region$$Table       anon$$obj.o


    Execution Region RW_IRAM1 (Exec base: 0x20000000, Load base: 0x00001d94, Size: 0x00000770, Max: 0x00004000, ABSOLUTE)

    Exec Addr    Load Addr    Size         Type   Attr      Idx    E Section Name        Object

    0x20000000   0x00001d94   0x00000004   Data   RW          302    .data               system_hc32l17x.o
    0x20000004   0x00001d98   0x00000039   Data   RW          358    .data               main.o
    0x2000003d   0x00001dd1   0x00000001   Data   RW         1434    .data               sysctrl.o
    0x2000003e   0x00001dd2   0x00000002   PAD
    0x20000040   0x00001dd4   0x00000038   Data   RW         1576    .data               modem.o
    0x20000078   0x00001e0c   0x00000014   Data   RW         1652    .data               iap.o
    0x2000008c        -       0x00000078   Zero   RW          356    .bss                main.o
    0x20000104        -       0x00000466   Zero   RW         1574    .bss                modem.o
    0x2000056a   0x00001e20   0x00000006   PAD
    0x20000570        -       0x00000200   Zero   RW            1    STACK               startup_hc32l17x.o


==============================================================================

Image component sizes


      Code (inc. data)   RO Data    RW Data    ZI Data      Debug   Object Name

       162         12          0          0          0       2522   ddl.o
       712         84         32          0          0       5186   flash.o
       228         26          0          0          0       2770   gpio.o
       262         20         13         20          0       6206   iap.o
       564         18          0          0          0     173170   interrupts_hc32l17x.o
      1446        138        112         57        120      55554   main.o
      1520        154         16         56       1126       6922   modem.o
        60         22        192          0        512        640   startup_hc32l17x.o
       484         38         24          1          0       3384   sysctrl.o
       314         42          0          4          0       2208   system_hc32l17x.o
       348         36          0          0          0       4137   timer3.o
       280          4          8          0          0       5084   uart.o

    ----------------------------------------------------------------------
      6390        594        432        140       1764     267783   Object Totals
         0          0         32          0          0          0   (incl. Generated)
        10          0          3          2          6          0   (incl. Padding)

    ----------------------------------------------------------------------

      Code (inc. data)   RO Data    RW Data    ZI Data      Debug   Library Member Name

         0          0          0          0          0          0   entry.o
         0          0          0          0          0          0   entry10a.o
         0          0          0          0          0          0   entry11a.o
         8          4          0          0          0          0   entry2.o
         4          0          0          0          0          0   entry5.o
         0          0          0          0          0          0   entry7b.o
         0          0          0          0          0          0   entry8b.o
         8          4          0          0          0          0   entry9a.o
        30          0          0          0          0          0   handlers.o
        40          0          0          0          0         72   idiv.o
        36          8          0          0          0         68   init.o
         0          0          0          0          0          0   iusefp.o
        36          0          0          0          0         60   memcpya.o
        36          0          0          0          0        100   memseta.o
        44          0          0          0          0         72   uidiv.o
        20          0          0          0          0         60   uread4.o
       178          0          0          0          0        108   fadd.o
       124          0          0          0          0         72   fdiv.o
       130          0          0          0          0        144   fepilogue.o
        40          0          0          0          0         60   ffixui.o
        14          0          0          0          0         68   ffltui.o

    ----------------------------------------------------------------------
       750         16          0          0          0        884   Library Totals
         2          0          0          0          0          0   (incl. Padding)

    ----------------------------------------------------------------------

      Code (inc. data)   RO Data    RW Data    ZI Data      Debug   Library Name

       262         16          0          0          0        432   mc_p.l
       486          0          0          0          0        452   mf_p.l

    ----------------------------------------------------------------------
       750         16          0          0          0        884   Library Totals

    ----------------------------------------------------------------------

==============================================================================


      Code (inc. data)   RO Data    RW Data    ZI Data      Debug   

      7140        610        432        140       1764     264243   Grand Totals
      7140        610        432        140       1764     264243   ELF Image Totals
      7140        610        432        140          0          0   ROM Totals

==============================================================================

    Total RO  Size (Code + RO Data)                 7572 (   7.39kB)
    Total RW  Size (RW Data + ZI Data)              1904 (   1.86kB)
    Total ROM Size (Code + RO Data + RW Data)       7712 (   7.53kB)

==============================================================================

